[
    {
        "title": "Samsung RB 30J3215SA/EF",
        "price": "9 990,-",
        "description": "Lednice SAMSUNG RB 30J3215SA/EF Chladnička kombinovaná s mrazákem dole, A++, 213/98 litrů, True No Frost, Multi Flow, Typ chlazení All Around Cooling"
    },
    {
        "price": "17 990,-",
        "title": "Skladem >5 ksK odeslání Zítra",
        "description": "CONCEPT LA7383SS Volně stojící kombinovaná chladnička s mrazničkou,tmavý nerez",
        "discount": "Sleva -23 %"
    },
    {
        "title": "Samsung RB 33J3315SA stříbrná",
        "price": "15 346,-",
        "description": "Lednice SAMSUNG RB 33J3315SA Chladnička kombinovaná s mrazákem dole,stříbrná,A++,328/98 litrů,NoFrost ,Multi Flow,Police na víno,Horní LED,Funkce rychlé mrazení,Nádobka na led,displej",
        "discount": "Sleva -28 %"
    },
    {
        "title": "LG GMX844MCKV",
        "price": "37 990,-",
        "description": "LG GMX844MCKV Americká chladnička, A+  (v rozsahu A+++ až D), 280/143 litrů | InstaView Door-in-Door™ | LG Lineární kompresor | Total no frost™ | Smart Diagnosis + WiFi"
    },
    {
        "title": "LG GSL760PZUZ",
        "price": "37 990,-",
        "description": "LG GSL760PZUZ Americká chladnička, A++,405/196 litrů, Hrubý objem 668l, LED displej na dveřích,Total No Frost, LG lineární kompresor, Nature FRESH chlazení",
        "discount": "Sleva -34 %"
    },
    {
        "title": "Samsung RB30J3215WW",
        "price": "9 490,-",
        "description": "Lednice SAMSUNG RB30J3215WW Chladnička kombinovaná s mrazákem dole, A++, 213/98 litrů, True No Frost, Multi Flow, Typ chlazení All Around Cooling"
    },
    {
        "title": "Beko RCSA300K30WN",
        "price": "6 290,-",
        "description": "BEKO RCSA300K30WN Kombinovaná MinFrost® chladnička, A++, 204/87 litrů"
    },
    {
        "price": "13 990,-",
        "title": "Skladem 1 ksK odeslání Pondělí",
        "description": "Lednice SAMSUNG RB33N341MSA/EF Chladnička kombinovaná s mrazákem dole, A+++, 217/98 litrů, Beznámrazová technologie True No Frost, Multi Flow, Osvětlení interiéru LED Horní LED světlo",
        "discount": "Sleva -20 %"
    },
    {
        "title": "LG GBB62PZGFN",
        "price": "19 999,-",
        "description": "DTV LG GBB62PZGFN Kombinovaná chladnička, A+++, 277/107 litrů, Hrubý objem 419 l | 193 kWh/rok | LG Lineární kompresor | Total no frost™ | Door cooling™",
        "discount": "Sleva -15 %"
    },
    {
        "title": "Goddess RSD083GW8A",
        "price": "3 790,-",
        "description": "Malá lednice 83cm, A+, objem chladničky / mrazničky: 81 l / 10 l,energetická třída A+, celkový užitný objem : 91 l",
        "discount": "Sleva -21 %"
    },
    {
        "title": "Whirlpool WQ9 E1L",
        "price": "25 690,-",
        "description": "Americká lednice WHIRLPOOL WQ9 E1L Americká chladnička, A+, 384/207 litrů, 6. smysl, No Frost, Fresh/Freeze Lock, Tichý chod, Velký úložný prostor i pro početnou rodinu"
    },
    {
        "title": "Samsung RB 37J501MB1/EF",
        "price": "17 999,-",
        "description": "Lednice SAMSUNG RB 37J501MB1/EF Kombinovaná chladnička s mrazákem dole, A+++, 255/98 litrů, dokonalé chlazení v každém rohu s Multi Flow funkcí, Pravý beznámrazový systém True No Frost"
    },
    {
        "title": "LG GBP31SWLZN",
        "price": "10 990,-",
        "description": "LG GBP31SWLZN 234/107 litrů, G Smart invertorový kompresor | LG Total No Frost | DoorCooling+™ | Vnější LED displej | Smart Diagnosis™"
    },
    {
        "title": "CONCEPT LFT4560ss",
        "price": "6 999,-",
        "description": "Volně stojící lednice s mrazákem Concept LFT4560ss s objemem 204 l je ideální volbou do menších kuchyní. Vyniká nízkou spotřebou, tichým provozem a univerzálním, stranově zaměnitelným otevíráním dveří."
    },
    {
        "title": "LG GSB360BASZ",
        "price": "21 037,-",
        "description": "DTV LG GSB360BASZ Americká chladnička, A++, 394/219 litrů, LG Total No Frost | Vnější LED displej"
    },
    {
        "title": "Hisense RS694N4TC2",
        "price": "20 990,-",
        "description": "Americká lednice HISENSE RS694N4TC2 Americká chladnička, A++, 368/168 litrů, No Frost, Nápojový automat, Varovný signál otevřených dveří, LED osvětlení,  Komunikační displej"
    },
    {
        "title": "Samsung RB 33J3315WW bílá",
        "price": "11 999,-",
        "description": "Lednice SAMSUNG RB 33J3315WW Chladnička kombinovaná s mrazákem dole,bílá,A++,328/98 litrů,NoFrost ,Multi Flow,Horní LED,Výstražný signál dveří,"
    },
    {
        "title": "Samsung RB33N340NWW/EF",
        "price": "14 990,-",
        "description": "Lednice SAMSUNG RB33N340NWW/EF Chladnička kombinovaná s mrazákem dole ,A+++, 217/98 litrů, Beznámrazová technologie True No Frost, Multi Flow, Osvětlení interiéru LED Horní LED světlo"
    },
    {
        "title": "LG GSX960MTAZ",
        "price": "59 990,-",
        "description": "LG GSX960MTAZ Americká chladnička, A+, 405/196 litrů, Hrubý objem 675 l, InstaView Door-in-Door™,  Total no frost™, Pure N Fresh, Nápojový automat, SmartThinQ + WiFi připojení - ovládání na dálku a inteligentní diagnostika"
    },
    {
        "title": "Samsung RB 37J5029WW",
        "price": "19 490,-",
        "description": "Lednice SAMSUNG RB 37J5029WW Kombinovaná chladnička s mrazákem dole, A+++, 267/98 litrů, NoFrost, All-around Coolimg - dokonalé chlazení v každém rohu, Metal cooling -kovový plát na zadní stěně",
        "discount": "Sleva -26 %"
    },
    {
        "title": "Bosch KGV39VW31",
        "price": "14 990,-",
        "description": "Bosch KGV39VW31 Serie | 4 Volně stojící chladnička s mrazákem dole 201 x 60 cm bílá",
        "discount": "Sleva -30 %"
    },
    {
        "title": "Samsung BRB260034WW/EF",
        "price": "21 990,-",
        "description": "Lednice SAMSUNG BRB260034WW/EF Vestavná chladnička kombinovaná s mrazákem dole, A++, 195/72 litrů, Beznámrazová technologie True No Frost, Multi Flow, Osvětlení interiéru LED, Výstražný signál dveří",
        "discount": "Sleva -23 %"
    },
    {
        "title": "Hisense RB222D4AW1",
        "price": "5 690,-",
        "description": "Lednice HISENSE RB222D4AW1 Kombinovaná chladnička, A+, 122/43 litrů, LED osvětlení, Nastavitelný termostat, Zaměnitelné otevírání"
    },
    {
        "title": "LG GBP32DSKZN",
        "price": "12 990,-",
        "description": "LG GBP32DSKZN Kombinovaná chladnička A++, 277/107 litrů, Multi Air Flow | Smart Diagnosis™ | Door cooling"
    }
]