[
    {
        "title": "Rollei skener DF-S 310 SE",
        "price": "2 990,-",
        "description": "skener, na negativy a diapozitivy, 14 Mpx, 128 MB, 3600 dpi, 2,4\" LCD, SDHC, USB"
    },
    {
        "title": "Epson Perfection V19",
        "price": "1 790,-",
        "description": "skener A4, stolní plochý barevný, konektor USB, 48bit, rozlišení 4800x4800dpi"
    },
    {
        "title": "Canon CanoScan LiDE 300",
        "price": "1 699,-",
        "description": "Skener CANON CanoScan LiDE 300, A4, 2400dpi x 4800dpi, USB 2.0, 10s, černý"
    },
    {
        "title": "Epson skener Perfection V600 Photo",
        "price": "7 490,-",
        "description": "skener A4, stolní plochý barevný, konektor USB 2.0, rozlišení 6400x9600dpi, 48 bitová hloubka barev, optická hustota 3.4 D, jednotka pro skenování průhledných předloh, skenování filmů a diapozitivů všech běžných formátů"
    },
    {
        "title": "Epson WorkForce DS-50000",
        "price": "47 490,-",
        "description": "skener A3, stolní plochý barevný, rozlišení 600x600dpi, 48 bitová hloubka barev, rychlost skenování až 15 str./min. a 15 obr./min., technologie CCD, technologie ReadyScan LED, konektor USB 2.0"
    },
    {
        "title": "Epson WorkForce DS-50000N",
        "price": "57 248,-",
        "description": "skener A3, stolní plochý barevný, rozlišení 600x600dpi, 48 bitová hloubka barev, rychlost skenování až 4 str./min., technologie CCD, USB 2.0, Ethernet"
    },
    {
        "title": "Epson WorkForce DS-7500",
        "price": "38 614,-",
        "description": "skener A4, stolní plochý barevný, konektor USB, 48bit, rozlišení 1200x1200dpi, automatické podávání"
    },
    {
        "title": "Epson WorkForce DS-1630",
        "price": "6 690,-",
        "description": "skener A4, stolní barevný, konektor USB, rozlišení až 1200x1200dpi, automatický podavač dokumentů (ADF)"
    },
    {
        "price": "11 090,-",
        "title": "Na dotaz",
        "description": "skener, průtahový, A4, až 35 str./min, 24 bit, USB, 600dpi, ADF"
    },
    {
        "description": "HP ScanJet Pro 2500 f1 (L2747A)",
        "price": "8 799,-",
        "title": "Skladem 1 ksK odeslání Pondělí"
    },
    {
        "description": "HP ScanJet Pro 3500 f1 (L2741A)",
        "price": "11 599,-",
        "title": "Skladem 2 ksK odeslání Pondělí"
    },
    {
        "description": "HP Scanjet Pro 4500 fn1 (L2749A)",
        "price": "20 399,-",
        "title": "Na dotaz"
    },
    {
        "price": "7 390,-",
        "title": "Skladem >5 ksK odeslání Pondělí",
        "description": "skener A4, stolní barevný, konektor USB, WiFi, rozlišení až 1200x1200dpi, automatický podavač dokumentů (ADF)"
    },
    {
        "price": "9 219,-",
        "title": "Na dotaz",
        "description": "skener, mobilní, A4, 600dpi, 8 str./min, duplex, CMOS CIS snímač, RGB LED, podavač ADF 10 listů, USB 2.0"
    },
    {
        "title": "Epson Perfection V850 Photo",
        "price": "23 890,-",
        "description": "Skladem >5 ksK odeslání Pondělí"
    },
    {
        "title": "Epson WorkForce DS-6500",
        "price": "29 297,-",
        "description": "skener A4, stolní barevný, konektor USB, 48bit, rozlišení 1200x1200dpi, automatický podavač dokumentů (ADF)"
    },
    {
        "title": "Epson WorkForce DS-6500N",
        "price": "38 880,-",
        "description": "skener A4, stolní barevný, konektor USB, Ethernet, 48bit, rozlišení 1200x1200dpi, automatický podavač dokumentů (ADF)"
    },
    {
        "title": "Rollei skener PDF-S 240 SE",
        "price": "3 790,-",
        "description": "Skener, na negativy, diapozitivy, vizitky, fotky, 5.1Mpx, 1800dpi, 2.4\" LCD, SDHC, USB"
    },
    {
        "title": "Epson WorkForce DS-530N",
        "price": "16 890,-",
        "description": "skener, průtahový, A4, až 35 str./min, 24 bit, USB, Ethernet, 600dpi, ADF"
    },
    {
        "price": "24 999,-",
        "title": "Na dotaz",
        "description": "Skener, A4, 600dpi, USB, duplex, rychlost skenování až 101 str./min."
    },
    {
        "title": "Canon CanoScan LiDE 400",
        "price": "2 099,-",
        "description": "Skener CANON CanoScan LiDE 400, A4, 4800dpi x 4800dpi, USB 2.0, 8s"
    },
    {
        "title": "Epson WorkForce DS-5500",
        "price": "16 253,-",
        "description": "skener A4, stolní barevný, konektor USB, 48bit, rozlišení 1200x1200dpi"
    },
    {
        "title": "Czur ET16 Plus",
        "price": "11 490,-",
        "description": "Stojánkový skener Czur ET16 Plus, do formátu A3, CMOS, rozlišení 4608x3456px, USB"
    },
    {
        "title": "CANON imageFORMULA P-215II",
        "price": "8 999,-",
        "description": "Stylový skener P-215II poskytuje skutečné pohodlí v kanceláři, v domácnosti nebo na cestách, neboť jej stačí před použitím pouze připojit. Je to nejrychlejší přenosný skener s rychlostmi oboustranného skenování až 30 obr./min."
    }
]