[
    {
        "description": "HyperX FURY DDR4 16GB (Kit 2x8GB) 3200MHz CL16 SR x8 černá",
        "price": "2 199,-",
        "title": "SKLADEM > 251 ks"
    },
    {
        "description": "HyperX FURY DDR4 16GB (Kit 2x8GB) 2666MHz CL16 SR x8 černá",
        "price": "2 159,-",
        "title": "SKLADEM > 261 ks"
    },
    {
        "description": "HyperX FURY DDR4 32GB (Kit 2x16GB) 3200MHz CL16 černá",
        "price": "4 299,-",
        "title": "SKLADEM > 48 ks"
    },
    {
        "description": "Kingston 4GB 1600MHz DDR3L CL11 1.35V/1.5V SODIMM",
        "price": "689,-",
        "title": "SKLADEM > 32 ks"
    },
    {
        "description": "HyperX FURY DDR4 8GB 2666MHz CL16 SR x8 černá",
        "price": "1 099,-",
        "title": "SKLADEM > 271 ks"
    },
    {
        "description": "HyperX Predator DDR4 16GB (Kit 2x8GB) 3200MHz CL16 DIMM 1.35V, černý chladič",
        "price": "2 558,-",
        "title": "SKLADEM > 139 ks"
    },
    {
        "description": "PATRIOT Signature DDR3 8GB 1600MHz Ultrabook SODIMM",
        "price": "889,-",
        "title": "SKLADEM > 12 ks"
    },
    {
        "description": "Kingston SODIMM DDR4 8GB 2400MHz CL17 KVR24S17S8/8",
        "price": "1 089,-",
        "title": "SKLADEM > 14 ks"
    },
    {
        "description": "PATRIOT Signature Line 4GB 1333MHz CL9",
        "price": "529,-",
        "title": "SKLADEM > 18 ks"
    },
    {
        "description": "Patriot Signature DDR3 4GB 1333MHz 2R SODIMM",
        "price": "489,-",
        "title": "SKLADEM > 6 ks"
    },
    {
        "description": "Kingston 8GB 1600MHz DDR3L CL11 1.35V SODIMM",
        "price": "1 272,-",
        "title": "SKLADEM > 29 ks"
    },
    {
        "description": "HyperX Predator DDR4 16GB(2x8GB)",
        "price": "2 259,-",
        "title": "SKLADEM > 19 ks"
    },
    {
        "description": "PATRIOT Signature Line 8GB (2x4GB) 1333MHz s chladičem",
        "price": "1 025,-",
        "title": "SKLADEM > 15 ks"
    },
    {
        "description": "Kingston HyperX Impact 8GB 2666MHz DDR4 CL14 SODIMM, 1.2V",
        "price": "1 130,-",
        "title": "SKLADEM > 41 ks"
    },
    {
        "description": "HyperX Predator DDR4 32GB (Kit 2x16GB) 3600MHz CL17 DIMM 1.35V, černý chladič",
        "price": "5 255,-",
        "title": "SKLADEM > 16 ks"
    },
    {
        "description": "HyperX FURY DDR4 8GB 3200MHz CL16 SR x8 černá",
        "price": "1 120,-",
        "title": "SKLADEM > 118 ks"
    },
    {
        "price": "702,-",
        "title": "SKLADEM > 37 ks",
        "description": "operační paměť DDR3, frekvence 1333 MHz, časování CL9, 1.5V, balení v boxu, KVR13N9S8/4"
    },
    {
        "price": "664,-",
        "title": "SKLADEM > 7 ks",
        "description": "operační paměť 4GB DDR3, frekvence 1333 MHz, časování CL9, 1.5V, bez chladiče, balení v boxu, KVR13S9S8/4"
    },
    {
        "title": "Kingston DDR4 16GB 2400MHz SODIMM",
        "price": "2 190,-",
        "description": "operační paměť 16GB DDR4, frekvence 2400 MHz, časování CL17, 1.2V, bez chladiče, balení v boxu"
    },
    {
        "price": "1 879,-",
        "title": "SKLADEM > 3 ks",
        "description": "operační paměť DDR3, frekvence 1600MHz, časování CL9 (9-9-9-24), 1.5V, XMP 1.3 ready, černý hliníkový chladič, balení v boxu"
    },
    {
        "price": "2 718,-",
        "title": "SKLADEM > 37 ks",
        "description": "operační paměť 16GB (2x8GB) DDR4, frekvence 3600 MHz, časování CL17, 1,35V, hliníkový chladič, balení v boxu"
    },
    {
        "title": "Kingston DDR4 8GB 2666MHz CL19 SR x8",
        "price": "1 089,-",
        "description": "operační paměť 8GB DDR4, frekvence 2666MHz, časování CL19"
    },
    {
        "price": "2 823,-",
        "title": "SKLADEM > 10 ks",
        "description": "operační paměť (Kit 2x8GB) DDR3, frekvence 1866 MHz, časování CL10, 1.5V, hliníkový chladič, balení v boxu, HX318C10FBK2/16"
    },
    {
        "price": "499,-",
        "title": "SKLADEM > 5 ks",
        "description": "operační paměť DDR3, PC3-12800, frekvence 1600MHz, časování CL11, 1.5V, 1 Rank, balení v boxu"
    }
]