[
    {
        "team1": "Burnley",
        "time": "18:00",
        "team2": "Leicester City"
    },
    {
        "team1": "Sheffield United",
        "time": "18:00",
        "team2": "Aston Villa"
    },
    {
        "team1": "Crystal Palace",
        "time": "20:15",
        "team2": "Manchester United"
    },
    {
        "team1": "Hamilton Academical",
        "time": "18:00",
        "team2": "St Johnstone"
    },
    {
        "team1": "Livingston",
        "time": "18:00",
        "team2": "Rangers"
    },
    {
        "team1": "Barcelona Femenino",
        "time": "15:45",
        "team2": "Fortuna Hjørring Women"
    },
    {
        "team1": "Manchester City Women",
        "time": "16:45",
        "team2": "Fiorentina Femminile"
    },
    {
        "team1": "Rosengård Women",
        "time": "17:00",
        "team2": "St. Pölten Women"
    },
    {
        "team1": "VfL Wolfsburg Ladies",
        "time": "17:15",
        "team2": "LSK Kvinner"
    },
    {
        "team1": "Chelsea Women",
        "time": "19:00",
        "team2": "Atlético de Madrid Femenino"
    },
    {
        "team1": "Norwich City",
        "time": "17:30",
        "team2": "Brentford"
    },
    {
        "team1": "Queens Park Rangers",
        "time": "19:00",
        "team2": "Barnsley"
    },
    {
        "team1": "Watford",
        "time": "19:00",
        "team2": "Wycombe Wanderers"
    },
    {
        "team1": "Bristol City",
        "time": "19:45",
        "team2": "AFC Bournemouth"
    },
    {
        "team1": "Sheffield Wednesday",
        "time": "19:45",
        "team2": "Rotherham United"
    },
    {
        "team1": "Stoke City",
        "time": "20:15",
        "team2": "Swansea City"
    },
    {
        "team1": "Barcelona",
        "time": "20:00",
        "team2": "Sevilla"
    },
    {
        "team1": "Rot-Weiss Essen",
        "time": "17:30",
        "team2": "Holstein Kiel"
    },
    {
        "team1": "RB Leipzig",
        "time": "19:45",
        "team2": "VfL Wolfsburg"
    },
    {
        "team1": "Sassuolo",
        "time": "17:30",
        "team2": "Napoli"
    },
    {
        "team1": "Atalanta",
        "time": "19:45",
        "team2": "Crotone"
    },
    {
        "team1": "Benevento",
        "time": "19:45",
        "team2": "Hellas Verona"
    },
    {
        "team1": "Cagliari",
        "time": "19:45",
        "team2": "Bologna"
    },
    {
        "team1": "Fiorentina",
        "time": "19:45",
        "team2": "Roma"
    },
    {
        "team1": "Genoa",
        "time": "19:45",
        "team2": "Sampdoria"
    },
    {
        "team1": "AC Milan",
        "time": "19:45",
        "team2": "Udinese"
    },
    {
        "team1": "Brest",
        "time": "18:00",
        "team2": "Dijon"
    },
    {
        "team1": "Lyon",
        "time": "18:00",
        "team2": "Rennes"
    },
    {
        "team1": "Metz",
        "time": "18:00",
        "team2": "Angers"
    },
    {
        "team1": "Nice",
        "time": "18:00",
        "team2": "Nîmes"
    },
    {
        "team1": "Saint-Étienne",
        "time": "18:00",
        "team2": "Lens"
    },
    {
        "team1": "Bordeaux",
        "time": "20:00",
        "team2": "Paris Saint Germain"
    },
    {
        "team1": "Lille",
        "time": "20:00",
        "team2": "Marseille"
    },
    {
        "team1": "Montpellier",
        "time": "20:00",
        "team2": "Lorient"
    },
    {
        "team1": "Nantes",
        "time": "20:00",
        "team2": "Reims"
    },
    {
        "team1": "Strasbourg",
        "time": "20:00",
        "team2": "Monaco"
    },
    {
        "team1": "AC Horsens",
        "time": "17:00",
        "team2": "Aalborg BK"
    },
    {
        "team1": "AGF Aarhus",
        "time": "17:00",
        "team2": "FC Nordsjælland"
    },
    {
        "team1": "FC Copenhagen",
        "time": "19:00",
        "team2": "Vejle BK"
    },
    {
        "team1": "St. Gallen",
        "time": "17:15",
        "team2": "Servette"
    },
    {
        "team1": "FC Basel",
        "time": "19:30",
        "team2": "Young Boys"
    },
    {
        "team1": "FC Vaduz",
        "time": "19:30",
        "team2": "Lausanne"
    },
    {
        "team1": "BB Erzurumspor",
        "time": "10:30",
        "team2": "Fatih Karagümrük"
    },
    {
        "team1": "Istanbul Basaksehir",
        "time": "13:00",
        "team2": "Konyaspor"
    },
    {
        "team1": "Sivasspor",
        "time": "13:00",
        "team2": "Hatayspor"
    },
    {
        "team1": "Ankaragücü",
        "time": "16:00",
        "team2": "Galatasaray"
    },
    {
        "team1": "Kayserispor",
        "time": "16:00",
        "team2": "Caykur Rizespor"
    }
]
