[
  {
    "title": "Tao Geoghegan Hart: Everything is political - we are all in this together",
    "synopsis": "Giro d'Italia winner responds to Zlatan Ibrahmovic and explains why he took a knee",
    "author": "ByCyclingnews",
    "timestamp": "2 days ago"
  },
  {
    "title": "Peter Sagan to miss Strade Bianche",
    "synopsis": "Slovakian will instead make his 2021 debut at Tirreno-Adriatico",
    "author": "ByStephen Farrand",
    "timestamp": "2 days ago"
  },
  {
    "title": "Tadej Pogacar extends UAE Team Emirates contract through 2026",
    "synopsis": "'There is a special atmosphere' says Slovenian",
    "author": "ByPatrick Fletcher",
    "timestamp": "2 days ago"
  },
  {
    "title": "Adidas launches Velosamba: an SPD replica of iconic Samba shoe",
    "synopsis": "New shoe is almost indistinguishable from popular street shoe",
    "author": "ByJosh Croxton",
    "timestamp": "2 days ago"
  },
  {
    "title": "Lizzie Deignan: Paris Roubaix to be one of the most demanding races on calendar",
    "synopsis": "‘Physically it is more draining than I expected to ride on the cobbles for that long’ says Trek-Segafredo rider after reconnaissance",
    "author": "BySimone Giuliani",
    "timestamp": "2 days ago"
  },
  {
    "title": "Mohoric takes leading role for Bahrain Victorious in Italian season starters",
    "synopsis": "Slovenian rider holds high ambitions for Trofeo Laigueglia season debut, Strade Bianche and GP Industria & Artigianato",
    "author": "ByCyclingnews",
    "timestamp": "3 days ago"
  },
  {
    "title": "Primoz Roglic among Paris-Nice favourites in debut",
    "synopsis": "Vuelta a España winner joined by Geoghegan Hart in favourites list",
    "author": "ByCyclingnews",
    "timestamp": "3 days ago"
  },
  {
    "title": "Phil Liggett says Lance Armstrong did not need to cheat to win",
    "synopsis": "'Drugs don’t turn a donkey into a thoroughbred' says cycling broadcaster, featured in new documentary",
    "author": "ByCyclingnews",
    "timestamp": "3 days ago"
  },
  {
    "title": "Lefevere: Deceuninck-QuickStep can beat Van Aert and Van der Poel by isolating them",
    "synopsis": "'Everybody knows me, I like winning'",
    "author": "ByCyclingnews",
    "timestamp": "3 days ago"
  },
  {
    "title": "Cavendish enjoying getting back to basics at Deceuninck-QuickStep",
    "synopsis": "'They don’t try to reinvent cycling, they just race and have fun doing it' says Manxman before Le Samyn",
    "author": "ByStephen Farrand",
    "timestamp": "3 days ago"
  },
  {
    "title": "How to watch Le Samyn 2021 – live TV and streaming",
    "synopsis": "Van der Poel, Cavendish, Vanmarcke, Pieters and Wiebes racing Tuesday's semi-classic",
    "author": "ByCyclingnews",
    "timestamp": "3 days ago"
  },
  {
    "title": "Strade Bianche confirmed despite Siena lockdown",
    "synopsis": "Increase in COVID-19 variants in southern Tuscany stops crowds from attending dirt road race",
    "author": "ByStephen Farrand",
    "timestamp": "3 days ago"
  },
  {
    "title": "Van Aert and Evenepoel to ride time trial for Belgium at Tokyo Olympics",
    "synopsis": "Campenaerts misses out despite 'making time trialling sexy again'",
    "author": "ByCyclingnews",
    "timestamp": "3 days ago"
  },
  {
    "title": "Narváez shows his Classics potential by joining Van der Poel's attack",
    "synopsis": "Ecuadorian joined audacious move at Kuurne-Brussel-Kuurne",
    "author": "ByCyclingnews",
    "timestamp": "3 days ago"
  },
  {
    "title": "Dillier breaks collarbone in Kuurne-Brussel-Kuurne crash",
    "synopsis": "Swiss rider suffers third break in three seasons after crashing in closing metres",
    "author": "ByDaniel Ostanek",
    "timestamp": "3 days ago"
  },
  {
    "title": "MET Manta MIPS is the Italian brand's new aero lid",
    "synopsis": "The MET Manta MIPS offers a safer road riding experience and even lower aerodynamic drag",
    "author": "ByLance Branquinho",
    "timestamp": "3 days ago"
  },
  {
    "title": "Quarterman in hospital after crashing into a team car at Omloop Het Nieuwsblad",
    "synopsis": "'I'm in a bit of pain but relieved that it’s not worse' says Trek-Segafredo rider who suffered a concussion",
    "author": "ByKirsten Frattini",
    "timestamp": "3 days ago"
  },
  {
    "title": "Elisa Longo Borghini: Team unlucky in Omloop Het Nieuwsblad battle for front",
    "synopsis": "‘It has been a good race for us and I’m just sorry that I missed a good result’ says Trek-Segafredo rider",
    "author": "ByCyclingnews",
    "timestamp": "3 days ago"
  },
  {
    "title": "Skjelmose impresses at UAE Tour at the age of 20",
    "synopsis": "Trek-Segafredo to develop young Dane into Grand Tour rider",
    "author": "ByCyclingnews",
    "timestamp": "4 days ago"
  },
  {
    "title": "Greg Van Avermaet: Results don’t show our strong performances at Opening Weekend",
    "synopsis": "'We were always quite good and in the front’ says AG2R Citroën's top classics contender",
    "author": "ByKirsten Frattini",
    "timestamp": "4 days ago"
  }
]
