[
  {
    "title": "Razer now want to save a million trees with their Sneki Snek plush",
    "synopsis": "Buy a Snek, save 10 trees",
    "author": "Katharine Castle",
    "timestamp": "42 minutes ago"
  },
  {
    "title": "Gritty Stardew-like Ranch Simulator is out in early access",
    "synopsis": "It's got guns though, which is very un-Stardew",
    "author": "Imogen Beckhelling",
    "timestamp": "an hour ago"
  },
  {
    "title": "Before Your Eyes is a game you play by blinking in real life",
    "synopsis": "Made by the developers of Close Your",
    "author": "Imogen Beckhelling",
    "timestamp": "2 hours ago"
  },
  {
    "title": "I am immensely jealous of this Valheim build",
    "synopsis": "Alright, I admit, this home is way nicer than mine",
    "author": "Ed Thorn",
    "timestamp": "4 hours ago"
  },
  {
    "title": "Guilty Gear Strive delayed by two months following beta feedback",
    "synopsis": "Extra time to polish the fighting game's multiplayer",
    "author": "Alice O'Connor",
    "timestamp": "4 hours ago"
  },
  {
    "title": "Become a mob-defying pig farmer in Adios this month",
    "synopsis": "This little piggy might eat a mobster",
    "author": "Imogen Beckhelling",
    "timestamp": "5 hours ago"
  },
  {
    "title": "Minute Of Islands is delayed due to \"significant last-minute issues\"",
    "synopsis": "Studio Fizbin say they won't be able to hit March 18th",
    "author": "Lauren Morton",
    "timestamp": "18 hours ago"
  },
  {
    "title": "Roguelike platformer Revita launches in early access",
    "synopsis": "Do you dare to part with your hearts?",
    "author": "Lauren Morton",
    "timestamp": "19 hours ago"
  },
  {
    "title": "The Sinking City publishers respond to piracy claims from Frogwares",
    "synopsis": "Nacon say their contract allows for a third party adaptation",
    "author": "Lauren Morton",
    "timestamp": "21 hours ago"
  },
  {
    "title": "Scribblenauts developers launch a free competitive strategy game",
    "synopsis": "This time you're drawing troops",
    "author": "Lauren Morton",
    "timestamp": "22 hours ago"
  },
  {
    "title": "Resident Evil Village is getting ray tracing support",
    "synopsis": "But will it reflect the true 9ft 6in majesty of Lady Dimitrescu?",
    "author": "Katharine Castle",
    "timestamp": "22 hours ago"
  },
  {
    "title": "AMD are bringing Smart Access Memory to Ryzen 3000 CPUs",
    "synopsis": "Get up to 16% more performance when paired with an RX 6000 GPU",
    "author": "Katharine Castle",
    "timestamp": "23 hours ago"
  },
  {
    "title": "Torchlight 3 developers Echtra Games have been acquired by Zynga",
    "synopsis": "They'll be working on a cross-platform RPG",
    "author": "Lauren Morton",
    "timestamp": "23 hours ago"
  },
  {
    "title": "Everything you need to know about AMD's RX 6700 XT GPU",
    "synopsis": "Price, specs and release date confirmed",
    "author": "Katharine Castle",
    "timestamp": "23 hours ago"
  },
  {
    "title": "Every game should have a giant electrified hammer",
    "synopsis": "This is not a drill",
    "author": "Imogen Beckhelling",
    "timestamp": "1  day ago"
  },
  {
    "title": "I kinda miss finding random CD-Rs in the gutter",
    "synopsis": "How and why did so many discs end up in the road?",
    "author": "Alice O'Connor",
    "timestamp": "1  day ago"
  },
  {
    "title": "Crusader Kings 3 is adding randomly generated torturous poetry",
    "synopsis": "Time to send some classic medieval burns to your enemies",
    "author": "Imogen Beckhelling",
    "timestamp": "1  day ago"
  },
  {
    "title": "This Valheim mod lets you scream at the ocean to fish",
    "synopsis": "Who needs a rod, when you have your voice?",
    "author": "Ed Thorn",
    "timestamp": "1  day ago"
  },
  {
    "title": "Watch AMD's new RX 6700 XT GPU reveal right here",
    "synopsis": "Set your watches for 11am ET / 4pm GMT",
    "author": "Katharine Castle",
    "timestamp": "1  day ago"
  },
  {
    "title": "Valorant's newest agent Astra has arrived",
    "synopsis": "Nova gonna give you up",
    "author": "Imogen Beckhelling",
    "timestamp": "1  day ago"
  },
  {
    "title": "Valheim's dedicated servers should have lower latency now",
    "synopsis": "And wolves will procreate less.",
    "author": "Graham Smith",
    "timestamp": "1  day ago"
  },
  {
    "title": "The Architect: Paris lets you re-design the French capital",
    "synopsis": "It's out now, and it's not a citybuilder",
    "author": "Graham Smith",
    "timestamp": "1  day ago"
  },
  {
    "title": "The Sims 4 now has Kits, a new way of buying DLC packs",
    "synopsis": "Smaller than Stuff Packs, but with game-changing features, too",
    "author": "Graham Smith",
    "timestamp": "1  day ago"
  },
  {
    "title": "Fall Guys developer Mediatonic acquired by Epic Games",
    "synopsis": "But it'll remain available on Steam",
    "author": "Graham Smith",
    "timestamp": "1  day ago"
  },
  {
    "title": "Explore a beautiful spooky city in this five-minute free game",
    "synopsis": "What happened in City Of Muse? Well, meet the muse...",
    "author": "Alice O'Connor",
    "timestamp": "1  day ago"
  }
]
