[
    {
        "title": "Stepper inSPORTline PROFI Imperial",
        "price": "29 190 Kč (35%)18 990 Kč",
        "description": "Stepper pro nejnáročnější, robustní konstrukce, zátěžové kolo, vysoká …"
    },
    {
        "title": "Běžecký pás Capital Sports Workspace Go",
        "price": "9 990 Kč",
        "description": "Inovativní běžecký pás bez madel, který opět snižuje prostorovou náročnost! …"
    },
    {
        "title": "Běžecký pás Capital Sports Pacemaker F120 Pro",
        "price": "16 990 Kč",
        "description": "Revoluční běžecký pás s jednoručními činkami, vibračním pásem a …"
    },
    {
        "title": "Běžecký pás KLARFIT Treado Active",
        "price": "12 690 Kč",
        "description": "Extrémně skladný běžecký pás. 12 přednastavených programů, maximální …"
    },
    {
        "title": "Běžecký pás Spartan Creative",
        "price": "18 990 Kč",
        "description": "Spolehlivý stroj se širokou programovou výbavou a pokročilým nastavením! Díky …"
    },
    {
        "title": "Běžecký pás inSPORTline Galdigar",
        "price": "114 990 Kč (13%)99 990 Kč",
        "description": "Jedinečný stroj, který funguje jako motorový i bezmotorový pás! Navíc má …"
    },
    {
        "title": "Mini rotoped KLARFIT Minibike 2G bílá",
        "price": "1 590 Kč",
        "description": "Malý rotoped, se kterým v pohodlí domova procvičíte ruce i nohy. Snadné …"
    },
    {
        "title": "Mini rotoped KLARFIT Minibike 2G černá/oranžová",
        "price": "1 590 Kč",
        "description": "Malý rotoped, se kterým v pohodlí domova procvičíte ruce i nohy. Snadné …"
    },
    {
        "title": "Rotoped Spartan Magnetic 800",
        "price": "6 590 Kč",
        "description": "Spolehlivý rotoped v oblíbeném provedení - magnetický brzdný systém, ruční …"
    },
    {
        "title": "Skládací rotoped Capital Sports Azura M1",
        "price": "5 190 Kč",
        "description": "Lehký, tichý a skladný - zkrátka ideální pro domácí cvičení. O nic vás ale …"
    },
    {
        "title": "Cyklotrenažér Capital Sports Evo Race",
        "price": "16 190 Kč",
        "description": "Užijte si doma plynulou a ničím nerušenou jízdu! S vysokou nosností a …"
    },
    {
        "title": "Cyklistické válce Elite Arion Mag",
        "price": "10 999 Kč (11%)9 800 Kč",
        "description": "Parabolické válce s magnetickým systémem odporu a skládací konstrukcí! Rám se …"
    },
    {
        "title": "Verticon inSPORTline Club",
        "price": "39 990 Kč (13%)34 990 Kč",
        "description": "Robustní lezecký trenažer, který se přizpůsobí tvému tempu! Žádná …"
    },
    {
        "title": "Verticon inSPORTline Home",
        "price": "27 490 Kč (10%)24 690 Kč",
        "description": "Domácí lezecký trenažer a stepper 2v1, na kterém překročíte hranice svých …"
    },
    {
        "title": "Stepper KLARFIT Treppo",
        "price": "5 990 Kč",
        "description": "Robustní stepper s hydraulickými tlumiči a vyšší nosností pro intenzivní …"
    },
    {
        "title": "Verticon inSPORTline Profi",
        "price": "119 990 Kč (18%)97 990 Kč",
        "description": "Profesionální lezecký trenažer s vysokou nosností, nastavitelnou zátěží a …"
    },
    {
        "price": "1 049 Kč",
        "description": "Praktická podložka pod přední kolo vyrovnává jeho stabilitu a eliminuje přenos …"
    },
    {
        "title": "Běžecký pás inSPORTline inCondi T6000i",
        "price": "69 990 Kč (10%)62 990 Kč",
        "description": "Profi pás s možností propojení s aplikaci, velká běžecká plocha, funkce pauza, …"
    },
    {
        "title": "Běžecký pás inSPORTline Akamar",
        "price": "21 990 Kč (16%)18 390 Kč",
        "description": "Robustní pás s elektronickým sklonem plochy, lehce skladovatelný, tichý chod, …"
    },
    {
        "title": "Běžecký pás inSPORTline Gardian G8",
        "price": "93 990 Kč (10%)84 890 Kč",
        "description": "Robustní profesionální pás se spolehlivým motorem, elegantním designem, …"
    },
    {
        "title": "Běžecký pás inSPORTline Neblin",
        "price": "15 190 Kč (10%)13 690 Kč",
        "description": "Pás vhodný pro chůzi a rekonvalescenci, pevná konstrukce, držadla po celé …"
    },
    {
        "title": "Magnetický běžecký pás inSPORTline Excel Run",
        "price": "8 190 Kč (21%)6 490 Kč",
        "description": "Bezmotorový běžecký pás, pohyblivá madla pro funkci severské chůze, manuální …"
    },
    {
        "title": "Běžecký pás inSPORTline Sprynkl",
        "price": "7 290 Kč (18%)5 990 Kč",
        "description": "Bezmotorový běžecký pás ideální především na rychlou chůzi nebo simulaci …"
    },
    {
        "title": "Běžecký pás inSPORTline AeroHike",
        "price": "49 990 Kč (11%)44 590 Kč",
        "description": "Jedinečný trenažer nejen pro workoholiky - užijte si 40 stupňů stoupání a …"
    },
    {
        "title": "Chodicí pás s hrazdou inSPORTline Tongu",
        "price": "20 990 Kč (10%)18 990 Kč",
        "description": "Unikátní bezmotorový pás zkombinovaný se samostojnou hrazdou, bradly a dokonce i …"
    },
    {
        "title": "Běžecký pás inSPORTline Mystral",
        "price": "51 390 Kč (22%)40 190 Kč",
        "description": "Výkonný, ale skladný běžecký pás s prostornou běžeckou plochou a širokou …"
    },
    {
        "title": "Běžecký pás inSPORTline Gardian G12TF",
        "price": "184 990 Kč (10%)166 990 Kč",
        "description": "Výkonný obr s neuvěřitelně prostornou běžeckou plochou a chytrým displejem! …"
    },
    {
        "title": "Běžecký pás inSPORTline Gardian G12",
        "price": "159 990 Kč (10%)144 790 Kč",
        "description": "Velmi robustní profesionální pás se spolehlivým motorem, prostornou běžeckou …"
    },
    {
        "title": "Chodící pás inSPORTline Hill Pro",
        "price": "24 990 Kč (10%)22 390 Kč",
        "description": "Snadno ovladatelný bezmotorový pás simulující chůzi do kopce, s tichým, …"
    },
    {
        "title": "Bezmotorový běžecký pás inSPORTline Air-Run",
        "price": "134 990 Kč (17%)111 390 Kč",
        "description": "Robustní běžecký pás s revoluční běžeckou plochou, která díky svému …"
    },
    {
        "title": "Eliptical inSPORTline Atlanta Black",
        "price": "12 890 Kč (13%)11 190 Kč",
        "description": "Léty osvědčený trenažer, který si tě získá svým jednoduchým ovládáním, …"
    },
    {
        "title": "Eliptical inSPORTline Caracas",
        "price": "22 990 Kč (17%)18 990 Kč",
        "description": "Chytře stavěný moderní trenažer s širokou nabídkou programů a tichým chodem, …"
    },
    {
        "title": "Eliptický trenažér inSPORTline inCondi ET650i",
        "price": "30 790 Kč (10%)27 690 Kč",
        "description": "Nastavitelná délka kroku, propracovaný 7\" TFT displej, plně elektronické …"
    },
    {
        "title": "Eliptical inSPORTline inCondi ET660i II",
        "price": "30 990 Kč (10%)27 790 Kč",
        "description": "Výkonný domácí eliptikal s manuálním zdvihem, na kterém procvičíš …"
    },
    {
        "title": "Eliptical inSPORTline Galicum",
        "price": "61 990 Kč (10%)55 690 Kč",
        "description": "Tichý a výkonný stroj, který si vygeneruje vlastní energii a má spoustu …"
    },
    {
        "title": "Eliptický trenažér inSPORTline Avalor ET",
        "price": "43 990 Kč (11%)38 990 Kč",
        "description": "Robustní konstrukce, plně elektronické ovládání, magnetický brzdný systém, …"
    },
    {
        "title": "Eliptický trenažer inSPORTline inCondi ET2000i",
        "price": "81 990 Kč (10%)73 490 Kč",
        "description": "Super moderní profesionální eliptikal s nastavitelnou délkou kroku a WiFi …"
    },
    {
        "title": "Skládací mini rotoped Spartan Mini Bike",
        "price": "1 190 Kč",
        "description": "Možnost složení pomocí sklápěcí konstrukce, manuální ovládání, vhodné pro …"
    },
    {
        "title": "AirBike inSPORTline Basic",
        "price": "6 190 Kč (10%)5 590 Kč",
        "description": "Skvělý domácí trenažer pro okamžitý intenzivní trénink! Jednoduché …"
    },
    {
        "title": "Mini rotoped inSPORTline Pynero",
        "price": "1 699 Kč (12%)1 490 Kč",
        "description": "Malý rotoped, se kterým v pohodlí domova procvičíte ruce i nohy. Snadné …"
    },
    {
        "title": "Mini rotoped inSPORTline Raryo",
        "price": "929 Kč (12%)819 Kč",
        "description": "Mimořádně skladný stroj s plynulým nastavením zátěže, se kterým doma …"
    },
    {
        "title": "Skládací rotoped inSPORTline Xbike Light",
        "price": "2 590 Kč (12%)2 290 Kč",
        "description": "Ultra lehký rotoped, který nikde nepřekáží! Procvič svaly, ušetři místo doma …"
    },
    {
        "title": "Skládací rotoped inSPORTline Xbike Cube",
        "price": "4 490 Kč (13%)3 890 Kč",
        "description": "Lehký a tichý rotoped se skládací konstrukcí v zajímavém designu! Skvělá …"
    },
    {
        "title": "Recumbent inSPORTline Rapid RMB",
        "price": "9 190 Kč (27%)6 690 Kč",
        "description": "Manuálně ovládaný, gelové sedlo, magnetický brzdný systém, LCD displej, …"
    },
    {
        "title": "Recumbent inSPORTline Varis",
        "price": "7 290 Kč (23%)5 590 Kč",
        "description": "Manuálně ovládaný, gelové sedlo, magnetický brzdný systém, LCD displej, …"
    },
    {
        "title": "Recumbent inSPORTline inCondi R60i",
        "price": "20 590 Kč (11%)18 390 Kč",
        "description": "Elektronicky ovládaný, propojení s iOS a Android aplikacemi, HRC program, pohodlné …"
    },
    {
        "title": "Recumbent inSPORTline Halimed",
        "price": "32 990 Kč (12%)28 990 Kč",
        "description": "Stabilní recumbent na doma, se kterým si dáte pořádně do těla. S tichým …"
    },
    {
        "title": "Rotoped inSPORTline Omahan UB",
        "price": "14 290 Kč (10%)12 790 Kč",
        "description": "Parádní domácí stroj s vysokou nosností a řadou zajímavých funkcí! Užijte si …"
    },
    {
        "title": "Rotoped inSPORTline Valdosa",
        "price": "22 290 Kč (10%)20 090 Kč",
        "description": "Stabilní rotoped na doma, se kterým si dáte pořádně do těla. S tichým chodem, …"
    },
    {
        "title": "Recumbent inSPORTline inCondi R600i",
        "price": "26 690 Kč (14%)22 990 Kč",
        "description": "Plně elektronický recumbent, který díky mobilní aplikaci dodá tréninku nové …"
    },
    {
        "title": "Rotoped inSPORTline Gemini B200",
        "price": "38 290 Kč (10%)34 390 Kč",
        "description": "Robustní profesionální rotoped s vlastním generátorem energie, přehledným …"
    },
    {
        "title": "Recumbent inSPORTline Gemini R200",
        "price": "44 990 Kč (11%)40 190 Kč",
        "description": "Robustní profesionální recumbent s vlastním generátorem energie, přehledným …"
    },
    {
        "title": "Rotoped inSPORTline inCondi UB600i",
        "price": "19 790 Kč (10%)17 890 Kč",
        "description": "Spolehlivý a odolný rotoped s iOS a Android připojením, který díky mobilní …"
    },
    {
        "title": "Rotoped inSPORTline Moriston UB",
        "price": "32 990 Kč (12%)28 990 Kč",
        "description": "Profesionální rotoped s robustní konstrukcí a vlastním generátorem energie, …"
    },
    {
        "title": "Recumbent inSPORTline Moriston RMB",
        "price": "38 990 Kč (12%)34 495 Kč",
        "description": "Profesionální recumbent s robustní konstrukcí a vlastním generátorem energie, …"
    },
    {
        "title": "Veslovací trenažér inSPORTline Yakapa",
        "price": "44 990 Kč (11%)40 190 Kč",
        "description": "Tři druhy cvičení, možnost propojení s aplikací, plynulý pojezd, vlastní …"
    },
    {
        "title": "Cyklotrenažér inSPORTline Drakkaris",
        "price": "13 590 Kč (10%)12 290 Kč",
        "description": "Skvěle vyvážený domácí trenažer, který zaujme silným setrvačníkem, …"
    },
    {
        "title": "Cyklotrenažér inSPORTline inCondi S800i",
        "price": "23 190 Kč (9%)21 090 Kč",
        "description": "Trénujte na úrovni! Využijte propojení s aplikací, plně elektronické …"
    },
    {
        "title": "Cyklotrenažér inSPORTline inCondi S1000i",
        "price": "30 990 Kč (10%)27 790 Kč",
        "description": "Nedělejte kompromisy mezi tréninkem a zábavou! Užívejte si plně elektronické …"
    }
]