{
    "file:///C:/Users/Perina/Documents/materialy_fit/IBT/pupetir/dataset/shops/domains/alza.cz.html": {
        "url": "file:///C:/Users/Perina/Documents/materialy_fit/IBT/pupetir/dataset/shops/domains/alza.cz.html",
        "tested_classes": 41,
        "first_target": "document.querySelectorAll('.c2')[0].parentElement.children",
        "target_count": 24
    },
    "file:///C:/Users/Perina/Documents/materialy_fit/IBT/pupetir/dataset/shops/domains/czc.cz.html": {
        "url": "file:///C:/Users/Perina/Documents/materialy_fit/IBT/pupetir/dataset/shops/domains/czc.cz.html",
        "tested_classes": 11,
        "first_target": "document.querySelectorAll('.price-vatex')[0].parentElement.children",
        "target_count": 39
    },
    "file:///C:/Users/Perina/Documents/materialy_fit/IBT/pupetir/dataset/shops/domains/insportline.cz.html": {
        "url": "file:///C:/Users/Perina/Documents/materialy_fit/IBT/pupetir/dataset/shops/domains/insportline.cz.html",
        "tested_classes": 13,
        "first_target": "document.querySelectorAll('.price')[0].parentElement.children",
        "target_count": 59
    },
    "file:///C:/Users/Perina/Documents/materialy_fit/IBT/pupetir/dataset/shops/domains/smarty.cz.html": {
        "url": "file:///C:/Users/Perina/Documents/materialy_fit/IBT/pupetir/dataset/shops/domains/smarty.cz.html",
        "tested_classes": 12,
        "first_target": "document.querySelectorAll('.p')[0].parentElement.children",
        "target_count": 28
    },
    "file:///C:/Users/Perina/Documents/materialy_fit/IBT/pupetir/dataset/shops/domains/stavebninystastny.cz.html": {
        "url": "file:///C:/Users/Perina/Documents/materialy_fit/IBT/pupetir/dataset/shops/domains/stavebninystastny.cz.html",
        "tested_classes": 5,
        "first_target": "document.querySelectorAll('.pricevalue')[0].parentElement.children",
        "target_count": 24
    },
    "file:///C:/Users/Perina/Documents/materialy_fit/IBT/pupetir/dataset/shops/domains/zahradnictvi-spomysl.cz.html": {
        "url": "file:///C:/Users/Perina/Documents/materialy_fit/IBT/pupetir/dataset/shops/domains/zahradnictvi-spomysl.cz.html",
        "tested_classes": 30,
        "first_target": "document.querySelectorAll('.p-det-main-price')[0].parentElement.children",
        "target_count": 38
    }
}