[
    {
        "name": "Xiaomi Redmi 9T 4GB/64GB Carbon Gray",
        "description": "Smartphone Xiaomi Redmi 9T nabízí 6,53“ IPS FHD+ displej, osmijádrový procesor Qualcomm Snapdragon 662 (max. 2 GHz), 4 GB RAM, 64 GB úložiště, microSD slot, čtyřnásobný zadní fotoaparát 48MPx+8Mpx+2Mpx+2Mpx, přední 8Mpx...",
        "price": "4 490 Kč"
    },
    {
        "name": "Xiaomi Redmi Note 8 4GB/128GB Space Black",
        "description": "Smartphone Xiaomi Redmi Note 8 nabízí 6,3“ IPS FHD+ displej, osmijádrový procesor (Qualcomm Snapdragon 665 – 2 GHz, 4 GB RAM, 128 GB úložiště, microSD slot, čtyřnásobný zadní 48Mpx+8Mpx+2Mpx+2Mpx, 13Mpx přední...",
        "price": "4 990 Kč",
        "sale": "15 %"
    },
    {
        "name": "Samsung Galaxy M21 černý",
        "description": "Smartphone Samsung M21 nabízí 6,4“ FHD Super AMOLED displej, osmijádrový procesor (Sam. Exynos 9611 – 4x 2,4 GHz/4x 1,7 GHz), 4 GB RAM, 64 GB úložiště, microSD slot, trojitý zadní fotoaparát 48 Mpx + 8 Mpx + 5 Mpx,...",
        "price": "6 390 Kč",
        "sale": "22 %"
    },
    {
        "name": "Nokia 3310 Dual SIM modrá",
        "description": "Ikona v moderním pojetí. Výdrž až 1 měsíc, pohodlná mechanická klávesnice, 2,4\" barevný displej, legendární hra Had. To je Nokia 3310.",
        "price": "1 590 Kč",
        "sale": "19 %"
    },
    {
        "name": "Realme 7 Pro 8GB/128GB Dual SIM Mirror Blue",
        "description": "Smartphone Realme 7 Pro nabídne 6,4“ Super AMOLED displej, osmijádrový procesor Qualcomm Snapdragon 720G (max. 2,3 GHz), 8 GB RAM, 128 GB úložiště, zadní čtverý fotoaparát 64 Mpx+8Mpx+2Mpx+2Mpx, přední 32Mpx kamera,...",
        "price": "7 990 Kč",
        "sale": "13 %"
    },
    {
        "name": "Samsung Galaxy M21 zelený",
        "description": "Smartphone Samsung M21 nabízí 6,4“ FHD Super AMOLED displej, osmijádrový procesor (Sam. Exynos 9611 – 4x 2,4 GHz/4x 1,7 GHz), 4 GB RAM, 64 GB úložiště, microSD slot, trojitý zadní fotoaparát 48 Mpx + 8 Mpx + 5 Mpx,...",
        "price": "6 390 Kč",
        "sale": "22 %"
    },
    {
        "name": "Xiaomi Redmi Note 9 Pro 6GB/64GB zelený",
        "description": "Špičkově zkonstruovaný smartphone Xiaomi Redmi Note 9 Pro. Nabízí velký 6.67“ FHD+ displej s rozlišením (2400x1080 px), procesor Qualcomm Snapdragon 720G, interní úložiště 64 GB s 6 GB RAM pamětí. Zadní fotoaparát se...",
        "price": "7  990  Kč",
        "sale": "7 %"
    },
    {
        "name": "Samsung Galaxy A20e oranžový",
        "description": "Samsung Galaxy A20e nabídne 5,8“ Infinity-V displej, 13+5Mpx duální a 8Mpx přední fotoaparát, 8jádrový procesor Exynos 7884B, 3 GB RAM, 32 G52121B uložiště, microSD, USB-C, 3,5mm Jack, LTE, NFC, Dual SIM, 3 000 mAh...",
        "price": "4  990  Kč",
        "sale": "34 %"
    },
    {
        "name": "Xiaomi Redmi 9A 2GB/32GB Žulově šedá",
        "description": "Smartphone Xiaomi Redmi 9A nabídne 6,53 IPS HD+, osmijádrový procesor (MediaTek Helio G25 – max. 2 GHz), 2 GB RAM, 32 GB úložiště, microSD slot, zadní 13MPx fotoaparát, 5 Mpx přední fotoaparát, GPS, Dual SIM, baterie 5...",
        "price": "2  699  Kč",
        "sale": "1 %"
    },
    {
        "name": "Huawei P40 Lite 6GB/128GB Sakura Pink",
        "description": "Smartphone Huawei P40 Lite nabízí 6,4“ FHD+ IPS displej, osmijádrový procesor (Kirin 810 max. – 2,27 GHz), 6 GB RAM, 128 GB úložiště, nanoSD slot, zadní čtverý fotoaparát 48+8+2+2 Mpx, přední 16Mpx fotoaparát, 4G/LTE,...",
        "price": "8  990  Kč",
        "sale": "45 %"
    },
    {
        "name": "Huawei Y7 2019 půlnočně černá",
        "description": "Přivítejte Huawei Y7 2019, který vás potěší 6,26“ IPS displejem s kapkovým výřezem, osmijádrovým procesorem (QSD450 – 1,8 Ghz), 3 GB RAM, 32 GB úložištěm, microSD slotem, duálním zadním 13 Mpx + 2 Mpx fotoaparátem,...",
        "price": "4  890  Kč",
        "sale": "28 %"
    },
    {
        "name": "Apple iPhone 12 Pro 128GB grafitově šedý",
        "description": "Skokan roku. 5G. A14 Bionic. Úplně nový design. Ceramic Shield. LiDAR skener. Profesionální fotosoustava optimalizovaná pro focení při slabém světle – a ještě dokonalejší na iPhonu 12 Pro Max.",
        "price": "29  990  Kč"
    },
    {
        "name": "Huawei P30 Lite 4GB/128GB Midnight Black",
        "description": "Vychytaný smartphone Huawei P30 lite přináší nepřehlédnutelný 6,15“ displej nové generace s Dewdrop displejem, širokoúhlý 48Mpx fotoaparát s AI, elegantní design s 3D zakřiveným sklem, 128 GB vnitřní paměti, 4 GB RAM, 3...",
        "price": "7  990  Kč",
        "sale": "33 %"
    },
    {
        "name": "UleFone Armor 7 2020 8+128GB Dual SIM černý",
        "description": "Odolný smartphone Ulefone Armor 7 nabízí 6,3“ FHD+ IPS displej, osmijádrový procesor (MediaTek Helio P90 – 2x 2,2GHz, 6x 2,0GHz), 8 GB RAM, 128 GB úložiště, microSD slot, zadní trojitý fotoaparát 48+2+2 Mpx, přední...",
        "price": "13  290  Kč"
    },
    {
        "name": "Xiaomi Redmi 9C NFC 3GB/64GB Sky Blue",
        "description": "Smartphone Xiaomi Redmi 9C nabízí 6,53“ HD+, osmijádrový procesor (MediaTek Helio G35 – max. 2,3 GHz), 3 GB RAM, 64 GB úložiště, microSD slot, duální zadní fotoaparát 13 Mpx + 2 Mpx, přední 5 Mpx kamera, odemykání...",
        "price": "3 490 Kč"
    },
    {
        "name": "Samsung Galaxy M51 černý",
        "description": "Smartphone Samsung M51 nabízí 6,67“ FHD+ Super AMOLED displej, osmijádrový procesor (Qualcomm Snapdragon 730 – 2x 2,2 GHz/6x 1,8 GHz), 6 GB RAM, 128 GB úložiště, microSD slot, trojitý zadní fotoaparát 64 Mpx + 12 Mpx +...",
        "price": "10 490 Kč"
    },
    {
        "name": "Alcatel 1C 5003D modrý",
        "description": "Smartphone pro nenáročné uživatele nabízí 5“ displej, 1 GB RAM, čtyřjádrový procesor (SC7731E – 1,3 GHz), 1 GB RAM, 8 GB interní paměť, zadní 5 Mpx a přední 2 Mpx kamera, GPS, GLONASS, FM rádio, Dual SIM, 2 000 mAh a...",
        "price": "1 590 Kč",
        "sale": "19 %"
    },
    {
        "name": "Apple iPhone 12 mini 128GB černý",
        "description": "iPhone 12 má všechno. Rychlost 5G, nejrychlejší čip ve smartphonu A14 Bionic, OLED displej od okraje k okraji, noční režim na všech fotoaparátech, Ceramic Shield se čtyřikrát větší odolností při pádu, dvě ideální...",
        "price": "23 479 Kč"
    },
    {
        "name": "Samsung Galaxy A51 Dual SIM černý",
        "description": "Samsung A51 nabídne 6,5 FHD+ SAMOLED displej, osmijádrový procesor, 4 GB RAM, 128 GB úložiště, microSD slot, zadní fotoaparát 48 Mpx + 12 Mpx + 5 Mpx + 5 Mpx, 32 Mpx, selfie kamera, 4G/LTE, USB-C,NFC, čtečku otisků...",
        "price": "8 990 Kč",
        "sale": "23 %"
    },
    {
        "name": "Xiaomi Mi 10T Pro 8GB/256GB Cosmic Black",
        "description": "Smartphone Xiaomi Mi 10T Pro nabízí 6,67“ IPS FHD+ 144 Hz displej, osmijádrový procesor Qualcomm Snapdragon 865 (1x 2,84 GHz/3x 2,42 GHz/4x 1,8 GHz), 8 GB LPDDR5 RAM, UFS 3.1 256 GB úložiště, trojitý zadní fotoaparát...",
        "price": "15 990 Kč"
    },
    {
        "name": "Apple iPhone 12 128GB modrý",
        "description": "iPhone 12 má všechno. Rychlost 5G, nejrychlejší čip ve smartphonu A14 Bionic, OLED displej od okraje k okraji, noční režim na všech fotoaparátech, Ceramic Shield se čtyřikrát větší odolností při pádu, dvě ideální...",
        "price": "26 479 Kč"
    },
    {
        "name": "Samsung Galaxy M51 bílý",
        "description": "Smartphone Samsung M51 nabízí 6,67“ FHD+ Super AMOLED displej, osmijádrový procesor (Qualcomm Snapdragon 730 – 2x 2,2 GHz/6x 1,8 GHz), 6 GB RAM, 128 GB úložiště, microSD slot, trojitý zadní fotoaparát 64 Mpx + 12 Mpx +...",
        "price": "9 490 Kč",
        "sale": "10 %"
    },
    {
        "name": "Honor 9X Lite 4GB/128GB Dual SIM Green",
        "description": "Smartphone Honor 9X Lite nabízí 6,5“ FHD+ LTPS displej, osmijádrový procesor (Kirin 710 – max. 2,2 GHz), 4 GB RAM, 128 GB úložiště, microSD slot, zadní duální 48Mpx+2Mpx fotoaparát, přední 8 Mpx fotoaparát, GPS,...",
        "price": "5 190 Kč",
        "sale": "27 %"
    },
    {
        "name": "Samsung Galaxy A51 Dual SIM modrý",
        "description": "Samsung A51 nabídne 6,5 FHD+ SAMOLED displej, osmijádrový procesor, 4 GB RAM, 128 GB úložiště, microSD slot, zadní fotoaparát 48 Mpx + 12 Mpx + 5 Mpx + 5 Mpx, 32 Mpx, selfie kamera, 4G/LTE, USB-C,NFC, čtečku otisků...",
        "price": "8 990 Kč",
        "sale": "23 %"
    }
]