[
    {
        "name": "Porte B26, černá",
        "price": "330 Kč",
        "description": "Počítačová skříň, middletower, podpora mini-ITX, mATX a ATX desek; pozice: 1x 5,25“ externí, 3x 3,5“ interní a 2x 2,5“ interní; pozice pro 2 ventilátory, přední panel 2x USB 2.0 a audio konektory; zdroje formátu ATX (není součástí)."
    },
    {
        "name": "Eurocase ML X401, černá",
        "price": "412 Kč",
        "description": "Kvalitní počítačová skříň typu ATX Middle tower, podpora mATX a ATX desek; pozice: 1x 5,25“ externí, 2x 3,5“ externí a 2x 3,5“ interní; pozice pro až 4 ventilátory, přední panel 2x USB 2.0 + audio konektory, zdroje formátu ATX(není součástí)."
    },
    {
        "name": "Eurocase ML X403, černá",
        "price": "412 Kč",
        "description": "Kvalitní počítačová skříň typu ATX Miditower, podpora mATX a ATX desek; pozice: 1x 5,25“ externí, 2x 3,5“ externí a 2x 3,5“ interní; pozice pro až 4 ventilátory, přední panel 2x USB 2.0 + audio konektory, zdroje formátu ATX(není součástí)."
    },
    {
        "name": "Porte B31, 2x USB 3.0, černá",
        "price": "412 Kč",
        "description": "Počítačová skříň, podpora mini-ITX, mATX a ATX desek; pozice: 2x 5,25“ externí, 3x 3,5“ interní a 2x 2,5“ interní; pozice pro 2 ventilátory, přední panel 2x USB 3.2 Gen1 a audio konektory; zdroje formátu ATX (není součástí)."
    },
    {
        "name": "Eurocase MC278B, černá",
        "price": "462 Kč",
        "description": "Kvalitní stylová skříň určená pro PC formátu mATX, pozice: 1x 5,25\" externí, 1x 3,5\" externí, 3x 3,5“ interní a 2x 2,5“ interní; 4x slot pro rozšiřující karty, ATX zdroje, přední panel 2x USB 2.0, 1x USB 3.0 a audio konektory."
    },
    {
        "name": "EuroCase ML X404, černá",
        "price": "495 Kč",
        "description": "Počítačová skříň EuroCase ML X404, pro ATX/micro ATX desky, bez zdroje, černě lakovaný plech; pozice: externí - 1 x 5,25\" a 1 x 3,5\", interní - 1 x 3,5\" a 2 x 2,5\". Rozhraní: 2 x USB 2.0, 1 x vstup pro mikrofon, 1 x výstup na sluchátka, čtečka paměťových karet (typ SD, micro SD a MS). Možné osadit ventilátory (nejsou součástí balení): vpředu - 2 x 120mm, bočnice - 1 x 120mm, vzadu - až 1 x 92mm."
    },
    {
        "name": "1stCool JAZZ 1, USB 3.0, černá",
        "price": "495 Kč",
        "description": "Počítačová skříň 1stCOOL JAZZ 1, formát miditower, neobsahuje napájecí zdroj. Pro základní desky typu ITX, microATX a ATX. Vybavení: přední USB panel (1xUSB 3.0+2xUSB2.0) spolu s audio rozhraním. Počet pozic: 3 x 2.5\" (SSD); 2 x 3.5\" (HDD); 1 x 5.25\"."
    },
    {
        "name": "Aerocool CS103-EVO, černá",
        "price": "501 Kč",
        "description": "Kvalitní stylová skříň, podpora mini-ITX a mATX desek; pozice: 1x 5,25\" externí, 2x 3,5“ interní a 2x 2,5“ interní; pozice pro až 3 ventilátory (1x 80 mm předinstalovaný), přední panel 1x USB 3.2 Gen1, 2x USB 2.0 a 2x 3,5 mm jack audio konektor; zdroje formátu ATX (není součástí)."
    },
    {
        "name": "Evolveo M2",
        "price": "520 Kč",
        "description": "Stylově vypadající počítačová skříň Micro ATX. 1x 5,25“ externí pozice, 2x 3,5“ interní pozice, 2x 2,5“ SSDx2, 2x 120 mm přední ventilátor, 120 mm boční ventilátor, 80 mm zadní ventilátor, rozměry 380 x 186 x 365 mm, 7 rozšiřujících slotů, 2x USB 2.0 + 1x USB 3.0 + audio konektory, bez zdroje."
    },
    {
        "name": "Crono MT-760i, černá",
        "price": "570 Kč",
        "description": "Moderní počítačová skříň, podpora ATX desek; pozice: 2x 5,25“ externí, 2x 3,5\" interní, 1x 2,5“ interní; pozice pro 2 ventilátory, přední panel: 1x USB 3.2 Gen1, 2x USB 2.0, 2x 3,5 mm audio jack; bez zdroje."
    },
    {
        "name": "MICRONICS FRONTIER H100, černá",
        "price": "578 Kč",
        "description": "Elegantní skříň s oknem, podpora mini-ITX, mATX a ATX desek; pozice: 1x 3,5“ interní a 1x 2,5“ interní; přední panel: 2x USB 2.0 + audio konektory; zdroje formátu ATX (není součástí)."
    },
    {
        "name": "Zalman T6, černá",
        "price": "578 Kč",
        "description": "Kvalitní elegantní skříň s perforovaným čelem, podpora mini-ITX, mATX a ATX desek; pozice: 1x 5,25\" externí, 2x 3,5“ interní a 2-4x 2,5“ interní; pozice pro 4 ventilátory (1 předinstalovaný), horní panel: 2x USB 2.0, 1x USB 3.0 + audio konektory; zdroje formátu ATX (není součástí)."
    },
    {
        "name": "Zalman ZM-T3, černá",
        "price": "636 Kč",
        "description": "Mini Tower skříň moderního vzhledu, 1x externí 5.25\", 2x interní 3.5\", 3x interní 2.5\", 1x USB 3.0 + 1x USB 2.0, audio konektory, 4 rozšiřující sloty, možnost instalace až 4 ventilátorů, jeden ventilátor je součástí balení, maximální délka VGA 300 mm, pro desky formátu mATX/miniITX, bez zdroje, elegantní černé barevné provedení.",
        "sale": "-6%"
    },
    {
        "name": "1stCool JAZZ 2, USB 3.0, blue fan, černá",
        "price": "609 Kč",
        "description": "Počítačová skříň 1stCOOL JAZZ 2, formát miditower, neobsahuje napájecí zdroj. Pro základní desky typu ITX, microATX a ATX. Vybavení: přední USB panel (USB 3.0) spolu s audio rozhraním. Počet pozic: 3 x 2.5\" (SSD); 2 x 3.5\" (HDD); 1 x 5.25\". Předinstalovaný 1x 12 cm Blue LED větrák vpředu."
    },
    {
        "name": "Evolveo Nate 1, černá",
        "price": "702 Kč",
        "description": "Kvalitní počítačová skříň, pozice: 1x 5,25“ externí, 1x 3,5“ a 2x 2,5\" interní; prostor pro až 4 ventilátory (2x předinstalovaný), 7 rozšiřujících slotů na karty, přední panel: 2x USB 2.0, 1x USB 3.2 Gen1 a 2x 3,5 mm jack konektor; kompatibilní se základními deskami: mATX a ATX.",
        "sale": "-10%"
    },
    {
        "name": "Zalman ZM-T3, černá",
        "price": "636 Kč",
        "description": "Mini Tower skříň moderního vzhledu, 1x externí 5.25\", 2x interní 3.5\", 3x interní 2.5\", 1x USB 3.0 + 1x USB 2.0, audio konektory, 4 rozšiřující sloty, možnost instalace až 4 ventilátorů, jeden ventilátor je součástí balení, maximální délka VGA 300 mm, pro desky formátu mATX/miniITX, bez zdroje, elegantní černé barevné provedení."
    },
    {
        "name": "Zalman ZM-T4, černá",
        "price": "660 Kč",
        "description": "Mini Tower skříň moderního vzhledu, 1x externí 5.25\", 2x interní 3.5\", 3x interní 2.5\", 1x USB 3.0 + 1x USB 2.0, audio konektory, 4 rozšiřující sloty, možnost instalace až 4 ventilátorů, jeden ventilátor je součástí balení, maximální délka VGA 300 mm, pro desky formátu mATX/miniITX, bez zdroje, elegantní černé barevné provedení."
    },
    {
        "name": "1stCool RAINBOW 3, TG, černá",
        "price": "762 Kč",
        "description": "Kvalitní stylová skříň s bočnicí z tvrzeného skla, podpora desek formátu ATX, mATX, mini-ITX; pozice: 2x 3,5“ interní a 2x 2,5“ interní; pozice pro 8 ventilátorů, přední panel: 2x USB 2.0, 1x USB 3.2 Gen1, 2x 3,5 mm audio jack; zdroje formátu ATX (není součástí)."
    },
    {
        "name": "Zalman S2, černá",
        "price": "800 Kč",
        "description": "Kvalitní elegantní skříň s bočnicí z akrylu, podpora mini-ITX, mATX a ATX desek; pozice: 2x 3,5“ interní a 2x 2,5“ interní; pozice pro 8 ventilátorů (1 předinstalovaný), horní panel: 2x USB 2.0, 1x USB 3.0 + audio konektory; zdroje formátu ATX (není součástí).",
        "sale": "-16%"
    },
    {
        "name": "Zalman T7, černá",
        "price": "693 Kč",
        "description": "Kvalitní elegantní skříň s bočnicí z akrylu, podpora mini-ITX, mATX a ATX desek; pozice: 2x 3,5/2,5“ interní a 4x 2,5“ interní; pozice pro 8 ventilátorů (2 předinstalované), přední panel: 2x USB 2.0, 1x USB 3.2 Gen1 a 2x 3,5 mm jack audio konektory; zdroje formátu ATX (není součástí)."
    },
    {
        "name": "Evolveo R05, černá",
        "price": "693 Kč",
        "description": "Elegantní počítačová skříň typu full ATX Miditower, 2x 5,25“ + 1x 3,5“ externí pozice, 4x 3,5“ interní pozice, prostor pro až 3 ventilátory, 7 rozšiřujících slotů, přední 2x USB 2.0 + 1x USB 3.0 + audio konektory, základní desky: ATX a micro ATX, bez zdroje."
    },
    {
        "name": "1stCool JAZZ 2, USB 3.0, blue fan, transparent side, černá",
        "price": "702 Kč",
        "description": "Počítačová skříň 1stCOOL JAZZ 2, formát miditower, transparentní bočnice, neobsahuje napájecí zdroj. Pro základní desky typu ITX, microATX a ATX. Vybavení: přední USB panel (USB 3.0) spolu s audio rozhraním. Počet pozic: 3 x 2.5\" (SSD); 2 x 3.5\" (HDD); 1 x 5.25\". Předinstalovaný 1x 12 cm Blue LED větrák vpředu."
    },
    {
        "name": "nJoy AC00UAH, černá",
        "price": "702 Kč",
        "description": "Kvalitní počítačová skříň s oknem, middletower, pozice: externí 1x 5,25“, interní 2x 5,25“, 3x 3,5“ a 3x 2,5“; prostor pro až 3 ventilátory (1 předinstalovaný), 7 rozšiřujících slotů na karty, přední panel: 1 USB 2.0, 1x USB 3.0 + audio konektory; kompatibilní se základními deskami ATX a micro ATX."
    },
    {
        "name": "Zalman S4, černá",
        "price": "743 Kč",
        "description": "Kvalitní elegantní skříň s bočnicí z akrylu, podpora mini-ITX, mATX a ATX desek; pozice: 2x 3,5“ interní a 1x 2,5“ interní; pozice pro 8 ventilátorů (2 předinstalované), přední panel: 1x USB 2.0, 1x USB 3.2 Gen1 a 2x 3,5 mm jack audio konektory; zdroje formátu ATX (není součástí)."
    },
    {
        "name": "1stCool RAINBOW 1, RGB LED pásek, TG, černá",
        "price": "728 Kč",
        "description": "Kvalitní stylová skříň s bočnicí z tvrzeného skla a RGB LED páskem na předním panelu, podpora desek formátu ATX, mATX, mini-ITX; pozice: 2x 3,5“ interní a 2x 2,5“ interní; pozice pro 8 ventilátorů, přední panel: 2x USB 2.0, 1x USB 3.2 Gen1, 2x 3,5 mm audio jack; zdroje formátu ATX (není součástí).",
        "sale": "-4%"
    },
    {
        "name": "Evolveo Nate 1, černá",
        "price": "702 Kč",
        "description": "Kvalitní počítačová skříň, pozice: 1x 5,25“ externí, 1x 3,5“ a 2x 2,5\" interní; prostor pro až 4 ventilátory (2x předinstalovaný), 7 rozšiřujících slotů na karty, přední panel: 2x USB 2.0, 1x USB 3.2 Gen1 a 2x 3,5 mm jack konektor; kompatibilní se základními deskami: mATX a ATX."
    },
    {
        "name": "BITFENIX NOVA, bílá",
        "price": "736 Kč",
        "description": "Kvalitní a elegantní skříň od značkového výrobce, provedení Miditower, 1x 5.25“ externí pozice, 4x 3.5“ pozice + 2x 2.5\" pozice, podpora až 3 ventilátorů (1x 120mm předinstalován), 7 rozšiřujících slotů, 1x USB 3.0 + 1x USB 2.0 + audio konektory, podpora základních desek Mini-ITX, Micro-ATX a ATX, bez zdroje, stylové barevné provedení."
    }
]