[
    {
        "name": "Stepper inSPORTline PROFI Imperial",
        "description": "Stepper pro nejnáročnější, robustní konstrukce, zátěžové kolo, vysoká …",
        "price": "18 990 Kč",
        "sale": "(35%)"
    },
    {
        "name": "Běžecký pás Capital Sports Workspace Go",
        "description": "Inovativní běžecký pás bez madel, který opět snižuje prostorovou náročnost! …",
        "price": "9 990 Kč"
    },
    {
        "name": "Běžecký pás Capital Sports Pacemaker F120 Pro",
        "description": "Revoluční běžecký pás s jednoručními činkami, vibračním pásem a …",
        "price": "16 990 Kč"
    },
    {
        "name": "Běžecký pás KLARFIT Treado Active",
        "description": "Extrémně skladný běžecký pás. 12 přednastavených programů, maximální …",
        "price": "12 690 Kč"
    },
    {
        "name": "Běžecký pás Spartan Creative",
        "description": "Spolehlivý stroj se širokou programovou výbavou a pokročilým nastavením! Díky …",
        "price": "18 990 Kč"
    },
    {
        "name": "Běžecký pás inSPORTline Galdigar",
        "description": "Jedinečný stroj, který funguje jako motorový i bezmotorový pás! Navíc má …",
        "price": "99 990 Kč",
        "sale": "(13%)"
    },
    {
        "name": "Mini rotoped KLARFIT Minibike 2G bílá",
        "description": "Malý rotoped, se kterým v pohodlí domova procvičíte ruce i nohy. Snadné …",
        "price": "1 590 Kč"
    },
    {
        "name": "Mini rotoped KLARFIT Minibike 2G černá/oranžová",
        "description": "Malý rotoped, se kterým v pohodlí domova procvičíte ruce i nohy. Snadné …",
        "price": "1 590 Kč"
    },
    {
        "name": "Rotoped Spartan Magnetic 800",
        "description": "Spolehlivý rotoped v oblíbeném provedení - magnetický brzdný systém, ruční …",
        "price": "6 590 Kč"
    },
    {
        "name": "Skládací rotoped Capital Sports Azura M1",
        "description": "Lehký, tichý a skladný - zkrátka ideální pro domácí cvičení. O nic vás ale …",
        "price": "5 190 Kč"
    },
    {
        "name": "Cyklotrenažér Capital Sports Evo Race",
        "description": "Užijte si doma plynulou a ničím nerušenou jízdu! S vysokou nosností a …",
        "price": "16 190 Kč"
    },
    {
        "name": "Cyklistické válce Elite Arion Mag",
        "description": "Parabolické válce s magnetickým systémem odporu a skládací konstrukcí! Rám se …",
        "price": "9 800 Kč",
        "sale": "(11%)"
    },
    {
        "name": "Verticon inSPORTline Club",
        "description": "Robustní lezecký trenažer, který se přizpůsobí tvému tempu! Žádná …",
        "price": "34 990 Kč",
        "sale": "(13%)"
    },
    {
        "name": "Verticon inSPORTline Home",
        "description": "Domácí lezecký trenažer a stepper 2v1, na kterém překročíte hranice svých …",
        "price": "24 690 Kč",
        "sale": "(10%)"
    },
    {
        "name": "Stepper KLARFIT Treppo",
        "description": "Robustní stepper s hydraulickými tlumiči a vyšší nosností pro intenzivní …",
        "price": "5 990 Kč"
    },
    {
        "name": "Verticon inSPORTline Profi",
        "description": "Profesionální lezecký trenažer s vysokou nosností, nastavitelnou zátěží a …",
        "price": "97 990 Kč",
        "sale": "(18%)"
    },
    {
        "name": "Podložka pod přední kolo Elite Sterzo Steering Travel Block",
        "description": "Praktická podložka pod přední kolo vyrovnává jeho stabilitu a eliminuje přenos …",
        "price": "1 049 Kč"
    },
    {
        "name": "Běžecký pás inSPORTline inCondi T6000i",
        "description": "Profi pás s možností propojení s aplikaci, velká běžecká plocha, funkce pauza, …",
        "price": "62 990 Kč",
        "sale": "(10%)"
    },
    {
        "name": "Běžecký pás inSPORTline Akamar",
        "description": "Robustní pás s elektronickým sklonem plochy, lehce skladovatelný, tichý chod, …",
        "price": "18 390 Kč",
        "sale": "(16%)"
    },
    {
        "name": "Běžecký pás inSPORTline Gardian G8",
        "description": "Robustní profesionální pás se spolehlivým motorem, elegantním designem, …",
        "price": "84 890 Kč",
        "sale": "(10%)"
    },
    {
        "name": "Běžecký pás inSPORTline Neblin",
        "description": "Pás vhodný pro chůzi a rekonvalescenci, pevná konstrukce, držadla po celé …",
        "price": "13 690 Kč",
        "sale": "(10%)"
    },
    {
        "name": "Magnetický běžecký pás inSPORTline Excel Run",
        "description": "Bezmotorový běžecký pás, pohyblivá madla pro funkci severské chůze, manuální …",
        "price": "6 490 Kč",
        "sale": "(21%)"
    },
    {
        "name": "Běžecký pás inSPORTline Sprynkl",
        "description": "Bezmotorový běžecký pás ideální především na rychlou chůzi nebo simulaci …",
        "price": "5 990 Kč",
        "sale": "(18%)"
    },
    {
        "name": "Běžecký pás inSPORTline AeroHike",
        "description": "Jedinečný trenažer nejen pro workoholiky - užijte si 40 stupňů stoupání a …",
        "price": "44 590 Kč",
        "sale": "(11%)"
    },
    {
        "name": "Chodicí pás s hrazdou inSPORTline Tongu",
        "description": "Unikátní bezmotorový pás zkombinovaný se samostojnou hrazdou, bradly a dokonce i …",
        "price": "18 990 Kč",
        "sale": "(10%)"
    },
    {
        "name": "Běžecký pás inSPORTline Mystral",
        "description": "Výkonný, ale skladný běžecký pás s prostornou běžeckou plochou a širokou …",
        "price": "40 190 Kč",
        "sale": "(22%)"
    },
    {
        "name": "Běžecký pás inSPORTline Gardian G12TF",
        "description": "Výkonný obr s neuvěřitelně prostornou běžeckou plochou a chytrým displejem! …",
        "price": "166 990 Kč",
        "sale": "(10%)"
    },
    {
        "name": "Běžecký pás inSPORTline Gardian G12",
        "description": "Velmi robustní profesionální pás se spolehlivým motorem, prostornou běžeckou …",
        "price": "144 790 Kč",
        "sale": "(10%)"
    },
    {
        "name": "Chodící pás inSPORTline Hill Pro",
        "description": "Snadno ovladatelný bezmotorový pás simulující chůzi do kopce, s tichým, …",
        "price": "22 390 Kč",
        "sale": "(10%)"
    },
    {
        "name": "Bezmotorový běžecký pás inSPORTline Air-Run",
        "description": "Robustní běžecký pás s revoluční běžeckou plochou, která díky svému …",
        "price": "111 390 Kč",
        "sale": "(17%)"
    },
    {
        "name": "Eliptical inSPORTline Atlanta Black",
        "description": "Léty osvědčený trenažer, který si tě získá svým jednoduchým ovládáním, …",
        "price": "11 190 Kč",
        "sale": "(13%)"
    },
    {
        "name": "Eliptical inSPORTline Caracas",
        "description": "Chytře stavěný moderní trenažer s širokou nabídkou programů a tichým chodem, …",
        "price": "18 990 Kč",
        "sale": "(17%)"
    },
    {
        "name": "Eliptický trenažér inSPORTline inCondi ET650i",
        "description": "Nastavitelná délka kroku, propracovaný 7\" TFT displej, plně elektronické …",
        "price": "27 690 Kč",
        "sale": "(10%)"
    },
    {
        "name": "Eliptical inSPORTline inCondi ET660i II",
        "description": "Výkonný domácí eliptikal s manuálním zdvihem, na kterém procvičíš …",
        "price": "27 790 Kč",
        "sale": "(10%)"
    },
    {
        "name": "Eliptical inSPORTline Galicum",
        "description": "Tichý a výkonný stroj, který si vygeneruje vlastní energii a má spoustu …",
        "price": "55 690 Kč",
        "sale": "(10%)"
    },
    {
        "name": "Eliptický trenažér inSPORTline Avalor ET",
        "description": "Robustní konstrukce, plně elektronické ovládání, magnetický brzdný systém, …",
        "price": "38 990 Kč",
        "sale": "(11%)"
    },
    {
        "name": "Eliptický trenažer inSPORTline inCondi ET2000i",
        "description": "Super moderní profesionální eliptikal s nastavitelnou délkou kroku a WiFi …",
        "price": "73 490 Kč",
        "sale": "(10%)"
    },
    {
        "name": "Skládací mini rotoped Spartan Mini Bike",
        "description": "Možnost složení pomocí sklápěcí konstrukce, manuální ovládání, vhodné pro …",
        "price": "1 190 Kč"
    },
    {
        "name": "AirBike inSPORTline Basic",
        "description": "Skvělý domácí trenažer pro okamžitý intenzivní trénink! Jednoduché …",
        "price": "5 590 Kč",
        "sale": "(10%)"
    },
    {
        "name": "Mini rotoped inSPORTline Pynero",
        "description": "Malý rotoped, se kterým v pohodlí domova procvičíte ruce i nohy. Snadné …",
        "price": "1 490 Kč",
        "sale": "(12%)"
    },
    {
        "name": "Mini rotoped inSPORTline Raryo",
        "description": "Mimořádně skladný stroj s plynulým nastavením zátěže, se kterým doma …",
        "price": "819 Kč",
        "sale": "(12%)"
    },
    {
        "name": "Skládací rotoped inSPORTline Xbike Light",
        "description": "Ultra lehký rotoped, který nikde nepřekáží! Procvič svaly, ušetři místo doma …",
        "price": "2 290 Kč",
        "sale": "(12%)"
    },
    {
        "name": "Skládací rotoped inSPORTline Xbike Cube",
        "description": "Lehký a tichý rotoped se skládací konstrukcí v zajímavém designu! Skvělá …",
        "price": "3 890 Kč",
        "sale": "(13%)"
    },
    {
        "name": "Recumbent inSPORTline Rapid RMB",
        "description": "Manuálně ovládaný, gelové sedlo, magnetický brzdný systém, LCD displej, …",
        "price": "6 690 Kč",
        "sale": "(27%)"
    },
    {
        "name": "Recumbent inSPORTline Varis",
        "description": "Manuálně ovládaný, gelové sedlo, magnetický brzdný systém, LCD displej, …",
        "price": "5 590 Kč",
        "sale": "(23%)"
    },
    {
        "name": "Recumbent inSPORTline inCondi R60i",
        "description": "Elektronicky ovládaný, propojení s iOS a Android aplikacemi, HRC program, pohodlné …",
        "price": "18 390 Kč",
        "sale": "(11%)"
    },
    {
        "name": "Recumbent inSPORTline Halimed",
        "description": "Stabilní recumbent na doma, se kterým si dáte pořádně do těla. S tichým …",
        "price": "28 990 Kč",
        "sale": "(12%)"
    },
    {
        "name": "Rotoped inSPORTline Omahan UB",
        "description": "Parádní domácí stroj s vysokou nosností a řadou zajímavých funkcí! Užijte si …",
        "price": "12 790 Kč",
        "sale": "(10%)"
    },
    {
        "name": "Rotoped inSPORTline Valdosa",
        "description": "Stabilní rotoped na doma, se kterým si dáte pořádně do těla. S tichým chodem, …",
        "price": "20 090 Kč",
        "sale": "(10%)"
    },
    {
        "name": "Recumbent inSPORTline inCondi R600i",
        "description": "Plně elektronický recumbent, který díky mobilní aplikaci dodá tréninku nové …",
        "price": "22 990 Kč",
        "sale": "(14%)"
    },
    {
        "name": "Rotoped inSPORTline Gemini B200",
        "description": "Robustní profesionální rotoped s vlastním generátorem energie, přehledným …",
        "price": "34 390 Kč",
        "sale": "(10%)"
    },
    {
        "name": "Recumbent inSPORTline Gemini R200",
        "description": "Robustní profesionální recumbent s vlastním generátorem energie, přehledným …",
        "price": "40 190 Kč",
        "sale": "(11%)"
    },
    {
        "name": "Rotoped inSPORTline inCondi UB600i",
        "description": "Spolehlivý a odolný rotoped s iOS a Android připojením, který díky mobilní …",
        "price": "17 890 Kč",
        "sale": "(10%)"
    },
    {
        "name": "Rotoped inSPORTline Moriston UB",
        "description": "Profesionální rotoped s robustní konstrukcí a vlastním generátorem energie, …",
        "price": "28 990 Kč",
        "sale": "(12%)"
    },
    {
        "name": "Recumbent inSPORTline Moriston RMB",
        "description": "Profesionální recumbent s robustní konstrukcí a vlastním generátorem energie, …",
        "price": "34 495 Kč",
        "sale": "(12%)"
    },
    {
        "name": "Veslovací trenažér inSPORTline Yakapa",
        "description": "Tři druhy cvičení, možnost propojení s aplikací, plynulý pojezd, vlastní …",
        "price": "40 190 Kč",
        "sale": "(11%)"
    },
    {
        "name": "Cyklotrenažér inSPORTline Drakkaris",
        "description": "Skvěle vyvážený domácí trenažer, který zaujme silným setrvačníkem, …",
        "price": "12 290 Kč",
        "sale": "(10%)"
    },
    {
        "name": "Cyklotrenažér inSPORTline inCondi S800i",
        "description": "Trénujte na úrovni! Využijte propojení s aplikací, plně elektronické …",
        "price": "21 090 Kč",
        "sale": "(9%)"
    },
    {
        "name": "Cyklotrenažér inSPORTline inCondi S1000i",
        "description": "Nedělejte kompromisy mezi tréninkem a zábavou! Užívejte si plně elektronické …",
        "price": "27 790 Kč",
        "sale": "(10%)"
    }
]