[
    {
        "name": "Logitech Wireless M185 šedá",
        "price": "399,-",
        "description": "myš optická, bezdrátová, nano přijímač s konektorem USB uschovatelný do těla myši, 1000dpi, inteligentní řízení spotřeby, napájení pomocí 1ks AA baterie, vhodná k notebooku, černo šedá"
    },
    {
        "name": "Trust Verto Wireless Ergonomic Mouse",
        "price": "499,-",
        "description": "vertikální myš, bezdrátová, optická, až 1600 DPI, 6 tlačítek, rádiová 2.4GHz, dosah až 10 metrů, USB nano přijímač, působí preventivně proti onemocnění karpálního tunelu, 2x baterie AAA"
    },
    {
        "name": "C-Tech WLM-02, černá",
        "price": "129,-",
        "description": "myš bezdrátová, optická, Wireless Optical Mouse, až 1600 DPI, rádiová 2.4GHz, dosah až 10 metrů, USB nano přijímač"
    },
    {
        "name": "Yenkee YMS 3027 SHADOW",
        "price": "399,-",
        "description": "YENKEE YMS 3027 SHADOW Programovatelná herní myš RGB SHADOW, Přesný a precizní snímač 4 800 DPI, Vhodné pro leváky a praváky"
    },
    {
        "name": "Logitech Wireless Mouse M705 Marathon",
        "price": "990,-",
        "description": "myš laserová, bezdrátová rádiová, Unifying nano přijímač na USB umožňující spárování až se 6 zařízeními, 1000dpi, 5 tlačítek, naklápěcí kolečko, revoluční kolečko s rychlým skrolováním, životnost baterií až 3 roky, dosah až 10m"
    },
    {
        "name": "Trust Verto Ergonomic Mouse",
        "price": "355,-",
        "description": "optická myš, vertikální design, drátová USB, až 1600dpi, 6 tlačítek, černá, pro pravoruké uživatele, 150cm kabel, modré LED osvětlení, díky ergonomickému vertikálnímu provedení se snižuje míra námahy na rameno a zápěstí\n,"
    },
    {
        "name": "Logitech G502 LIGHTSPEED",
        "price": "2 999,-",
        "description": "myš optická, bezdrátov8 LIGHTSPEED, 100 až 16000dpi, 40G, senzor HERO, 32bitový ARM procesor, 10 tlačítek, odezva 1ms, plně programovatelná"
    },
    {
        "name": "Genius DX-110 černá (31010116107)",
        "price": "97,-",
        "description": "Myš, drátová, optická, 1000 dpi, USB, černá",
        "sale": "Sleva -45 %"
    },
    {
        "name": "A4tech BLOODY V8 herní myš, až 3200DPI, V-Track technologie, 160KB paměť, USB, CORE 2",
        "price": "459,-",
        "description": "A4tech BLOODY V8 herní myš, až 3200DPI, V-Track technologie, 160KB paměť, USB, CORE 2"
    },
    {
        "name": "C-Tech WLM-01 černá",
        "price": "124,-",
        "description": "myš bezdrátová, optická, Wireless Optical Mouse, 1200 DPI, rádiová 2.4GHz, dosah až 10 metrů, USB nano přijímač, černá"
    },
    {
        "name": "Yenkee YMS 3030WE SHOTGUN",
        "price": "399,-",
        "description": "YENKEE YMS 3030WE SHOTGUN Herní myš, Ultra lehká a perforovaná konstrukce, Spolehlivý a přesný 6400 DPI senzor, Programovatelná tlačítka a RGB podsvícení,"
    },
    {
        "name": "Logitech G403 HERO",
        "price": "1 299,-",
        "description": "myš optická, konektor USB, 100 až 16000dpi, zrychlení 40G, 6 tlačítek, odezva 1ms, RGB podsvícení, 32bitový ARM, HERO senzor"
    },
    {
        "name": "Trust GXT 107 Izza Wireless Gaming Mouse",
        "price": "499,-",
        "description": "bezdrátová herní myš, optická, přijímač USB, 800 až 2000dpi, 6 tlačítek, RF 2.4GHz, dosah až 10m, 7 barev podsvícení LED, 1x AA baterie, barva černá",
        "sale": "Sleva -29 %"
    },
    {
        "name": "HyperX herní myš Pulsefire Core",
        "price": "871,-",
        "description": "Myš HyperX Pulsefire Core™ nabízí vše podstatné, co mohou hráči od bytelné pohodlné herní myši s připojením přes kabel a s osvětlením v RGB vyžadovat. Optický snímač Pixart 3327 umožňuje hráčům přesný a plynulý pohyb bez hardwarové akcelerace, s nativním ..."
    },
    {
        "name": "HyperX herní myš Pulsefire Surge",
        "price": "1 290,-",
        "description": "HyperX Pulsefire Surge™ světelné efekty v RGB, které umožňuje její jedinečný světelný proužek, rozlišení až 16 000 DPI"
    },
    {
        "name": "GENIUS myš NX-7000 zelená (31030109111)",
        "price": "167,-",
        "description": "Bezdrátová myš pro práci s PC i notebookem, citlivý snímač Blue-Eye s rozlišením 1200 dpi, 2tlačítka + rolovací kolečko,miniaturní USB přijímač",
        "sale": "Sleva -51 %"
    },
    {
        "name": "Gembird MUSW-4B-01, černá",
        "price": "139,-",
        "description": "myš optická, bezdrátová 2.4GHz, wireless optical mouse, 800-1600 DPI, dosah až 10 metrů, USB nano přijímač, baterie AA není součástí"
    },
    {
        "name": "GENIUS NX-7015 kovově šedá",
        "price": "226,-",
        "description": "Myš, bezdrátová, optická, 1600dpi, Blue-Eye senzor, kovově šedá",
        "sale": "Sleva -24 %"
    },
    {
        "name": "Hama MW 900 černá (182672)",
        "price": "559,-",
        "description": "Hama MW 900, laserová myš, bezdrátová, auto/pevné dpi 2400/1000, 7 tlačítek včetně kolečka, tichá tlačítka, USB nano přijímač, baterie 2x AA (v balení), černá"
    },
    {
        "name": "CANYON herní vertikální myš Emisat CND-SGM14RGB",
        "price": "749,-",
        "description": "Vertikální herní myš Emisat: vysoce kvalitní optický snímač Pixart PAW3212, 7 programovatelných tlačítek, nastavitelné DPI: 500/1000/2000/3000/4000/4800, 5D joystick s podporou dvou režimů, doplňkový software na konfiguraci nastavení, makro funkce, 10 rež..."
    },
    {
        "name": "Logitech Wireless M185 modrá",
        "price": "379,-",
        "description": "myš optická, bezdrátová, nano přijímač s konektorem USB uschovatelný do těla myši, 1000dpi, inteligentní řízení spotřeby, napájení pomocí 1ks AA baterie, vhodná k notebooku, černo modrá"
    },
    {
        "name": "Logitech Wireless M185 červená",
        "price": "379,-",
        "description": "myš optická, bezdrátová, nano přijímač s konektorem USB uschovatelný do těla myši, 1000dpi, inteligentní řízení spotřeby, napájení pomocí 1ks AA baterie, vhodná k notebooku, černo červená"
    },
    {
        "name": "Logitech G305 LIGHTSPEED Black",
        "price": "1 199,-",
        "description": "myš optická, bezdrát LIGHTSPEED nano přijímač, 100 až 12000dpi, 40G, senzor HERO, 32bitový ARM procesor, 6 tlačítek, odezva 1ms, plně programovatelná",
        "sale": "Sleva -28 %"
    },
    {
        "name": "Logitech G603 LIGHTSPEED",
        "price": "1 599,-",
        "description": "myš optická, bezdrát BlueTooth nebo LIGHTSPEED, 200 až 12000dpi, 40G, senzor HERO, 32bitový ARM procesor, 6 tlačítek, odezva 1ms, plně programovatelná",
        "sale": "Sleva -27 %"
    }
]