[
  {
    "title": "Beeple NFT Artwork Sells for $6.6 M. Ahead of Viral Christie’s Auction",
    "synopsis": "According to the online marketplace, the work broke the record for a digital artwork at auction.",
    "author": "Tessa Solomon",
    "timestamp": "Feb 25, 2021 4:38 pm"
  },
  {
    "title": "Seattle Art Museum, Yale Receive ‘Transformative’ Gifts of Modern Art by Rothko, Krasner, More",
    "synopsis": "The Friday Foundation also gave works to the Yale University Art Gallery.",
    "author": "Tessa Solomon",
    "timestamp": "Feb 25, 2021 1:00 pm"
  },
  {
    "title": "Alleged Putin Architect Talks, KAWS Show Opens at Brooklyn Museum, and More: Morning Links from February 25, 2021",
    "synopsis": "Here's what we're reading this morning.",
    "author": "The Editors of ARTnews",
    "timestamp": "Feb 25, 2021 9:31 am"
  },
  {
    "title": "Judith F. Baca’s Iconic ‘Great Wall’ Mural Gets an Update, Thanks to a Major Grant",
    "synopsis": "The Los Angeles public artwork will get extended to the current moment, just in time for the Olympics.",
    "author": "Maximilíano Durón",
    "timestamp": "Feb 24, 2021 5:10 pm"
  },
  {
    "title": "U.S. House Curator Seeking $25,000 to Repair Art Vandalized During the Capitol Riots",
    "synopsis": "A number of pieces were doused in fire extinguisher residue.",
    "author": "Tessa Solomon",
    "timestamp": "Feb 24, 2021 1:18 pm"
  },
  {
    "title": "Jeff Koons, Centre Pompidou Lose Appeal on French Fashion Ad Plagiarism Suit",
    "synopsis": "The artist and the museum must pay $230,400.",
    "author": "Alex Greenberger",
    "timestamp": "Feb 24, 2021 12:19 pm"
  },
  {
    "title": "Hong Kong’s M+ Museum Receives Significant Donation of Contemporary Asian Art as Opening Nears",
    "synopsis": "The gift from Hallam Chow includes pieces by Aida Makoto, Lee Bul, Liang Yuanwei, and others.",
    "author": "Claire Selvin",
    "timestamp": "Feb 24, 2021 10:00 am"
  },
  {
    "title": "Poet and Artist Lawrence Ferlinghetti Dies at 101, Artists Consider Covid Memorials, and More: Morning Links from February 24, 2021",
    "synopsis": "Here's what we're reading this morning.",
    "author": "The Editors of ARTnews",
    "timestamp": "Feb 24, 2021 9:32 am"
  },
  {
    "title": "James Bishop, Inimitable Painter of Understated Abstractions, Has Died at 93",
    "synopsis": "Carter Ratcliff, John Ashbery, and others helped boost the reputation of his art.",
    "author": "Alex Greenberger",
    "timestamp": "Feb 23, 2021 3:54 pm"
  },
  {
    "title": "The ARTnews Accord: Curators Rita Gonzalez and Mari Carmen Ramirez Talk Supporting Latin American and Latinx Art",
    "synopsis": "They are focused on creating new audiences at LACMA and the MFA Houston, respectively.",
    "author": "Maximilíano Durón",
    "timestamp": "Feb 23, 2021 3:16 pm"
  }
]
