[
  {
    "title": "Apple vydal již třetí beta verzi iOS 14.5, ve které potvrdil brzký příchod AirTags",
    "synopsis": "Opět uplynulo 14 dní od vydání poslední bety a začátkem týdne všichni vývojáři a veřejní beta testeři očekávali  novou aktualizaci.…",
    "author": "Dominik Ulč",
    "timestamp": "04/03/2021"
  },
  {
    "title": "Unikla první fotografie Apple Pencil 3. V čem se bude lišit další jablečná tužka od současné generace?",
    "synopsis": "Na internetu se v poslední době objevuje čím dál více informací odhalující výbavu chystaných iPadů. Tato neustále sílící vlna úniků…",
    "author": "Richard Streit",
    "timestamp": "04/03/2021"
  },
  {
    "title": "Betaverze macOS 11.3 napovídá, že Apple nejspíše zablokuje nástroj Rosetta 2 v některých regionech",
    "synopsis": "Stejně jako Rosetta 1 i Rosetta 2 je nástroj, který překládá software mezi různými architekturami instrukčních sad. V případě druhé…",
    "author": "Matyáš Himmer",
    "timestamp": "04/03/2021"
  },
  {
    "title": "Marsovskou sondu Perseverance pohání stejný procesor, jaký Apple použil u počítače iMac G3 z roku 1998",
    "synopsis": "Pokud pravidelně sledujete dění na poli technologií, pravděpodobně vám neunikla zpráva o přistání sondy Perseverance na planetě Mars. Rover dosedl…",
    "author": "Richard Streit",
    "timestamp": "03/03/2021"
  },
  {
    "title": "Využijte jarní slevové akce a získejte licence Microsoft Office a Windows 10 za nejlepší ceny na trhu",
    "synopsis": "Ať to tak zatím venku nevypadá, jaro už pomalu klepe na dveře a s ním také nová prodejní kampaň internetového…",
    "author": "PR článek",
    "timestamp": "03/03/2021"
  },
  {
    "title": "Apple stále přemýšlí nad skládacím iPhonem. Objevit by se mohl za dva roky",
    "synopsis": "O tom, jak bude vypadat iPhone 13, už dnes spekuluje kdekdo. Populární analytik Ming-Chi Kuo se ve své poslední zprávě…",
    "author": "Michal Benatzky",
    "timestamp": "03/03/2021"
  },
  {
    "title": "Známý analytik tvrdí, že Apple pracuje na iPhonu bez výřezu v displeji",
    "synopsis": "Takzvaný notch se poprvé objevil u iPhonu X v roce 2017, který přešel na zbrusu nový bezrámečkový vzhled. Nacházíme se…",
    "author": "Matyáš Himmer",
    "timestamp": "02/03/2021"
  },
  {
    "title": "iPhone 13 má nabídnout mamutí kapacitu paměti, potěšit má i milovníky mobilní fotografie",
    "synopsis": "Pokud byste se zeptali uživatelů, co jim na iPhonech nejvíce vadí, nejspíše byste narazili na výtky směřující ke kapacitu interního…",
    "author": "Richard Streit",
    "timestamp": "02/03/2021"
  },
  {
    "title": "Výkon M1 čipů a mini LED displej. Jaký bude nejnovější iPad Pro 2021?",
    "synopsis": "S blížícím se jarem a možností tradiční březnové konference vyplouvá na povrch řada spekulací a nejrůznějších úniků ze světa Applu.…",
    "author": "David Pravda",
    "timestamp": "02/03/2021"
  },
  {
    "title": "86 procent mobilních telefonů iPhone používá nejnovější iOS 14",
    "synopsis": "Každý rok Apple představí novou verzi operačního systému iOS. Aktualizace jsou obsáhlé a většinou s sebou přinesou vylepšení zabezpečení, nové…",
    "author": "Matyáš Himmer",
    "timestamp": "28/02/2021"
  },
  {
    "title": "Windows Phone už používat nemůže. Bill Gates na Clubhousu prozradil, proč má raději Android",
    "synopsis": "Bill Gates by byl asi nejraději, kdyby mohl používat smartphone, který vznikl v Microsoftu. Případně alespoň jeho operační systém. Miliardář,…",
    "author": "Michal Benatzky",
    "timestamp": "27/02/2021"
  },
  {
    "title": "Vědecká studie zkoumá, zda mohou Apple Watch odhalit časné známky srdečního selhání",
    "synopsis": "Vědcům z torontské univerzity (Univerzity Health Network / UHN) se podařilo najít způsob, jak využít nejnovější generaci Apple Watch pro…",
    "author": "Richard Streit",
    "timestamp": "26/02/2021"
  },
  {
    "title": "Ovládání gesty a zvuk vysílaný vibracemi přímo do lebky. Co by mohly přinést AirPods Pro 2?",
    "synopsis": "Od představení sluchátek AirPods Pro už uběhl více než rok. Poprvé se totiž objevily na podzim roku 2019. Mnozí tedy…",
    "author": "Michal Benatzky",
    "timestamp": "25/02/2021"
  },
  {
    "title": "Nový iMac dorazí ve stejných barvách jako iPad Air, pohánět ho bude zbrusu nový ARM procesor",
    "synopsis": "Každý, kdo alespoň trochu sleduje dění kolem Applu, tak mu s nejvyšší pravděpodobností neunikla informace o přechodu na vlastní procesory.…",
    "author": "Richard Streit",
    "timestamp": "25/02/2021"
  },
  {
    "title": "Elon Musk slibuje, že rychlost připojení přes Starlink naroste do konce roku na 300 Mbps",
    "synopsis": "Americká firma SpaceX pracuje od roku 2015 na projektu, který nese jméno Starlink. Tento ambiciózní projekt má za úkol poskytnout…",
    "author": "Sebastian Himmer",
    "timestamp": "24/02/2021"
  },
  {
    "title": "Nové MacBooky Pro dorazí se čtečkou SD karet. Chybět údajně nemá ani HDMI a MagSafe",
    "synopsis": "Když Apple přestavil v roce 2016 inovovaný MacBook Pro, řada uživatelů nemohla překousnout zásadní změny v portové výbavě. V průběhu…",
    "author": "Richard Streit",
    "timestamp": "24/02/2021"
  },
  {
    "title": "Apple je po letech jedničkou. Prodal více smartphonů než Samsung",
    "synopsis": "Apple má po pěti letech důvod k oslavě. Poprvé od roku 2016 totiž porazil Samsung a stal se nejúspěšnějším výrobcem…",
    "author": "Michal Benatzky",
    "timestamp": "23/02/2021"
  },
  {
    "title": "Desetitisíce Maců je napadeno záhadným malwarem Silver Sparrow. Podle expertů jde o vážnou hrozbu",
    "synopsis": "Mezi uživateli Applu již dlouhé roky koluje mýtus, že operační systém macOS je do značné míry imunní vůči virům a…",
    "author": "Richard Streit",
    "timestamp": "23/02/2021"
  },
  {
    "title": "Chrome využívá desetkrát více RAM paměti než Safari, ukazují poslední testy",
    "synopsis": "Internetové prohlížeče Safari a Chrome jsou jednoznačně dvěma nejpoužívanějšími programy na platformě macOS. Každý z nich přináší různé benefity, ale…",
    "author": "Matyáš Himmer",
    "timestamp": "22/02/2021"
  },
  {
    "title": "9 důvodů proč přejít z Windows na Apple Macbook",
    "synopsis": "O tom, jestli je lepší Mac, nebo počítač s Windows diskutují lidé už skoro stejně dlouho jako o tom, jestli…",
    "author": "PR článek",
    "timestamp": "22/02/2021"
  }
]
