[
    {
        "title": "Samsung S24F350F",
        "price": "2 990,-",
        "description": "LED monitor, Full HD 1920x1080, Statický kontrast 1000:1, Megadynamický kontrast, 250cd/m2, 4ms, HDMI, VGA vstup, široké pozorovací úhly, Certifikace Windows 10, herní režim, FreeSync, Herní režim, Samsung MagicUpscale,  Eye Saver"
    },
    {
        "title": "DELL SE2416H (210-AFZC)",
        "price": "2 890,-",
        "description": "LED monitor, 23,8\", 3H, IPS, 16:9, 1920x1080, 1000:1, 6ms, HDMI, VGA, černý, 3YNBD on-site"
    },
    {
        "title": "Lenovo Tiny-In-One 22 G4 (11GSPAT1EU)",
        "price": "5 189,-",
        "description": "monitor LCD, širokoúhlý, 21,5\", IPS WLED, 16:9, FHD, 250cd-m2, 1000:1, 6ms, DP, USB, kamera, VESA, šachta pro Tiny PC, TCO 8.0"
    },
    {
        "title": "Philips 243V7QJABF 23,8\" (243V7QJABF/00)",
        "price": "2 920,-",
        "description": "monitor LCD, 23,8\", širokoúhlý, IPS, LED podsvícení, matný, 1920x1080, 1000:1, 250cd, 5ms, D-Sub, HDMI, DP, repro, Flicker-free, LowBlue Mode"
    },
    {
        "title": "Samsung S27F358F",
        "price": "3 790,-",
        "description": "LED monitor, Full HD 1920x1080, Statický kontrast 1000:1, Megadynamický kontrast, 250cd/m2, 4ms, HDMI, DisplayPort, široké pozorovací úhly, Certifikace Windows 10, herní režim, FreeSync, Herní režim, Samsung MagicUpscale,  Eye Saver"
    },
    {
        "title": "AOC 24B1H 23,6\"",
        "price": "2 950,-",
        "description": "monitor LCD, 23.6\", širokoúhlý, MVA, LED podsvícení, 1920x1080@60Hz, 30mil.:1, 250cd, 5ms, D-Sub, HDMI"
    },
    {
        "title": "Samsung S24F356F",
        "price": "3 490,-",
        "description": "LED monitor, Full HD 1920x1080, Statický kontrast 1000:1, Megadynamický kontrast, 250cd/m2, 4ms, HDMI, VGA vstup, široké pozorovací úhly, Certifikace Windows 10, herní režim, FreeSync, Herní režim, Samsung MagicUpscale,  Eye Saver",
        "discount": "Sleva -20 %"
    },
    {
        "title": "DELL P2419H (210-APWU)",
        "price": "4 290,-",
        "description": "LED monitor, 23,8\" FHD, 3H IPS, 1920x1080, 16:9, 1000:1, 5ms, 4x USB, DisplayPort, HDMI, VGA, 3YNBD on-site"
    },
    {
        "title": "DELL SE2216H (210-AFZR)",
        "price": "2 490,-",
        "description": "LED monitor, 21,5\", VA, 16:9, 1920x1080, Full HD, 3000:1, 12ms, HDMI, VGA, černý, 3YNBD on-site"
    },
    {
        "title": "ASUS VA24EHE",
        "price": "2 990,-",
        "description": "monitor LCD, 23.8\" širokoúhlý, TFT IPS, LED podsvícení, Full HD 1920x1080, 1000:1, 10M:1, 250cd, 5ms, 75Hz, HDMI, D-Sub, DVI, černá"
    },
    {
        "title": "Philips 243V7QDAB 23,8\" (243V7QDAB/00)",
        "price": "2 950,-",
        "description": "monitor LCD, 23,8\", širokoúhlý, IPS, LED podsvícení, matný, 1920x1080, 1000:1, 250cd, 5ms, D-Sub, DVI-D, HDMI, repro, Flicker-free, LowBlue Mode"
    },
    {
        "title": "ASUS MB168B",
        "price": "3 790,-",
        "description": "monitor LCD, přenosný širokoúhlý, 15.6\" WLED TN 1366x768, kontrast 500:1, max. jas 200cd, odezva 11ms, napájení a přenos dat jedním kabelem USB 3.0"
    },
    {
        "title": "Samsung U28E590D",
        "price": "6 990,-",
        "description": "elegantní designový UHD monitor, 28\", širokoúhlý, LED podsvícení, 3840x2160, 370cd, 1ms, 2xHDMI, Display Port, konektor na sluchátka, HDMI kabel a DP v balení"
    },
    {
        "title": "DELL P2421 Professional (210-AWLE)",
        "price": "5 290,-",
        "description": "LED monitor, 24,1\", IPS, 1920x1200, 16:10, 1000:1, 8ms, 300cd/m2, HDMI, DisplayPort, VGA, DVI-D, 2x USB 3.0, 2x USB 2.0, Pivot, 3YNBD on-site"
    },
    {
        "title": "Philips 273V7QDAB 27\" (273V7QDAB/00)",
        "price": "3 790,-",
        "description": "monitor LCD, 27\", širokoúhlý, 16:9, IPS, W-LED podsvícení, 1920x1080, 10M:1, 250cd, 5ms GTG, D-Sub, HDMI, DVI-D, repro, VESA 100, EnergyStar 7.0"
    },
    {
        "title": "Philips 273V7QJAB 27\" (273V7QJAB/00)",
        "price": "4 090,-",
        "description": "monitor LCD, 27\", širokoúhlý, 16:9, IPS, W-LED podsvícení, 1920x1080, 10M:1, 250cd, 5ms GTG, D-Sub, HDMI, DP, repro, VESA 100, Flicker-free, LowBlue"
    },
    {
        "title": "Philips 223V5LHSB2 21,5\" (223V5LHSB2/00)",
        "price": "2 390,-",
        "description": "monitor LCD, 21,5\", širokoúhlý, 16:9, TN, LED podsvícení, 1920x1080, 10mil.:1, 200cd, 5ms, D-Sub, HDMI"
    },
    {
        "title": "DELL P2719H (210-APXF)",
        "price": "5 389,-",
        "description": "LED monitor, 27\" FHD, 3H IPS, 1920x1080, 1000:1, 5ms, 4x USB, DisplayPort, HDMI, VGA, 3YNBD on-site"
    },
    {
        "title": "BenQ GL2780E 27\" (9H.LJ6LB.FBE)",
        "price": "5 089,-",
        "description": "monitor LCD, 27\", širokoúhlý, TFT TN, LED podsvícení, 1920x1080@75Hz, 12M:1, 300cd, 1ms GTG, D-Sub, DVI-D, HDMI, DP, repro, Flicker-Free, Low Blue Light",
        "discount": "Sleva -16 %"
    },
    {
        "title": "Samsung Smart M7 32\" (S32AM700U)",
        "price": "10 490,-",
        "description": "Smart monitor 32\", UHD rozlišení 3840x2160, 60Hz, 250 cd/m2, doba odezvy 8ms, 16:9, HDR10, Adaptive Picture, Smart Hub pro pouštění TV, HDMI 2.0, USB-C, Bluetooth 4.2, Wi-Fi, reproduktory, podpora zrcadlení obrazu z Android zařízení, Apple AirPlay i DeX. ..."
    },
    {
        "title": "iiyama G-Master GB2888UHSU-B1 28\"",
        "price": "10 490,-",
        "description": "monitor LCD, 28\", širokoúhlý, 16:9, TN, LED podsvícení, matný, 4K UHD 3840x2160, 12M:1, 300cd, 1ms, 3xHDMI, D-Sub, DisplayPort, repro, USB"
    },
    {
        "title": "HP 27f,27\",1920x1080,1000:1,5ms,VGA,2xHDMI",
        "price": "4 081,-",
        "description": "Monitor HP 27f,27\",1020x1080,1000:1,5ms,VGA,2xHDMI"
    },
    {
        "title": "Samsung S27F350F",
        "price": "3 789,-",
        "description": "LED monitor, Full HD 1920x1080, Statický kontrast 1000:1, Megadynamický kontrast, 250cd/m2, 4ms, HDMI, VGA vstup, široké pozorovací úhly, Certifikace Windows 10, herní režim, FreeSync, Herní režim, Samsung MagicUpscale,  Eye Saver"
    },
    {
        "title": "DELL P2721Q (210-AXNK)",
        "price": "11 990,-",
        "description": "LED monitor, 27\", IPS, 3840x2160, 16:9, 1000:1, 8ms, DisplayPort, HDMI, USB typ C, 4x USB, 3YNBD on-site, černý"
    }
]