[
    {
        "title": "AMD RYZEN 5 5600X",
        "price": "8 390,-",
        "description": "procesor, CPU AMD RYZEN 5 5600X (3.7GHz - 4.6GHz, 6C/12T,35MB,65W,AM4) box Wraith Stealth"
    },
    {
        "title": "AMD RYZEN 5 3600",
        "price": "5 179,-",
        "description": "procesor, CPU AMD RYZEN 5 3600 (3.6GHz, 6C/12T, 35MB,65W,AM4) box + Wraith Stealth cooler"
    },
    {
        "title": "AMD RYZEN 5 1600 - 12nm",
        "price": "3 290,-",
        "description": "procesor, AMD RYZEN 5 1600 (6core/12T, 3,2GHz, 3,6GHz boost, 16MB, socket AM4, 65W) chladič Wraith Stealth  - 12nm"
    },
    {
        "title": "AMD RYZEN 7 5800X",
        "price": "12 190,-",
        "description": "procesor, CPU AMD RYZEN 7 5800X (3.8GHz - 4.7GHz, 8C/16T,36MB,105W,AM4) box bez chladiče"
    },
    {
        "title": "Intel Core i5-10400F",
        "price": "3 774,-",
        "description": "procesor, socket 1200, 2.9GHz, max. Turbo 4.3GHz, cache 12MB, 6 jader/ 12 vláken, Comet Lake, 14nm, bez grafického jádra, TDP 65W, chladič, BOX"
    },
    {
        "title": "AMD RYZEN 9 5950X",
        "price": "25 990,-",
        "description": "procesor, CPU AMD RYZEN 9 5950X (3.4GHz - 4.9GHz, 16C/32T,72MB,105W,AM4) box bez chladiče"
    },
    {
        "title": "Intel Core i5-10400",
        "price": "4 440,-",
        "description": "procesor, socket 1200, 2.9GHz, max. Turbo 4.3GHz, cache 12MB, 6 jader/ 12 vláken, Comet Lake, 14nm, grafické jádro UHD Graphics 630, TDP 65W, chladič, BOX"
    },
    {
        "title": "AMD RYZEN 5 2600",
        "price": "4 290,-",
        "description": "procesor, AMD RYZEN 5 2600 (6core/12T, 3,4GHz, 19MB, socket AM4, 65W ) box with Wraith Stealth cooler"
    },
    {
        "title": "AMD RYZEN 7 3700X",
        "price": "8 486,-",
        "description": "procesor, CPU AMD RYZEN 7 3700X (3.6GHz, 8C/16T, 32MB,65W,AM4) box + Wraith Prism with RGB LED cooler"
    },
    {
        "title": "Intel Core i5-9400F",
        "price": "3 439,-",
        "description": "procesor, socket 1151, 2.9GHz, max. Turbo 4.1GHz, cache 9MB, 6 jader/ 6 vláken, Coffee Lake Refresh, 14nm, bez grafického jádra, TDP 65W, chladič, BOX, vyžaduje desku řady 300"
    },
    {
        "title": "Intel Core i3-10100",
        "price": "3 199,-",
        "description": "procesor, socket 1200, 3.6GHz, Max Turbo 4.3GHz, cache 6MB, 4 jádra/ 8 vláken, Comet Lake, 14nm, Hyper-Threading, grafické jádro Intel UHD 630, TDP 65W, chladič, BOX"
    },
    {
        "title": "Intel Pentium Gold G6400",
        "price": "1 575,-",
        "description": "procesor, socket 1200, 4.0GHz, cache 4MB, 2 jádra/ 4 vlákna, Comet Lake, grafické jádro UHD Graphics 610, Hyper-Threading, TDP 58W, chladič, BOX"
    },
    {
        "title": "Intel Core i3-9100",
        "price": "3 149,-",
        "description": "procesor, socket 1151, 3.6GHz, Max Turbo 4.2GHz, cache 6MB, 4 jádra/ 4 vlákna, Coffee Lake Refresh, 14nm, grafické jádro Intel UHD 630, TDP 65W, chladič, BOX, vyžaduje desku řady 300"
    },
    {
        "title": "Intel Core i5-10600KF",
        "price": "5 190,-",
        "description": "procesor, socket 1200, 4.1GHz, max. Turbo 4.8GHz, cache 12MB, 6 jader/ 12 vláken, Comet Lake, 14nm, Hyper-Threading, bez grafického jádra, TDP 125W, BOX bez chladiče",
        "discount": "Sleva -17 %"
    },
    {
        "title": "AMD RYZEN 7 3800X",
        "price": "8 655,-",
        "description": "procesor, CPU AMD RYZEN 7 3800X (3.9GHz, 8C/16T,36MB,105W,AM4) box + Wraith Prism with RGB LED cooler"
    },
    {
        "title": "Intel Core i5-9400",
        "price": "4 299,-",
        "description": "procesor, socket 1151, 2.9GHz, max. Turbo 4.1GHz, cache 9MB, 6 jader/ 6 vláken, Coffee Lake Refresh, 14nm, grafické jádro UHD Graphics 630, TDP 65W, chladič, BOX, vyžaduje desku řady 300"
    },
    {
        "title": "Intel Core i7-10700F",
        "price": "6 850,-",
        "description": "procesor, socket 1200, 2.9GHz, max. Turbo 4.8GHz, cache 16MB, 8 jader/ 16 vláken, Comet Lake, 14nm, Hyper-Threading, bez grafického jádra, TDP 65W, BOX",
        "discount": "Sleva -21 %"
    },
    {
        "title": "Intel Core i7-10700KF",
        "price": "8 140,-",
        "description": "procesor, socket 1200, 3.8GHz, max. Turbo 5.0GHz, cache 16MB, 8 jader/ 16 vláken, Comet Lake, 14nm, Hyper-Threading, bez grafického jádra, TDP 125W, BOX",
        "discount": "Sleva -15 %"
    },
    {
        "title": "Intel Core i9-10900K",
        "price": "11 890,-",
        "description": "procesor, socket 1200, 3.7GHz, max. Turbo 5.3GHz, cache 20MB, 10 jader/ 20 vláken, Comet Lake, 14nm, Hyper-Threading, grafické jádro UHD Graphics 630, TDP 125W, BOX bez chladiče"
    },
    {
        "title": "Intel Celeron G5920",
        "price": "1 399,-",
        "description": "procesor, socket 1200, 3.5GHz, cache 2MB, 2 jádra/ 2 vlákna, Comet Lake, 14nm, grafické jádro UHD Graphics 610, TDP 58W, chladič, BOX"
    },
    {
        "title": "Intel Core i7-9700",
        "price": "6 090,-",
        "description": "procesor, socket 1151, 3.0GHz, max. Turbo 4.7GHz, cache 12MB, 8 jader/ 8 vláken, Coffee Lake Refresh, 14nm, grafické jádro UHD Graphics 630, TDP 65W, chladič, BOX, vyžaduje desku řady 3XX",
        "discount": "Sleva -22 %"
    },
    {
        "title": "Intel Core i9-9900",
        "price": "8 254,-",
        "description": "procesor, socket 1151, 3.1GHz, max. Turbo 5.0GHz, cache 16MB, 8 jader/ 16 vláken, Coffee Lake Refresh, 14nm, Hyper-Threading, grafické jádro UHD Graphics 630, TDP 65W, chladič, BOX, vyžaduje desku řady 300",
        "discount": "Sleva -19 %"
    },
    {
        "title": "Intel Core i7-9700K",
        "price": "6 999,-",
        "description": "procesor, socket 1151, 3.6GHz, max. Turbo 4.9GHz, cache 12MB, 8 jader/ 8 vláken, Coffee Lake Refresh, 14nm, grafické jádro UHD Graphics 630, TDP 95W, bez chladiče, BOX, vyžaduje desku řady 3XX",
        "discount": "Sleva -24 %"
    },
    {
        "title": "AMD RYZEN 9 3900X",
        "price": "11 590,-",
        "description": "procesor, CPU AMD RYZEN 9 3900X (3.8GHz, 12C/24T,70MB,105W,AM4) box + Wraith Prism with RGB LED cooler"
    }
]