[
    {
        "title": "DELL PowerEdge T140 (2NRG9)",
        "price": "25 990,-",
        "description": "Server, Xeon E-2224, 16GB, 2x 2TB NLSAS 7200 ot., DVD-RW, 2x GLAN, H330+, iDRAC 9 Basic, 1x 365W, 3Y Basic on-site"
    },
    {
        "title": "DELL PowerEdge T140 (YN5F0)",
        "price": "29 312,-",
        "description": "Server, Xeon E-2224, 16GB, 2x 4TB NLSAS 7200 ot., DVD-RW, 2x GLAN, H330+, iDRAC 9 Basic, 1x 365W, 3Y Basic on-site"
    },
    {
        "title": "DELL PowerEdge T340 (KPYWY)",
        "price": "43 943,-",
        "description": "Server, Xeon E-2234, 16GB, 2x 480GB SSD, DVD-RW, 2x GLAN, H730P, 2x 495W, iDRAC 9 Enterprise, 3Y Basic Basic on-site"
    },
    {
        "title": "DELL PowerEdge T440 (R033W)",
        "price": "61 681,-",
        "description": "Server, Xeon Silver 4210, 16GB, 2x 480GB SSD, 2x GLAN, H730P, iDRAC 9 Enterprise, 2x 750W, 3Y Bas NBD on-site"
    },
    {
        "title": "DELL PowerEdge T640 (Y5JV0)",
        "price": "72 645,-",
        "description": "Server, Xeon Silver 4210, 16GB, 480GB SSD, 2x 10GB, 1x 750W, H730P, iDRAC 9 Enterprise, 3Y Basic on-site"
    },
    {
        "title": "DELL PowerEdge T640 (YCVCC)",
        "price": "81 829,-",
        "description": "Server, Xeon Silver 4214, 32GB, 480GB SSD, 2x 10GB, 1x 750W, H730P, iDRAC 9 Enterprise, 3Y Basic on-site"
    },
    {
        "title": "DELL PowerEdge T40 (T40-1624824S-3PS)",
        "price": "47 813,-",
        "description": "Server, Xeon E-2224G, 16GB, 2x 480GB SSD + 2x 4TB 5400 ot., 3x GLAN, Intel VROC 6.X, 1x 300W, Intel AMT 12.0, DVD-RW, 3Y PS NBD on-site"
    },
    {
        "title": "DELL PowerEdge T40 (T40-1624822S-3PS)",
        "price": "44 095,-",
        "description": "Server, Xeon E-2224G, 16GB, 2x 480GB SSD + 2x 2TB 7200 ot., 3x GLAN, Intel VROC 6.X, 1x 300W, Intel AMT 12.0, DVD-RW, 3Y PS NBD on-site"
    },
    {
        "title": "DELL PowerEdge T40 (T40-1621W1-3PS)",
        "price": "26 843,-",
        "description": "Server, Xeon E-2224G, 16GB, 2x 1TB 7200 ot., 1x GLAN, Intel VROC 6.X, 1x 300W, Intel AMT 12.0, DVD-RW, W10Pro, 3Y PS NBD on-site"
    },
    {
        "title": "DELL PowerEdge T40 (T40-1624821SW1-3PS)",
        "price": "44 703,-",
        "description": "Server, Xeon E-2224G, 16GB, 2x 480GB SSD + 2x 1TB 7200 ot., 3x GLAN, Intel VROC 6.X, 1x 300W, Intel AMT 12.0, DVD-RW, W10Pro, 3Y PS NBD on-site"
    },
    {
        "title": "DELL PowerEdge T40 (T40-1624822SW1-3PS)",
        "price": "51 116,-",
        "description": "Server, Xeon E-2224G, 16GB, 2x 480GB SSD + 2x 2TB 7200 ot., 3x GLAN, Intel VROC 6.X, 1x 300W, Intel AMT 12.0, DVD-RW, W10Pro, 3Y PS NBD on-site"
    },
    {
        "title": "DELL PowerEdge T40 (T40-811W1-3PS)",
        "price": "20 599,-",
        "description": "Server, Xeon E-2224G, 8GB, 1x 1TB 7200 ot., 1x GLAN, Intel VROC 6.X, 1x 300W, Intel AMT 12.0, DVD-RW, W10Pro, 3Y PS NBD on-site"
    },
    {
        "title": "DELL PowerEdge T40 (T40-821W1-3PS)",
        "price": "24 108,-",
        "description": "Server, Xeon E-2224G, 8GB, 2x 1TB 7200 ot., 1x GLAN, Intel VROC 6.X, 1x 300W, Intel AMT 12.0, DVD-RW, W10Pro, 3Y PS NBD on-site"
    },
    {
        "title": "DELL PowerEdge T40 (T40-822W1-3PS)",
        "price": "31 589,-",
        "description": "Server, Xeon E-2224G, 8GB, 2x 2TB 7200 ot., 1x GLAN, Intel VROC 6.X, 1x 300W, Intel AMT 12.0, DVD-RW, W10Pro, 3Y PS NBD on-site"
    },
    {
        "title": "DELL PowerEdge T40 (T40-824811W1-3PS)",
        "price": "37 601,-",
        "description": "Server, Xeon E-2224G, 8GB, 2x 480GB SSD + 1x 1TB 7200 ot., 1x GLAN, Intel VROC 6.X, 1x 300W, Intel AMT 12.0, DVD-RW, W10Pro, 3Y PS NBD on-site"
    },
    {
        "title": "DELL 400-ATKL",
        "price": "6 821,-",
        "description": "DELL disk 4TB/ 7.2k/ NLSAS/ 12G/ hot-plug/ 3.5\"/ pro R240, R340, R440, R540, R640,"
    },
    {
        "title": "DELL PowerEdge T40 (T40-1621-3PS)",
        "price": "24 090,-",
        "description": "Server, Xeon E-2224G, 16GB, 2x 1TB 7200 ot., 1x GLAN, Intel VROC 6.X, 1x 300W, Intel AMT 12.0, DVD-RW, 3Y PS NBD on-site"
    },
    {
        "title": "DELL PowerEdge T40 (T40-3231S-3PS)",
        "price": "33 397,-",
        "description": "Server, Xeon E-2224G, 32GB, 3x 1TB 7200 ot., 3x GLAN, Intel VROC 6.X, 1x 300W, Intel AMT 12.0, DVD-RW, 3Y PS NBD on-site"
    },
    {
        "title": "DELL PowerEdge T40 (T40-3231-3PS)",
        "price": "33 089,-",
        "description": "Server, Xeon E-2224G, 32GB, 3x 1TB 7200 ot., 1x GLAN, Intel VROC 6.X, 1x 300W, Intel AMT 12.0, DVD-RW, 3Y PS NBD on-site"
    },
    {
        "title": "DELL PowerEdge T40 (T40-3232S-3PS)",
        "price": "38 797,-",
        "description": "Server, Xeon E-2224G, 32GB, 3x 2TB 7200 ot., 3x GLAN, Intel VROC 6.X, 1x 300W, Intel AMT 12.0, DVD-RW, 3Y PS NBD on-site"
    },
    {
        "title": "DELL PowerEdge T40 (T40-6432S-3PS)",
        "price": "48 795,-",
        "description": "Server, Xeon E-2224G, 64GB, 3x 2TB 7200 ot., 3x GLAN, Intel VROC 6.X, 1x 300W, Intel AMT 12.0, DVD-RW, 3Y PS NBD on-site"
    },
    {
        "title": "DELL PowerEdge T40 (T40-831-3PS)",
        "price": "23 839,-",
        "description": "Server, Xeon E-2224G, 8GB, 3x 1TB 7200 ot., 1x GLAN, Intel VROC 6.X, 1x 300W, Intel AMT 12.0, DVD-RW, 3Y PS NBD on-site"
    },
    {
        "title": "DELL PowerEdge T40 (T40-1622-3PS)",
        "price": "31 399,-",
        "description": "Server, Xeon E-2224G, 16GB, 2x 2TB 7200 ot., 1x GLAN, Intel VROC 6.X, 1x 300W, Intel AMT 12.0, DVD-RW, 3Y PS NBD on-site"
    },
    {
        "title": "DELL PowerEdge T40 (T40-3222S-3PS)",
        "price": "35 296,-",
        "description": "Server, Xeon E-2224G, 32GB, 2x 2TB 7200 ot., 3x GLAN, Intel VROC 6.X, 1x 300W, Intel AMT 12.0, DVD-RW, 3Y PS NBD on-site"
    }
]