[
    {
        "team1": "Burnley",
        "time": "19:00",
        "team2": "Leicester"
    },
    {
        "team1": "Sheffield Utd",
        "time": "19:00",
        "team2": "Aston Villa"
    },
    {
        "team1": "Palace",
        "time": "21:15",
        "team2": "Man Utd"
    },
    {
        "team1": "Brest",
        "time": "19:00",
        "team2": "Dijon"
    },
    {
        "team1": "Lyon",
        "time": "19:00",
        "team2": "Rennes"
    },
    {
        "team1": "Metz",
        "time": "19:00",
        "team2": "Angers"
    },
    {
        "team1": "OGC Nice",
        "time": "19:00",
        "team2": "Nimes"
    },
    {
        "team1": "Saint-Ã‰tienne",
        "time": "19:00",
        "team2": "Lens"
    },
    {
        "team1": "Bordeaux",
        "time": "21:00",
        "team2": "PSG"
    },
    {
        "team1": "Lille",
        "time": "21:00",
        "team2": "Marseille"
    },
    {
        "team1": "Montpellier",
        "time": "21:00",
        "team2": "Lorient"
    },
    {
        "team1": "Strasbourg",
        "time": "21:00",
        "team2": "Monaco"
    },
    {
        "team1": "Nantes",
        "time": "21:00",
        "team2": "Reims"
    },
    {
        "team1": "Rot-Weiss Essen",
        "time": "18:30",
        "team2": "Holstein Kiel"
    },
    {
        "team1": "RB Leipzig",
        "time": "20:45",
        "team2": "Wolfsburg"
    },
    {
        "team1": "Gladbach",
        "time": "20:45",
        "team2": "Dortmund"
    },
    {
        "team1": "Juventus",
        "time": "20:45",
        "team2": "Spezia"
    },
    {
        "team1": "Liverpool",
        "time": "21:15",
        "team2": "Chelsea"
    }
]