[
    {
        "time": "18:30",
        "team1": "Everton",
        "score": "0: 1",
        "team2": "West Ham United"
    },
    {
        "time": "21:00",
        "team1": "Manchester United",
        "score": "2: 1",
        "team2": "Aston Villa"
    },
    {
        "time": "10:00",
        "team1": "NA Hussein Dey U21",
        "score": "1: 2",
        "team2": "ES Setif U21"
    },
    {
        "time": "14:30",
        "team1": "NA Hussein Dey",
        "score": "0: 1",
        "team2": "ES Setif"
    },
    {
        "time": "15:00",
        "team1": "MC Alger",
        "score": "1: 0",
        "team2": "Constantine"
    },
    {
        "time": "09:00",
        "team1": "Western Sydney Wanderers",
        "score": "-: -",
        "team2": "Western United"
    },
    {
        "time": "07:00",
        "team1": "Newcastle Jets (Women)",
        "score": "-: -",
        "team2": "Adelaide United (Women)"
    },
    {
        "time": "14:25",
        "team1": "Manama Club",
        "score": "1: 0",
        "team2": "Al Budaiya"
    },
    {
        "time": "17:00",
        "team1": "Al Najma Manama",
        "score": "0: 1",
        "team2": "Al Ahli SC Manama"
    },
    {
        "time": "12:45",
        "team1": "Sheikh Russel",
        "score": "0: 2",
        "team2": "Abahani Limited Chittagong"
    },
    {
        "time": "16:00",
        "team1": "Pyramids",
        "score": "3: 2",
        "team2": "El Entag El Harby"
    },
    {
        "time": "18:30",
        "team1": "Al Ahly Cairo",
        "score": "0: 0",
        "team2": "Wadi Degla"
    },
    {
        "time": "18:30",
        "team1": "Sheffield Wednesday",
        "score": "1: 0",
        "team2": "Derby County"
    },
    {
        "time": "16:00",
        "team1": "Farsley Celtic",
        "score": "-: -",
        "team2": "Guiseley"
    },
    {
        "time": "16:00",
        "team1": "Ashton United",
        "score": "-: -",
        "team2": "Stalybridge Celtic"
    },
    {
        "time": "16:00",
        "team1": "Grantham Town",
        "score": "-: -",
        "team2": "Basford United"
    },
    {
        "time": "16:00",
        "team1": "Hyde United",
        "score": "-: -",
        "team2": "Buxton"
    },
    {
        "time": "16:00",
        "team1": "Lancaster City",
        "score": "-: -",
        "team2": "Atherton Collieries"
    },
    {
        "time": "16:00",
        "team1": "Matlock Town",
        "score": "-: -",
        "team2": "Gainsborough Trinity"
    },
    {
        "time": "16:00",
        "team1": "Mickleover Sports",
        "score": "-: -",
        "team2": "Stafford Rangers"
    },
    {
        "time": "16:00",
        "team1": "Nantwich Town",
        "score": "-: -",
        "team2": "Witton Albion"
    },
    {
        "time": "16:00",
        "team1": "Redcliffe",
        "score": "-: -",
        "team2": "United of Manchester"
    },
    {
        "time": "16:00",
        "team1": "Scarborough Athletic",
        "score": "-: -",
        "team2": "South Shields"
    },
    {
        "time": "16:00",
        "team1": "Warrington Town",
        "score": "-: -",
        "team2": "Bamber Bridge"
    },
    {
        "time": "08:00",
        "team1": "Ethiopian Buna",
        "score": "3: 2",
        "team2": "Sebeta City FC"
    },
    {
        "time": "08:00",
        "team1": "Ethiopian Buna",
        "score": "3: 2",
        "team2": "Sebeta City"
    },
    {
        "time": "12:55",
        "team1": "Jimma Kenema",
        "score": "1: 1",
        "team2": "Awassa City"
    },
    {
        "time": "13:00",
        "team1": "Jimma Aba Jifar FC",
        "score": "1: 1",
        "team2": "Hawassa Kenema SC"
    },
    {
        "time": "16:00",
        "team1": "King Faisal Babes",
        "score": "1: 1",
        "team2": "Dreams"
    },
    {
        "time": "12:00",
        "team1": "Al-Samawah",
        "score": "1: 0",
        "team2": "Al-Kahraba"
    },
    {
        "time": "12:00",
        "team1": "Al-Hudood",
        "score": "2: 1",
        "team2": "Al-Najaf"
    },
    {
        "time": "14:00",
        "team1": "Al Quwa Al Jawiya",
        "score": "3: 1",
        "team2": "Naft Maysan"
    },
    {
        "time": "18:00",
        "team1": "Al-Talaba",
        "score": "1: 2",
        "team2": "Al-Karkh SC"
    },
    {
        "time": "11:30",
        "team1": "Maccabi Sha'arayim",
        "score": "0: 2",
        "team2": "Maccabi Yafo Kabilyo"
    },
    {
        "time": "11:40",
        "team1": "MS Tira",
        "score": "2: 1",
        "team2": "Hapoel Bueine"
    },
    {
        "time": "14:00",
        "team1": "Maccabi Ahi Nazareth",
        "score": "0: 1",
        "team2": "SC KFAR Qasem"
    },
    {
        "time": "14:00",
        "team1": "Hapoel Nir Ramat HaSharon",
        "score": "1: 0",
        "team2": "Hapoel Petah Tikva"
    },
    {
        "time": "14:00",
        "team1": "Hapoel Katamon Jerusalem",
        "score": "2: 0",
        "team2": "Hapoel Kfar Shalem"
    },
    {
        "time": "14:00",
        "team1": "Hapoel Rishon LeZion",
        "score": "0: 0",
        "team2": "Hapoel Nazareth Illit"
    },
    {
        "time": "14:00",
        "team1": "Beitar Tel Aviv Ramla FC",
        "score": "2: 0",
        "team2": "Hapoel Umm AL Fahm"
    },
    {
        "time": "06:40",
        "team1": "Kawasaki Frontale",
        "score": "1: 0",
        "team2": "Gamba Osaka"
    },
    {
        "time": "14:30",
        "team1": "Tevragh-Zeina",
        "score": "1: 0",
        "team2": "Sahel Mauritania"
    },
    {
        "time": "17:00",
        "team1": "Ksar",
        "score": "2: 0",
        "team2": "Kaedi"
    },
    {
        "time": "17:00",
        "team1": "SNIM",
        "score": "1: 1",
        "team2": "Armee"
    },
    {
        "time": "15:00",
        "team1": "KAC Marrakech",
        "score": "3: 1",
        "team2": "Mouloudia Dakhla"
    },
    {
        "time": "17:00",
        "team1": "Renaissance Sportive de Berkane",
        "score": "2: 0",
        "team2": "Youssoufia Berrechid"
    },
    {
        "time": "19:30",
        "team1": "Raja Casablanca",
        "score": "2: 1",
        "team2": "Widad Fez"
    },
    {
        "time": "13:45",
        "team1": "Muscat",
        "score": "1: 2",
        "team2": "Samail"
    },
    {
        "time": "13:55",
        "team1": "Ibri Club",
        "score": "4: 0",
        "team2": "Mirbat"
    },
    {
        "time": "15:00",
        "team1": "Saham SC",
        "score": "1: 1",
        "team2": "Al Mudhaibi"
    },
    {
        "time": "16:30",
        "team1": "Salalah",
        "score": "0: 2",
        "team2": "Al Aruba SC"
    },
    {
        "time": "13:30",
        "team1": "Hertha (Amateur)",
        "score": "3: 3",
        "team2": "Eintracht (Amateur)"
    },
    {
        "time": "14:00",
        "team1": "Dynamo Dresden (Amateur)",
        "score": "1: 2",
        "team2": "Wolfsburg (Amateur)"
    },
    {
        "time": "14:30",
        "team1": "RB Leipzig (Amateur)",
        "score": "4: 1",
        "team2": "Bayer (Amateur)"
    },
    {
        "time": "15:00",
        "team1": "Hertha (Amateur)",
        "score": "3: 4",
        "team2": "Dynamo Dresden (Amateur)"
    },
    {
        "time": "15:25",
        "team1": "Bayer (Amateur)",
        "score": "2: 4",
        "team2": "Eintracht (Amateur)"
    },
    {
        "time": "16:00",
        "team1": "Wolfsburg (Amateur)",
        "score": "2: 4",
        "team2": "RB Leipzig (Amateur)"
    },
    {
        "time": "16:30",
        "team1": "Eintracht (Amateur)",
        "score": "3: 3",
        "team2": "Dynamo Dresden (Amateur)"
    },
    {
        "time": "17:00",
        "team1": "RB Leipzig (Amateur)",
        "score": "2: 5",
        "team2": "Hertha (Amateur)"
    },
    {
        "time": "17:30",
        "team1": "Bayer (Amateur)",
        "score": "2: 3",
        "team2": "Wolfsburg (Amateur)"
    },
    {
        "time": "17:55",
        "team1": "Dynamo Dresden (Amateur)",
        "score": "1: 3",
        "team2": "RB Leipzig (Amateur)"
    },
    {
        "time": "18:30",
        "team1": "Wolfsburg (Amateur)",
        "score": "4: 3",
        "team2": "Eintracht (Amateur)"
    },
    {
        "time": "18:55",
        "team1": "Hertha (Amateur)",
        "score": "2: 4",
        "team2": "Bayer (Amateur)"
    },
    {
        "time": "19:25",
        "team1": "Eintracht (Amateur)",
        "score": "3: 6",
        "team2": "RB Leipzig (Amateur)"
    },
    {
        "time": "20:00",
        "team1": "Bayer (Amateur)",
        "score": "4: 3",
        "team2": "Dynamo Dresden (Amateur)"
    },
    {
        "time": "20:30",
        "team1": "Wolfsburg (Amateur)",
        "score": "3: 3",
        "team2": "Hertha (Amateur)"
    },
    {
        "time": "21:30",
        "team1": "Augsburg (Amateur)",
        "score": "3: 4",
        "team2": "Mainz (Amateur)"
    },
    {
        "time": "22:03",
        "team1": "Hoffenheim (Amateur)",
        "score": "0: 0",
        "team2": "Hannover (Amateur)"
    },
    {
        "time": "22:30",
        "team1": "Koln (Amateur)",
        "score": "4: 4",
        "team2": "Union (Amateur)"
    },
    {
        "time": "23:00",
        "team1": "Augsburg (Amateur)",
        "score": "2: 1",
        "team2": "Hoffenheim (Amateur)"
    },
    {
        "time": "23:30",
        "team1": "Union (Amateur)",
        "score": "4: 3",
        "team2": "Mainz (Amateur)"
    },
    {
        "time": "17:00",
        "team1": "Sparta (Amateur)",
        "score": "3: 2",
        "team2": "Fortuna (Amateur)"
    },
    {
        "time": "17:30",
        "team1": "Willem (Amateur)",
        "score": "2: 4",
        "team2": "Harlem (Amateur)"
    },
    {
        "time": "18:00",
        "team1": "Emmen (Amateur)",
        "score": "6: 1",
        "team2": "Fortuna (Amateur)"
    },
    {
        "time": "18:30",
        "team1": "Sparta (Amateur)",
        "score": "3: 3",
        "team2": "Willem (Amateur)"
    },
    {
        "time": "19:00",
        "team1": "Emmen (Amateur)",
        "score": "2: 2",
        "team2": "Harlem (Amateur)"
    },
    {
        "time": "19:30",
        "team1": "Fortuna (Amateur)",
        "score": "2: 4",
        "team2": "Willem (Amateur)"
    },
    {
        "time": "20:00",
        "team1": "Sparta (Amateur)",
        "score": "3: 2",
        "team2": "Emmen (Amateur)"
    },
    {
        "time": "20:30",
        "team1": "Fortuna (Amateur)",
        "score": "4: 2",
        "team2": "Harlem (Amateur)"
    },
    {
        "time": "21:00",
        "team1": "Emmen (Amateur)",
        "score": "3: 3",
        "team2": "Willem (Amateur)"
    },
    {
        "time": "21:30",
        "team1": "Harlem (Amateur)",
        "score": "3: 4",
        "team2": "Sparta (Amateur)"
    },
    {
        "time": "23:00",
        "team1": "PSV (Amateur)",
        "score": "2: 4",
        "team2": "Ajax (Amateur)"
    },
    {
        "time": "23:30",
        "team1": "Feyenoord (Amateur)",
        "score": "3: 2",
        "team2": "Groningen (Amateur)"
    },
    {
        "time": "16:05",
        "team1": "Paris",
        "score": "6: 9",
        "team2": "City"
    },
    {
        "time": "17:15",
        "team1": "City",
        "score": "10: 13",
        "team2": "Rossoneri"
    },
    {
        "time": "19:34",
        "team1": "Gunners",
        "score": "12: 12",
        "team2": "City"
    },
    {
        "time": "20:10",
        "team1": "Rossoneri",
        "score": "12: 9",
        "team2": "Paris"
    },
    {
        "time": "21:00",
        "team1": "Barsa",
        "score": "12: 9",
        "team2": "Bianconeri"
    },
    {
        "time": "22:04",
        "team1": "Red Devils",
        "score": "7: 11",
        "team2": "Barsa"
    },
    {
        "time": "22:40",
        "team1": "Bianconeri",
        "score": "16: 11",
        "team2": "Galacticos"
    },
    {
        "time": "22:01",
        "team1": "Thailand +",
        "score": "3: 12",
        "team2": "Singapore +"
    },
    {
        "time": "21:13",
        "team1": "Arsenal+",
        "score": "0: 0",
        "team2": "Juventus+"
    },
    {
        "time": "21:45",
        "team1": "Arsenal+",
        "score": "1: 1",
        "team2": "Liverpool+"
    },
    {
        "time": "21:56",
        "team1": "Juventus+",
        "score": "3: 0",
        "team2": "Real+"
    },
    {
        "time": "22:07",
        "team1": "Barcelona+",
        "score": "1: 0",
        "team2": "Zenit+"
    },
    {
        "time": "22:07",
        "team1": "Tottenham+",
        "score": "2: 2",
        "team2": "Spartak+"
    },
    {
        "time": "23:58",
        "team1": "Lokomotiv+",
        "score": "1: 1",
        "team2": "Bayern+"
    },
    {
        "time": "17:30",
        "team1": "Ukraine (3х3)",
        "score": "5: 10",
        "team2": "Belarus (3х3)"
    },
    {
        "time": "17:53",
        "team1": "Georgia (3х3)",
        "score": "9: 6",
        "team2": "Russia (3x3)"
    },
    {
        "time": "18:15",
        "team1": "Ukraine (3х3)",
        "score": "11: 5",
        "team2": "Kazakhstan (3х3)"
    },
    {
        "time": "18:38",
        "team1": "Georgia (3х3)",
        "score": "8: 8",
        "team2": "Belarus (3х3)"
    },
    {
        "time": "19:00",
        "team1": "Ukraine (3х3)",
        "score": "11: 6",
        "team2": "Russia (3x3)"
    },
    {
        "time": "19:23",
        "team1": "Kazakhstan (3х3)",
        "score": "9: 10",
        "team2": "Belarus (3х3)"
    },
    {
        "time": "19:47",
        "team1": "Georgia (3х3)",
        "score": "5: 10",
        "team2": "Ukraine (3х3)"
    },
    {
        "time": "20:10",
        "team1": "Belarus (3х3)",
        "score": "8: 10",
        "team2": "Russia (3x3)"
    },
    {
        "time": "20:33",
        "team1": "Kazakhstan (3х3)",
        "score": "8: 6",
        "team2": "Georgia (3х3)"
    },
    {
        "time": "20:55",
        "team1": "Russia (3x3)",
        "score": "7: 6",
        "team2": "Kazakhstan (3х3)"
    },
    {
        "time": "15:30",
        "team1": "Al-Mesaimeer",
        "score": "0: 0",
        "team2": "Muaither"
    },
    {
        "time": "15:30",
        "team1": "Al-Shahaniya",
        "score": "0: 0",
        "team2": "Al Markhiya"
    },
    {
        "time": "13:00",
        "team1": "Al Khaleej Saihat",
        "score": "1: 1",
        "team2": "Al Jabalain FC"
    },
    {
        "time": "13:25",
        "team1": "Al Bukayriyah",
        "score": "3: 2",
        "team2": "AL Thoqbah Club"
    },
    {
        "time": "13:30",
        "team1": "Al Hazem",
        "score": "0: 0",
        "team2": "Al-Sahel Al-Qatif"
    },
    {
        "time": "13:30",
        "team1": "Al Tai",
        "score": "4: 1",
        "team2": "Al Nojoom"
    },
    {
        "time": "13:45",
        "team1": "Ohud Medina",
        "score": "1: 0",
        "team2": "Al Shoulla FC"
    },
    {
        "time": "17:00",
        "team1": "Al Adalh FC",
        "score": "1: 1",
        "team2": "Al Nahdha"
    },
    {
        "time": "17:15",
        "team1": "Al Draih",
        "score": "2: 2",
        "team2": "Al Fayha FC"
    },
    {
        "time": "14:00",
        "team1": "Al-Ittihad Jeddah U19",
        "score": "0: 1",
        "team2": "Al Ittifaq Dammam U19"
    },
    {
        "time": "13:45",
        "team1": "Dhamk FC",
        "score": "1: 2",
        "team2": "Al Fateh"
    },
    {
        "time": "13:50",
        "team1": "Al Ain FC",
        "score": "2: 4",
        "team2": "Abha"
    },
    {
        "time": "15:35",
        "team1": "Al Ettifaq FC",
        "score": "1: 2",
        "team2": "Al Wahda Club Mecca"
    },
    {
        "time": "16:00",
        "team1": "Bonnyrigg Rose",
        "score": "5: 2",
        "team2": "Boness United"
    },
    {
        "time": "14:15",
        "team1": "Hilal Obied",
        "score": "3: 1",
        "team2": "Al Shorta Al Qadarif"
    },
    {
        "time": "17:30",
        "team1": "Ahli Marawi",
        "score": "2: 2",
        "team2": "Al Hilal Omdurman"
    },
    {
        "time": "12:00",
        "team1": "Mwadui",
        "score": "1: 0",
        "team2": "Dodoma"
    },
    {
        "time": "14:00",
        "team1": "JKT Tanzania",
        "score": "1: 0",
        "team2": "Kagera Sugar"
    },
    {
        "time": "14:00",
        "team1": "CS Sfaxien",
        "score": "3: 0",
        "team2": "Stade Tunisien"
    },
    {
        "time": "16:00",
        "team1": "Esperance de Tunis",
        "score": "2: 0",
        "team2": "Etoile du Sahel"
    },
    {
        "time": "14:00",
        "team1": "Baniyas",
        "score": "3: 1",
        "team2": "Al Dhafra SCC"
    },
    {
        "time": "14:00",
        "team1": "Al Nasr Dubai SC",
        "score": "2: 2",
        "team2": "Al Wahda FC"
    },
    {
        "time": "17:00",
        "team1": "Al Wasl FC",
        "score": "2: 2",
        "team2": "Shabab Al Ahli"
    },
    {
        "time": "13:50",
        "team1": "Al Hamriah",
        "score": "1: 0",
        "team2": "Dibba Al-Hisn"
    },
    {
        "time": "13:50",
        "team1": "Al Bataeh (UAE)",
        "score": "1: 0",
        "team2": "Al Thaid Sharjah"
    },
    {
        "time": "13:50",
        "team1": "Al Arabi Umm Al Quwain",
        "score": "1: 4",
        "team2": "Masafi Club"
    },
    {
        "time": "16:00",
        "team1": "Bala Town",
        "score": "-: -",
        "team2": "Gap Connah's Quay Nomads"
    },
    {
        "time": "13:20",
        "team1": "Arsenal (ACL)",
        "score": "6: 6",
        "team2": "Inter (ACL)"
    },
    {
        "time": "13:46",
        "team1": "Milan (ACL)",
        "score": "5: 7",
        "team2": "Valencia (ACL)"
    },
    {
        "time": "14:10",
        "team1": "Shakhtar Donetsk (ACL)",
        "score": "7: 5",
        "team2": "Inter (ACL)"
    },
    {
        "time": "14:35",
        "team1": "Arsenal (ACL)",
        "score": "5: 8",
        "team2": "Valencia (ACL)"
    },
    {
        "time": "14:56",
        "team1": "Milan (ACL)",
        "score": "8: 9",
        "team2": "Inter (ACL)"
    },
    {
        "time": "15:18",
        "team1": "Arsenal (ACL)",
        "score": "5: 6",
        "team2": "Shakhtar Donetsk (ACL)"
    },
    {
        "time": "15:40",
        "team1": "Inter (ACL)",
        "score": "4: 9",
        "team2": "Valencia (ACL)"
    },
    {
        "time": "16:02",
        "team1": "Milan (ACL)",
        "score": "6: 8",
        "team2": "Arsenal (ACL)"
    },
    {
        "time": "16:45",
        "team1": "Shakhtar Donetsk (ACL)",
        "score": "9: 5",
        "team2": "Milan (ACL)"
    },
    {
        "time": "17:15",
        "team1": "Manchester United (ACL)",
        "score": "7: 5",
        "team2": "Bayer 04 Leverkusen (ACL)"
    },
    {
        "time": "17:40",
        "team1": "Porto (ACL)",
        "score": "7: 8",
        "team2": "Ajax (ACL)"
    },
    {
        "time": "18:05",
        "team1": "Lyon (ACL)",
        "score": "5: 8",
        "team2": "Bayer 04 Leverkusen (ACL)"
    },
    {
        "time": "18:25",
        "team1": "Manchester United (ACL)",
        "score": "10: 4",
        "team2": "Ajax (ACL)"
    },
    {
        "time": "18:50",
        "team1": "Porto (ACL)",
        "score": "5: 7",
        "team2": "Bayer 04 Leverkusen (ACL)"
    },
    {
        "time": "19:12",
        "team1": "Manchester United (ACL)",
        "score": "9: 5",
        "team2": "Lyon (ACL)"
    },
    {
        "time": "19:35",
        "team1": "Bayer 04 Leverkusen (ACL)",
        "score": "8: 7",
        "team2": "Ajax (ACL)"
    },
    {
        "time": "19:56",
        "team1": "Porto (ACL)",
        "score": "9: 9",
        "team2": "Manchester United (ACL)"
    },
    {
        "time": "20:41",
        "team1": "Lyon (ACL)",
        "score": "8: 7",
        "team2": "Porto (ACL)"
    },
    {
        "time": "10:00",
        "team1": "Sanna Khanh Hoa",
        "score": "2: 3",
        "team2": "SHB Da Nang"
    },
    {
        "time": "12:10",
        "team1": "Becamex Binh Duong",
        "score": "2: 1",
        "team2": "Nam Dinh"
    }
]