[
    {
        "time": "21:00",
        "team1": "Manchester City",
        "team2": "Wolves",
        "score": ""
    },
    {
        "time": "18:30",
        "team1": "Lazio",
        "team2": "Torino",
        "score": ""
    },
    {
        "time": "20:45",
        "team1": "Juventus",
        "team2": "Spezia",
        "score": ""
    },
    {
        "time": "Finished",
        "team1": "Rosario Central",
        "team2": "Godoy Cruz",
        "score": "2 - 2"
    },
    {
        "time": "Finished",
        "team1": "San Martin T.",
        "team2": "San Martin S.J.",
        "score": "0 - 1"
    },
    {
        "time": "Finished",
        "team1": "Ararat-Armenia",
        "team2": "Urartu",
        "score": "0 - 1"
    },
    {
        "time": "11:00FRO",
        "team1": "Pyunik Yerevan 2",
        "team2": "Ararat Yerevan 2",
        "score": "-"
    },
    {
        "time": "Finished",
        "team1": "WS Wanderers",
        "team2": "Melbourne City",
        "score": "0 - 2"
    },
    {
        "time": "Finished",
        "team1": "Perth Glory",
        "team2": "Central Coast Mariners",
        "score": "1 - 2"
    },
    {
        "time": "18:30",
        "team1": "Horn",
        "team2": "A. Klagenfurt",
        "score": "-"
    },
    {
        "time": "Postponed",
        "team1": "Bad Gleichenberg",
        "team2": "Allerheiligen",
        "score": "-"
    },
    {
        "time": "Finished",
        "team1": "Sabail",
        "team2": "Keshla",
        "score": "1 - 1"
    },
    {
        "time": "Finished",
        "team1": "Qarabag",
        "team2": "Gabala",
        "score": "3 - 0"
    },
    {
        "time": "Finished",
        "team1": "Mohammedan",
        "team2": "Muktijoddha Sangsad",
        "score": "2 - 0"
    },
    {
        "time": "Finished",
        "team1": "Rahmatgonj MFS",
        "team2": "Sheikh Jamal",
        "score": "1 - 1"
    },
    {
        "time": "32 ",
        "team1": "Shakhtyor Soligorsk",
        "team2": "BATE",
        "score": "0 - 0"
    },
    {
        "time": "Finished",
        "team1": "Internacional",
        "team2": "Juventude",
        "score": "1 - 0"
    },
    {
        "time": "19:30FRO",
        "team1": "IAPE",
        "team2": "Moto Club",
        "score": "-"
    },
    {
        "time": "Postponed",
        "team1": "Parana",
        "team2": "Londrina",
        "score": "-"
    },
    {
        "time": "23:00",
        "team1": "Mirassol",
        "team2": "Novorizontino",
        "score": "-"
    },
    {
        "time": "20:00FRO",
        "team1": "RB Brasil",
        "team2": "Taubate",
        "score": "-"
    },
    {
        "time": "20:00",
        "team1": "Atletico Gloriense",
        "team2": "Dorense",
        "score": "-"
    },
    {
        "time": "Finished",
        "team1": "ABC",
        "team2": "Ceara",
        "score": "1 - 1"
    },
    {
        "time": "46 ",
        "team1": "CSKA Sofia",
        "team2": "Cherno More",
        "score": "2 - 0"
    },
    {
        "time": "46 ",
        "team1": "Etar",
        "team2": "Arda",
        "score": "0 - 1"
    },
    {
        "time": "Finished",
        "team1": "Pereira",
        "team2": "Once Caldas",
        "score": "2 - 0"
    },
    {
        "time": "Finished",
        "team1": "Millonarios",
        "team2": "Jaguares de Cordoba",
        "score": "0 - 2"
    },
    {
        "time": "Finished",
        "team1": "NK Zagreb",
        "team2": "Hajduk Split",
        "score": "0 - 3"
    },
    {
        "time": "Finished",
        "team1": "Plzen",
        "team2": "Hradec Kralove",
        "score": "3 - 1"
    },
    {
        "time": "Finished",
        "team1": "Delfin",
        "team2": "Orense",
        "score": "1 - 1"
    },
    {
        "time": "Finished",
        "team1": "El Gouna",
        "team2": "Smouha",
        "score": "2 - 2"
    },
    {
        "time": "68 ",
        "team1": "Misr Lel Makkasa",
        "team2": "Arab Contractors",
        "score": "0 - 0"
    },
    {
        "time": "18:00",
        "team1": "El Masry",
        "team2": "Pyramids",
        "score": "-"
    },
    {
        "time": "20:00",
        "team1": "Cardiff",
        "team2": "Derby",
        "score": ""
    },
    {
        "time": "20:00",
        "team1": "Coventry",
        "team2": "Middlesbrough",
        "score": ""
    },
    {
        "time": "20:00",
        "team1": "Huddersfield",
        "team2": "Birmingham",
        "score": ""
    },
    {
        "time": "20:00",
        "team1": "Millwall",
        "team2": "Preston",
        "score": ""
    },
    {
        "time": "20:45",
        "team1": "Nottingham",
        "team2": "Luton",
        "score": ""
    },
    {
        "time": "21:00",
        "team1": "Reading",
        "team2": "Blackburn",
        "score": ""
    },
    {
        "time": "19:00",
        "team1": "Gillingham",
        "team2": "MK Dons",
        "score": "-"
    },
    {
        "time": "19:00",
        "team1": "Wigan",
        "team2": "Charlton",
        "score": "-"
    },
    {
        "time": "20:00",
        "team1": "Accrington",
        "team2": "Ipswich",
        "score": "-"
    },
    {
        "time": "20:00",
        "team1": "Blackpool",
        "team2": "Crewe",
        "score": "-"
    },
    {
        "time": "20:00",
        "team1": "Burton",
        "team2": "Bristol Rovers",
        "score": "-"
    },
    {
        "time": "20:00",
        "team1": "Doncaster",
        "team2": "Portsmouth",
        "score": "-"
    },
    {
        "time": "20:00",
        "team1": "Hull",
        "team2": "Rochdale",
        "score": "-"
    },
    {
        "time": "20:00",
        "team1": "Lincoln",
        "team2": "Fleetwood",
        "score": "-"
    },
    {
        "time": "20:00",
        "team1": "Northampton",
        "team2": "Plymouth",
        "score": "-"
    },
    {
        "time": "20:00",
        "team1": "Oxford Utd",
        "team2": "Peterborough",
        "score": "-"
    },
    {
        "time": "20:00",
        "team1": "Shrewsbury",
        "team2": "AFC Wimbledon",
        "score": "-"
    },
    {
        "time": "20:00",
        "team1": "Sunderland",
        "team2": "Swindon",
        "score": "-"
    },
    {
        "time": "19:30",
        "team1": "Morecambe",
        "team2": "Crawley",
        "score": "-"
    },
    {
        "time": "20:00",
        "team1": "Barrow",
        "team2": "Harrogate",
        "score": "-"
    },
    {
        "time": "20:00",
        "team1": "Bradford City",
        "team2": "Mansfield",
        "score": "-"
    },
    {
        "time": "20:00",
        "team1": "Cambridge Utd",
        "team2": "Scunthorpe",
        "score": "-"
    },
    {
        "time": "20:00",
        "team1": "Cheltenham",
        "team2": "Southend",
        "score": "-"
    },
    {
        "time": "20:00",
        "team1": "Colchester",
        "team2": "Carlisle",
        "score": "-"
    },
    {
        "time": "20:00",
        "team1": "Exeter",
        "team2": "Walsall",
        "score": "-"
    },
    {
        "time": "20:00",
        "team1": "Grimsby",
        "team2": "Leyton Orient",
        "score": "-"
    },
    {
        "time": "20:00",
        "team1": "Oldham",
        "team2": "Bolton",
        "score": "-"
    },
    {
        "time": "20:00",
        "team1": "Salford",
        "team2": "Port Vale",
        "score": "-"
    },
    {
        "time": "20:00",
        "team1": "Stevenage",
        "team2": "Forest Green",
        "score": "-"
    },
    {
        "time": "20:00",
        "team1": "Tranmere",
        "team2": "Newport",
        "score": "-"
    },
    {
        "time": "20:00",
        "team1": "Altrincham",
        "team2": "Woking",
        "score": "-"
    },
    {
        "time": "20:00",
        "team1": "FC Halifax",
        "team2": "Hartlepool",
        "score": "-"
    },
    {
        "time": "20:00",
        "team1": "Solihull Moors",
        "team2": "Dag & Red",
        "score": "-"
    },
    {
        "time": "20:00",
        "team1": "Sutton",
        "team2": "Bromley",
        "score": "-"
    },
    {
        "time": "20:45",
        "team1": "Barnet",
        "team2": "Yeovil",
        "score": "-"
    },
    {
        "time": "20:45",
        "team1": "Chesterfield",
        "team2": "Eastleigh",
        "score": "-"
    },
    {
        "time": "Postponed",
        "team1": "Maidenhead",
        "team2": "Dover",
        "score": "-"
    },
    {
        "time": "20:45",
        "team1": "Notts Co",
        "team2": "King’s Lynn",
        "score": "-"
    },
    {
        "time": "20:45",
        "team1": "Wealdstone",
        "team2": "Boreham Wood",
        "score": "-"
    },
    {
        "time": "Finished",
        "team1": "Colchester U23",
        "team2": "Bristol City U23",
        "score": "1 - 2"
    },
    {
        "time": "Finished",
        "team1": "QPR U23",
        "team2": "Watford U23",
        "score": "1 - 2"
    },
    {
        "time": "Finished",
        "team1": "Barnsley U23",
        "team2": "Coventry U23",
        "score": "0 - 0"
    },
    {
        "time": "Finished",
        "team1": "Millwall U23",
        "team2": "Swansea U23",
        "score": "0 - 2"
    },
    {
        "time": "Finished",
        "team1": "Wolkite Kenema",
        "team2": "Ethiopia Bunna",
        "score": "1 - 2"
    },
    {
        "time": "Finished",
        "team1": "Sidama Bunna",
        "team2": "Bahir Dar Kenema",
        "score": "1 - 2"
    },
    {
        "time": "20:00",
        "team1": "AC Ajaccio",
        "team2": "Rodez",
        "score": "-"
    },
    {
        "time": "20:00",
        "team1": "Amiens",
        "team2": "Auxerre",
        "score": "-"
    },
    {
        "time": "20:00",
        "team1": "Chambly",
        "team2": "Troyes",
        "score": "-"
    },
    {
        "time": "20:00",
        "team1": "Guingamp",
        "team2": "Clermont",
        "score": "-"
    },
    {
        "time": "20:00",
        "team1": "Le Havre",
        "team2": "Grenoble",
        "score": "-"
    },
    {
        "time": "20:00",
        "team1": "Nancy",
        "team2": "Caen",
        "score": "-"
    },
    {
        "time": "20:00",
        "team1": "Niort",
        "team2": "Sochaux",
        "score": "-"
    },
    {
        "time": "20:00",
        "team1": "Paris FC",
        "team2": "Dunkerque",
        "score": "-"
    },
    {
        "time": "20:00",
        "team1": "Pau FC",
        "team2": "Chateauroux",
        "score": "-"
    },
    {
        "time": "20:00",
        "team1": "Valenciennes",
        "team2": "Toulouse",
        "score": "-"
    },
    {
        "time": "17:00FRO",
        "team1": "Gamtel",
        "team2": "Brikama U.",
        "score": "-"
    },
    {
        "time": "Finished",
        "team1": "Chikhura",
        "team2": "WIT Georgia",
        "score": "1 - 1"
    },
    {
        "time": "Finished",
        "team1": "Gagra",
        "team2": "Merani Martvili",
        "score": "3 - 0"
    },
    {
        "time": "Finished",
        "team1": "Rustavi",
        "team2": "Bolnisi",
        "score": "0 - 1"
    },
    {
        "time": "33 ",
        "team1": "Viktoria Koln",
        "team2": "Magdeburg",
        "score": "1 - 0"
    },
    {
        "time": "29 ",
        "team1": "FC 08 Homburg",
        "team2": "Offenbach",
        "score": "0 - 0"
    },
    {
        "time": "Postponed",
        "team1": "Regensburg",
        "team2": "Werder Bremen",
        "score": "-"
    },
    {
        "time": "20:45",
        "team1": "B. Monchengladbach",
        "team2": "Dortmund",
        "score": "-"
    },
    {
        "time": "19:30",
        "team1": "Europa FC",
        "team2": "College 1975 FC",
        "score": "-"
    },
    {
        "time": "Finished",
        "team1": "Kisvarda",
        "team2": "Puskas Academy",
        "score": "0 - 1"
    },
    {
        "time": "2 ",
        "team1": "Honved",
        "team2": "MTK Budapest",
        "score": "0 - 0"
    },
    {
        "time": "20:00",
        "team1": "Ferencvaros",
        "team2": "DVTK",
        "score": "-"
    },
    {
        "time": "Finished",
        "team1": "Arman Gohar",
        "team2": "Esteghlal Molasani",
        "score": "2 - 2"
    },
    {
        "time": "Finished",
        "team1": "Rayka Babol",
        "team2": "Baderan Tehran",
        "score": "3 - 2"
    },
    {
        "time": "Finished",
        "team1": "Gol Reyhan Alborz",
        "team2": "Astara",
        "score": "1 - 1"
    },
    {
        "time": "Finished",
        "team1": "Havadar SC",
        "team2": "Mes Kerman",
        "score": "0 - 0"
    },
    {
        "time": "Finished",
        "team1": "Kheybar Khorramabad",
        "team2": "Khooshe Talaee",
        "score": "1 - 1"
    },
    {
        "time": "Finished",
        "team1": "Malavan",
        "team2": "Pars Janoobi Jam",
        "score": "1 - 0"
    },
    {
        "time": "Finished",
        "team1": "Qashqai Shiraz",
        "team2": "Chooka Talesh",
        "score": "1 - 1"
    },
    {
        "time": "Finished",
        "team1": "Esteghlal Khuzestan",
        "team2": "Navad Urmia",
        "score": "3 - 1"
    },
    {
        "time": "Finished",
        "team1": "Shahin Bushehr",
        "team2": "Fajr Sepasi",
        "score": "0 - 0"
    },
    {
        "time": "18:00",
        "team1": "Hapoel Hadera",
        "team2": "Bnei Yehuda",
        "score": "-"
    },
    {
        "time": "18:30",
        "team1": "H. Akko",
        "team2": "Hapoel Kfar Shalem",
        "score": "-"
    },
    {
        "time": "18:30",
        "team1": "Hap. Ramat Gan",
        "team2": "Hapoel Umm al-Fahm",
        "score": "-"
    },
    {
        "time": "18:30",
        "team1": "Hapoel Iksal Imad",
        "team2": "Nof Hagalil",
        "score": "-"
    },
    {
        "time": "18:30",
        "team1": "Hapoel Jerusalem",
        "team2": "Hapoel Afula",
        "score": "-"
    },
    {
        "time": "18:30",
        "team1": "M. Nazareth",
        "team2": "Beitar Tel Aviv",
        "score": "-"
    },
    {
        "time": "18:30",
        "team1": "MS Kafr Qasim",
        "team2": "Hapoel Petah Tikva",
        "score": "-"
    },
    {
        "time": "18:30",
        "team1": "Nes Tziona",
        "team2": "H. Raanana",
        "score": "-"
    },
    {
        "time": "18:30",
        "team1": "Ramat Hasharon",
        "team2": "H. Ironi Rishon",
        "score": "-"
    },
    {
        "time": "Finished",
        "team1": "Daburiya Osama",
        "team2": "Tayibe",
        "score": "0 - 1"
    },
    {
        "time": "Postponed",
        "team1": "Maccabi Yavne",
        "team2": "Agudat Sport Ashdod",
        "score": "-"
    },
    {
        "time": "33 ",
        "team1": "Frosinone",
        "team2": "Monza",
        "score": "1 - 1"
    },
    {
        "time": "19:00",
        "team1": "Ascoli",
        "team2": "Pisa",
        "score": "-"
    },
    {
        "time": "19:00",
        "team1": "Brescia",
        "team2": "Cosenza",
        "score": "-"
    },
    {
        "time": "19:00",
        "team1": "Chievo",
        "team2": "Pordenone",
        "score": "-"
    },
    {
        "time": "19:00",
        "team1": "Cittadella",
        "team2": "Pescara",
        "score": "-"
    },
    {
        "time": "19:00",
        "team1": "Lecce",
        "team2": "Entella",
        "score": "-"
    },
    {
        "time": "19:00",
        "team1": "Reggina",
        "team2": "Empoli",
        "score": "-"
    },
    {
        "time": "19:00",
        "team1": "Salernitana",
        "team2": "Spal",
        "score": "-"
    },
    {
        "time": "21:00",
        "team1": "L.R. Vicenza",
        "team2": "Cremonese",
        "score": "-"
    },
    {
        "time": "Finished",
        "team1": "Pro Sesto",
        "team2": "Pro Patria",
        "score": "0 - 0"
    },
    {
        "time": "3 ",
        "team1": "Perugia",
        "team2": "Sambenedettese",
        "score": "0 - 0"
    },
    {
        "time": "Finished",
        "team1": "Potenza",
        "team2": "Turris",
        "score": "2 - 1"
    },
    {
        "time": "Finished",
        "team1": "Shonan Bellmare",
        "team2": "Urawa Reds",
        "score": "0 - 0"
    },
    {
        "time": "Finished",
        "team1": "Oita Trinita",
        "team2": "Vissel Kobe",
        "score": "1 - 3"
    },
    {
        "time": "Finished",
        "team1": "Shakhtar Karagandy",
        "team2": "FC Astana",
        "score": "0 - 2"
    },
    {
        "time": "Finished",
        "team1": "Nairobi City",
        "team2": "Mathare Utd.",
        "score": "2 - 0"
    },
    {
        "time": "14:00FRO",
        "team1": "Al Ahly Benghazi",
        "team2": "Al Sadaqa",
        "score": "-"
    },
    {
        "time": "14:00FRO",
        "team1": "Shabaab Al Jabal",
        "team2": "Ngom Ajdabiya",
        "score": "-"
    },
    {
        "time": "14:30FRO",
        "team1": "Al-Khmes",
        "team2": "Al Shat",
        "score": "-"
    },
    {
        "time": "17:00FRO",
        "team1": "USFAS Bamako",
        "team2": "Yeelen",
        "score": "-"
    },
    {
        "time": "33 ",
        "team1": "Gzira",
        "team2": "Tarxien",
        "score": "0 - 1"
    },
    {
        "time": "18:30",
        "team1": "Ghajnsielem",
        "team2": "Birkirkara",
        "score": "-"
    },
    {
        "time": "20:30",
        "team1": "Naxxar Lions",
        "team2": "St. Andrews",
        "score": "-"
    },
    {
        "time": "Postponed",
        "team1": "Zacatecas Mineros",
        "team2": "Cancun",
        "score": "-"
    },
    {
        "time": "Finished",
        "team1": "Pachuca W",
        "team2": "Monterrey W",
        "score": "1 - 0"
    },
    {
        "time": "Finished",
        "team1": "U.A.N.L.- Tigres W",
        "team2": "Toluca W",
        "score": "2 - 0"
    },
    {
        "time": "Finished",
        "team1": "Santos Laguna W",
        "team2": "Necaxa W",
        "score": "2 - 2"
    },
    {
        "time": "31 ",
        "team1": "Berkane",
        "team2": "Maghreb Fez",
        "score": "0 - 0"
    },
    {
        "time": "19:30",
        "team1": "Rapide Oued Zem",
        "team2": "Wydad",
        "score": "-"
    },
    {
        "time": "46 ",
        "team1": "Nijmegen",
        "team2": "Den Bosch",
        "score": "1 - 0"
    },
    {
        "time": "18:45",
        "team1": "Jong Utrecht",
        "team2": "Dordrecht",
        "score": "-"
    },
    {
        "time": "21:00",
        "team1": "Vitesse",
        "team2": "Venlo",
        "score": "-"
    },
    {
        "time": "19:30",
        "team1": "VV Alkmaar W",
        "team2": "PEC Zwolle W",
        "score": "-"
    },
    {
        "time": "20:30",
        "team1": "Glentoran",
        "team2": "Linfield",
        "score": "-"
    },
    {
        "time": "20:45",
        "team1": "Ballymena",
        "team2": "Cliftonville",
        "score": "-"
    },
    {
        "time": "20:45",
        "team1": "Coleraine",
        "team2": "Portadown",
        "score": "-"
    },
    {
        "time": "20:45",
        "team1": "Glenavon",
        "team2": "Carrick Rangers",
        "score": "-"
    },
    {
        "time": "20:45",
        "team1": "Larne",
        "team2": "Crusaders",
        "score": "-"
    },
    {
        "time": "20:45",
        "team1": "Warrenpoint",
        "team2": "Dungannon",
        "score": "-"
    },
    {
        "time": "Finished",
        "team1": "Dhofar",
        "team2": "Al Seeb",
        "score": "2 - 1"
    },
    {
        "time": "1 ",
        "team1": "Al Suwaiq",
        "team2": "Al-Ittihad",
        "score": "0 - 0"
    },
    {
        "time": "Finished",
        "team1": "Al Amari",
        "team2": "Shabab Alsamu",
        "score": "5 - 3"
    },
    {
        "time": "Finished",
        "team1": "Merkaz",
        "team2": "Jabal Al Mukaber",
        "score": "3 - 2"
    },
    {
        "time": "Finished",
        "team1": "Libertad Asuncion",
        "team2": "River Plate",
        "score": "2 - 1"
    },
    {
        "time": "1 ",
        "team1": "Puszcza",
        "team2": "Arka Gdynia",
        "score": "0 - 0"
    },
    {
        "time": "20:30",
        "team1": "Lech Poznan",
        "team2": "Rakow",
        "score": "-"
    },
    {
        "time": "Finished",
        "team1": "Al-Duhail",
        "team2": "Shamal",
        "score": "2 - 0"
    },
    {
        "time": "19 ",
        "team1": "Al-Kharitiyath",
        "team2": "Al Rayyan",
        "score": "0 - 0"
    },
    {
        "time": "Half Time",
        "team1": "Concordia",
        "team2": "U Craiova 1948",
        "score": "0 - 0"
    },
    {
        "time": "19:30",
        "team1": "Chindia Targoviste",
        "team2": "Univ. Craiova",
        "score": "-"
    },
    {
        "time": "Finished",
        "team1": "Ufa U19",
        "team2": "FK Strogino Moscow U19",
        "score": "0 - 0"
    },
    {
        "time": "Finished",
        "team1": "Al-Kawkab",
        "team2": "Al Najoom",
        "score": "2 - 0"
    },
    {
        "time": "Finished",
        "team1": "Al Jabalain",
        "team2": "Al Taee",
        "score": "1 - 1"
    },
    {
        "time": "54 ",
        "team1": "Al Khaleej",
        "team2": "Al Adalh",
        "score": "0 - 0"
    },
    {
        "time": "20:00",
        "team1": "Dundee FC",
        "team2": "Inverness",
        "score": "-"
    },
    {
        "time": "74 ",
        "team1": "Partizan",
        "team2": "Vojvodina",
        "score": "2 - 0"
    },
    {
        "time": "13:30FRO",
        "team1": "Dekedda",
        "team2": "Raadsan",
        "score": "-"
    },
    {
        "time": "74 ",
        "team1": "AmaZulu",
        "team2": "Supersport Utd",
        "score": "1 - 0"
    },
    {
        "time": "73 ",
        "team1": "Maritzburg Utd",
        "team2": "Black Leopards",
        "score": "0 - 0"
    },
    {
        "time": "73 ",
        "team1": "Orlando Pirates",
        "team2": "Bloem Celtic",
        "score": "1 - 0"
    },
    {
        "time": "72 ",
        "team1": "TS Galaxy",
        "team2": "GOALSwallows",
        "score": "0 - 1"
    },
    {
        "time": "14:45FRO",
        "team1": "Ahli Khartoum",
        "team2": "Al Hilal Kadougli",
        "score": "-"
    },
    {
        "time": "14:45FRO",
        "team1": "Hilal El-Fasher",
        "team2": "Al-Hilal Omdurman",
        "score": "-"
    },
    {
        "time": "17:45FRO",
        "team1": "Tuti",
        "team2": "Hilal El Obied",
        "score": "-"
    },
    {
        "time": "19:00",
        "team1": "Aarau",
        "team2": "Thun",
        "score": "-"
    },
    {
        "time": "19:00",
        "team1": "Xamax",
        "team2": "Chiasso",
        "score": "-"
    },
    {
        "time": "20:00",
        "team1": "Lausanne Ouchy",
        "team2": "Grasshoppers",
        "score": "-"
    },
    {
        "time": "20:00",
        "team1": "Schaffhausen",
        "team2": "Kriens",
        "score": "-"
    },
    {
        "time": "20:00",
        "team1": "Wil",
        "team2": "Winterthur",
        "score": "-"
    },
    {
        "time": "Finished",
        "team1": "Buriram",
        "team2": "Trat FC",
        "score": "2 - 0"
    },
    {
        "time": "Finished",
        "team1": "Muang Thong Utd",
        "team2": "Police Tero",
        "score": "1 - 2"
    },
    {
        "time": "Finished",
        "team1": "Slimane",
        "team2": "Ben Guerdane",
        "score": "2 - 2"
    },
    {
        "time": "Finished",
        "team1": "Gaziantep",
        "team2": "Genclerbirligi",
        "score": "2 - 1"
    },
    {
        "time": "33 ",
        "team1": "Yeni Malatyaspor",
        "team2": "Besiktas",
        "score": "0 - 0"
    },
    {
        "time": "Finished",
        "team1": "Busoga",
        "team2": "Kampala City",
        "score": "0 - 4"
    },
    {
        "time": "Finished",
        "team1": "Kyetume",
        "team2": "Villa",
        "score": "0 - 1"
    },
    {
        "time": "Finished",
        "team1": "Airtel Kitara",
        "team2": "Express",
        "score": "0 - 1"
    },
    {
        "time": "Finished",
        "team1": "Onduparaka FC",
        "team2": "BUL",
        "score": "0 - 1"
    },
    {
        "time": "Finished",
        "team1": "UPDF",
        "team2": "URA SC",
        "score": "0 - 1"
    },
    {
        "time": "Finished",
        "team1": "Wakiso Giants",
        "team2": "Myda",
        "score": "2 - 2"
    },
    {
        "time": "After Pen.",
        "team1": "Ittihad Kalba",
        "team2": "Al Nasr",
        "score": "1 - 3(1 - 2)"
    },
    {
        "time": "16 ",
        "team1": "Shabab Al-Ahli Dubai",
        "team2": "Al Wasl",
        "score": "1 - 0"
    },
    {
        "time": "21:00",
        "team1": "Progreso",
        "team2": "Maldonado",
        "score": "-"
    },
    {
        "time": "21:00",
        "team1": "Newtown",
        "team2": "Penybont",
        "score": "-"
    },
    {
        "time": "Finished",
        "team1": "Volyn Lutsk (Ukr)",
        "team2": "Slavia Mozyr (Blr)",
        "score": "0 - 1"
    },
    {
        "time": "18:30",
        "team1": "Orgryte (Swe)",
        "team2": "Lindome (Swe)",
        "score": "-"
    }
]