[
    {
        "team1": "Crystal Palace",
        "score": "0            0",
        "time": "12:00",
        "team2": "Fulham"
    },
    {
        "team1": "Leicester City",
        "score": "1            3",
        "time": "12:00",
        "team2": "Arsenal"
    },
    {
        "team1": "Tottenham Hotspur",
        "score": "4            0",
        "time": "14:00",
        "team2": "Burnley"
    },
    {
        "team1": "Chelsea",
        "score": "0            0",
        "time": "16:30",
        "team2": "Manchester United"
    },
    {
        "team1": "Sheffield United",
        "score": "0            2",
        "time": "19:15",
        "team2": "Liverpool"
    },
    {
        "team1": "Wycombe Wanderers",
        "score": "0            2",
        "time": "12:00",
        "team2": "Norwich City"
    },
    {
        "team1": "Aston Villa Women",
        "score": "0            4",
        "time": "14:00",
        "team2": "Arsenal Women"
    },
    {
        "team1": "Birmingham City Women",
        "score": "0            4",
        "time": "14:00",
        "team2": "Manchester City Women"
    },
    {
        "team1": "Tottenham Hotspur Women",
        "score": "2            3",
        "time": "14:00",
        "team2": "Everton Women"
    },
    {
        "team1": "1. FC Union Berlin",
        "score": "1            1",
        "time": "12:30",
        "team2": "Hoffenheim"
    },
    {
        "team1": "Mainz",
        "score": "0            1",
        "time": "14:30",
        "team2": "FC Augsburg"
    },
    {
        "team1": "Bayer Leverkusen",
        "score": "1            2",
        "time": "17:00",
        "team2": "SC Freiburg"
    },
    {
        "team1": "Livingston",
        "score": "0            1",
        "time": "14:00",
        "team2": "St. Johnstone"
    },
    {
        "team1": "London City Lionesses",
        "score": "0            1",
        "time": "12:00",
        "team2": "Durham Women"
    },
    {
        "team1": "Coventry United Ladies",
        "score": "0            2",
        "time": "14:00",
        "team2": "Charlton Athletic Women"
    },
    {
        "team1": "Leicester City Women",
        "score": "1            0",
        "time": "14:00",
        "team2": "Crystal Palace Women"
    },
    {
        "team1": "Liverpool Women",
        "score": "3            0",
        "time": "14:00",
        "team2": "London Bees"
    },
    {
        "team1": "Sparta Rotterdam",
        "score": "0            2",
        "time": "11:15",
        "team2": "Willem II"
    },
    {
        "team1": "Groningen",
        "score": "1            0",
        "time": "13:30",
        "team2": "Fortuna Sittard"
    },
    {
        "team1": "PSV Eindhoven",
        "score": "1            1",
        "time": "13:30",
        "team2": "Ajax"
    },
    {
        "team1": "AZ Alkmaar",
        "score": "4            2",
        "time": "15:45",
        "team2": "Feyenoord"
    },
    {
        "team1": "Monaco",
        "score": "2            0",
        "time": "12:00",
        "team2": "Brest"
    },
    {
        "team1": "Angers",
        "score": "2            2",
        "time": "14:00",
        "team2": "RC Lens"
    },
    {
        "team1": "Lorient",
        "score": "2            1",
        "time": "14:00",
        "team2": "St Etienne"
    },
    {
        "team1": "Nimes",
        "score": "1            1",
        "time": "14:00",
        "team2": "Nantes"
    },
    {
        "team1": "Reims",
        "score": "0            0",
        "time": "14:00",
        "team2": "Montpellier"
    },
    {
        "team1": "Lille",
        "score": "1            1",
        "time": "16:05",
        "team2": "Strasbourg"
    },
    {
        "team1": "Marseille",
        "score": "1            1",
        "time": "20:00",
        "team2": "Lyon"
    },
    {
        "team1": "Celta Vigo",
        "score": "1            1",
        "time": "13:00",
        "team2": "Real Valladolid"
    },
    {
        "team1": "Cadiz",
        "score": "0            1",
        "time": "15:15",
        "team2": "Real Betis"
    },
    {
        "team1": "Granada",
        "score": "2            1",
        "time": "17:30",
        "team2": "Elche"
    },
    {
        "team1": "Villarreal",
        "score": "0            2",
        "time": "20:00",
        "team2": "Atletico Madrid"
    },
    {
        "team1": "Sampdoria",
        "score": "0            2",
        "time": "11:30",
        "team2": "Atalanta"
    },
    {
        "team1": "Crotone",
        "score": "0            2",
        "time": "14:00",
        "team2": "Cagliari"
    },
    {
        "team1": "Inter Milan",
        "score": "3            0",
        "time": "14:00",
        "team2": "Genoa"
    },
    {
        "team1": "Udinese",
        "score": "1            0",
        "time": "14:00",
        "team2": "Fiorentina"
    },
    {
        "team1": "Napoli",
        "score": "2            0",
        "time": "17:00",
        "team2": "Benevento"
    },
    {
        "team1": "Roma",
        "score": "1            2",
        "time": "19:45",
        "team2": "AC Milan"
    },
    {
        "team1": "Standard Liege",
        "score": "1            3",
        "time": "12:30",
        "team2": "Anderlecht"
    },
    {
        "team1": "KFCO Beerschot-Wilrijk",
        "score": "2            2",
        "time": "15:00",
        "team2": "Mouscron-Peruwelz"
    },
    {
        "team1": "Sint-Truidense VV",
        "score": "0            2",
        "time": "19:45",
        "team2": "KAS Eupen"
    },
    {
        "team1": "Portimonense",
        "score": "0            0",
        "time": "15:00",
        "team2": "Maritimo"
    },
    {
        "team1": "Tondela",
        "score": "1            0",
        "time": "17:30",
        "team2": "Gil Vicente"
    },
    {
        "team1": "Nacional",
        "score": "1            2",
        "time": "20:00",
        "team2": "Braga"
    },
    {
        "team1": "Cracovia",
        "score": "2            4",
        "time": "14:00",
        "team2": "Zaglebie Lubin"
    },
    {
        "team1": "Slask Wroclaw",
        "score": "2            1",
        "time": "16:30",
        "team2": "Pogon Szczecin"
    },
    {
        "team1": "FC Nordsjaelland",
        "score": "2            2",
        "time": "13:00",
        "team2": "Aalborg BK"
    },
    {
        "team1": "OB Odense",
        "score": "2            1",
        "time": "13:00",
        "team2": "Randers FC"
    },
    {
        "team1": "FC Copenhagen",
        "score": "3            3",
        "time": "15:00",
        "team2": "AGF Aarhus"
    },
    {
        "team1": "FC Midtjylland",
        "score": "1            0",
        "time": "17:00",
        "team2": "Brondby"
    },
    {
        "team1": "Aris Salonika",
        "score": "3            0",
        "time": "13:00",
        "team2": "Atromitos Athens"
    },
    {
        "team1": "Larissa FC",
        "score": "1            0",
        "time": "15:15",
        "team2": "Panetolikos"
    },
    {
        "team1": "Panathinaikos",
        "score": "1            1",
        "time": "17:30",
        "team2": "AEK Athens"
    },
    {
        "team1": "Manchester City",
        "score": "2            1",
        "time": "12:30",
        "team2": "West Ham United"
    },
    {
        "team1": "West Bromwich Albion",
        "score": "1            0",
        "time": "15:00",
        "team2": "Brighton and Hove Albion"
    },
    {
        "team1": "Leeds United",
        "score": "0            1",
        "time": "17:30",
        "team2": "Aston Villa"
    },
    {
        "team1": "Newcastle United",
        "score": "1            1",
        "time": "20:00",
        "team2": "Wolverhampton Wanderers"
    },
    {
        "team1": "Bournemouth",
        "score": "1            0",
        "time": "12:30",
        "team2": "Watford"
    },
    {
        "team1": "Barnsley",
        "score": "2            1",
        "time": "15:00",
        "team2": "Millwall"
    },
    {
        "team1": "Birmingham City",
        "score": "2            1",
        "time": "15:00",
        "team2": "Queens Park Rangers"
    },
    {
        "team1": "Blackburn Rovers",
        "score": "1            1",
        "time": "15:00",
        "team2": "Coventry City"
    },
    {
        "team1": "Brentford",
        "score": "2            1",
        "time": "15:00",
        "team2": "Stoke City"
    },
    {
        "team1": "Luton Town",
        "score": "3            2",
        "time": "15:00",
        "team2": "Sheffield Wednesday"
    },
    {
        "team1": "Middlesbrough",
        "score": "1            1",
        "time": "15:00",
        "team2": "Cardiff City"
    },
    {
        "team1": "Preston North End",
        "score": "3            0",
        "time": "15:00",
        "team2": "Huddersfield Town"
    },
    {
        "team1": "Rotherham United",
        "score": "0            1",
        "time": "15:00",
        "team2": "Reading"
    },
    {
        "team1": "Swansea City",
        "score": "1            3",
        "time": "15:00",
        "team2": "Bristol City"
    },
    {
        "team1": "AFC Wimbledon",
        "score": "0            3",
        "time": "15:00",
        "team2": "Hull City"
    },
    {
        "team1": "Bristol Rovers",
        "score": "2            1",
        "time": "15:00",
        "team2": "Shrewsbury Town"
    },
    {
        "team1": "Charlton Athletic",
        "score": "0            3",
        "time": "15:00",
        "team2": "Blackpool"
    },
    {
        "team1": "Crewe Alexandra",
        "score": "2            2",
        "time": "15:00",
        "team2": "Sunderland"
    },
    {
        "team1": "Fleetwood Town",
        "score": "1            1",
        "time": "15:00",
        "team2": "Accrington Stanley"
    },
    {
        "team1": "Ipswich Town",
        "score": "2            1",
        "time": "15:00",
        "team2": "Doncaster Rovers"
    },
    {
        "team1": "Milton Keynes Dons",
        "score": "1            1",
        "time": "15:00",
        "team2": "Oxford United"
    },
    {
        "team1": "Peterborough United",
        "score": "2            1",
        "time": "15:00",
        "team2": "Wigan Athletic"
    },
    {
        "team1": "Plymouth Argyle",
        "score": "4            3",
        "time": "15:00",
        "team2": "Lincoln City"
    },
    {
        "team1": "Portsmouth",
        "score": "1            1",
        "time": "15:00",
        "team2": "Gillingham"
    },
    {
        "team1": "Rochdale",
        "score": "0            2",
        "time": "15:00",
        "team2": "Burton Albion"
    },
    {
        "team1": "Swindon Town",
        "score": "2            1",
        "time": "15:00",
        "team2": "Northampton Town"
    },
    {
        "team1": "Celtic",
        "score": "1            0",
        "time": "15:00",
        "team2": "Aberdeen"
    },
    {
        "team1": "Hibernian",
        "score": "0            2",
        "time": "15:00",
        "team2": "Motherwell"
    },
    {
        "team1": "Kilmarnock",
        "score": "1            1",
        "time": "15:00",
        "team2": "Dundee United"
    },
    {
        "team1": "St Mirren",
        "score": "1            0",
        "time": "15:00",
        "team2": "Ross County"
    },
    {
        "team1": "Crawley Town",
        "score": "2            0",
        "time": "13:00",
        "team2": "Exeter City"
    },
    {
        "team1": "Bolton Wanderers",
        "score": "1            0",
        "time": "15:00",
        "team2": "Barrow"
    },
    {
        "team1": "Carlisle United",
        "score": "1            3",
        "time": "15:00",
        "team2": "Oldham Athletic"
    },
    {
        "team1": "Harrogate Town",
        "score": "1            0",
        "time": "15:00",
        "team2": "Grimsby Town"
    },
    {
        "team1": "Leyton Orient",
        "score": "1            3",
        "time": "15:00",
        "team2": "Tranmere Rovers"
    },
    {
        "team1": "Mansfield Town",
        "score": "1            0",
        "time": "15:00",
        "team2": "Morecambe"
    },
    {
        "team1": "Newport County AFC",
        "score": "0            0",
        "time": "15:00",
        "team2": "Stevenage"
    },
    {
        "team1": "Scunthorpe United",
        "score": "0            2",
        "time": "15:00",
        "team2": "Cheltenham Town"
    },
    {
        "team1": "Southend United",
        "score": "0            0",
        "time": "15:00",
        "team2": "Salford City"
    },
    {
        "team1": "Walsall",
        "score": "1            2",
        "time": "15:00",
        "team2": "Bradford City"
    },
    {
        "team1": "Port Vale",
        "score": "0            1",
        "time": "15:15",
        "team2": "Cambridge United"
    },
    {
        "team1": "Forest Green Rovers",
        "score": "3            0",
        "time": "17:30",
        "team2": "Colchester United"
    },
    {
        "team1": "Bayern Munich",
        "score": "5            1",
        "time": "14:30",
        "team2": "Cologne"
    },
    {
        "team1": "Borussia Dortmund",
        "score": "3            0",
        "time": "14:30",
        "team2": "Arminia Bielefeld"
    },
    {
        "team1": "Stuttgart",
        "score": "5            1",
        "time": "14:30",
        "team2": "Schalke"
    },
    {
        "team1": "Wolfsburg",
        "score": "2            0",
        "time": "14:30",
        "team2": "Hertha Berlin"
    },
    {
        "team1": "RB Leipzig",
        "score": "3            2",
        "time": "17:30",
        "team2": "M'gladbach"
    },
    {
        "team1": "Ayr United",
        "score": "0            1",
        "time": "15:00",
        "team2": "Arbroath"
    },
    {
        "team1": "Morton",
        "score": "2            2",
        "time": "15:00",
        "team2": "Dundee"
    },
    {
        "team1": "Queen Of The South",
        "score": "1            0",
        "time": "15:00",
        "team2": "Dunfermline Athletic"
    },
    {
        "team1": "Raith Rovers",
        "score": "3            1",
        "time": "15:00",
        "team2": "Alloa Athletic"
    },
    {
        "team1": "Boreham Wood",
        "score": "2            2",
        "time": "15:00",
        "team2": "Solihull Moors"
    },
    {
        "team1": "Bromley",
        "score": "3            1",
        "time": "15:00",
        "team2": "Altrincham"
    },
    {
        "team1": "Kings Lynn Town",
        "score": "2            2",
        "time": "15:00",
        "team2": "Weymouth"
    },
    {
        "team1": "Stockport County",
        "score": "2            0",
        "time": "15:00",
        "team2": "Chesterfield"
    },
    {
        "team1": "Wrexham",
        "score": "4            1",
        "time": "15:00",
        "team2": "Wealdstone"
    },
    {
        "team1": "Yeovil Town",
        "score": "1            0",
        "time": "15:00",
        "team2": "Dagenham & Redbridge"
    },
    {
        "team1": "Hartlepool United",
        "score": "1            0",
        "time": "17:20",
        "team2": "Barnet"
    },
    {
        "team1": "Aldershot Town",
        "score": "1            1",
        "time": "15:00",
        "team2": "Hereford FC"
    },
    {
        "team1": "Darlington",
        "score": "1            2",
        "time": "15:00",
        "team2": "Hornchurch"
    },
    {
        "team1": "Notts County",
        "score": "3            1",
        "time": "15:00",
        "team2": "Oxford City"
    },
    {
        "team1": "Woking",
        "score": "1            0",
        "time": "15:00",
        "team2": "Torquay United"
    },
    {
        "team1": "FC Utrecht",
        "score": "0            1",
        "time": "15:30",
        "team2": "Emmen"
    },
    {
        "team1": "ADO Den Haag",
        "score": "0            0",
        "time": "17:45",
        "team2": "RKC Waalwijk"
    },
    {
        "team1": "Vitesse Arnhem",
        "score": "4            1",
        "time": "19:00",
        "team2": "VVV-Venlo"
    },
    {
        "team1": "Heracles Almelo",
        "score": "2            2",
        "time": "20:00",
        "team2": "FC Twente"
    },
    {
        "team1": "Bordeaux",
        "score": "1            2",
        "time": "12:00",
        "team2": "Metz"
    },
    {
        "team1": "Dijon",
        "score": "0            4",
        "time": "16:00",
        "team2": "Paris Saint-Germain"
    },
    {
        "team1": "Eibar",
        "score": "1            1",
        "time": "13:00",
        "team2": "SD Huesca"
    },
    {
        "team1": "Sevilla",
        "score": "0            2",
        "time": "15:15",
        "team2": "Barcelona"
    },
    {
        "team1": "Alaves",
        "score": "0            1",
        "time": "17:30",
        "team2": "Osasuna"
    },
    {
        "team1": "Getafe",
        "score": "3            0",
        "time": "20:00",
        "team2": "Valencia"
    },
    {
        "team1": "Spezia",
        "score": "2            2",
        "time": "14:00",
        "team2": "Parma"
    },
    {
        "team1": "Bologna",
        "score": "2            0",
        "time": "17:00",
        "team2": "Lazio"
    },
    {
        "team1": "Verona",
        "score": "1            1",
        "time": "19:45",
        "team2": "Juventus"
    },
    {
        "team1": "Jagiellonia Bialystok",
        "score": "0            1",
        "time": "16:30",
        "team2": "Piast Gliwice"
    },
    {
        "team1": "Gornik Zabrze",
        "score": "1            2",
        "time": "19:00",
        "team2": "Legia Warsaw"
    },
    {
        "team1": "Cercle Brugge KSV",
        "score": "2            0",
        "time": "15:15",
        "team2": "Waasland Beveren"
    },
    {
        "team1": "KV Oostende",
        "score": "2            0",
        "time": "17:30",
        "team2": "Mechelen"
    },
    {
        "team1": "KV Kortrijk",
        "score": "1            2",
        "time": "19:45",
        "team2": "Zulte-Waregem"
    },
    {
        "team1": "FC Famalicao",
        "score": "0            0",
        "time": "15:30",
        "team2": "SC Farense"
    },
    {
        "team1": "Santa Clara",
        "score": "3            0",
        "time": "18:00",
        "team2": "Pacos Ferreira"
    },
    {
        "team1": "FC Porto",
        "score": "0            0",
        "time": "20:30",
        "team2": "Sporting Lisbon"
    },
    {
        "team1": "Cosenza",
        "score": "1            0",
        "time": "13:00",
        "team2": "Chievo"
    },
    {
        "team1": "Cremonese",
        "score": "4            0",
        "time": "13:00",
        "team2": "Frosinone"
    },
    {
        "team1": "Pescara",
        "score": "1            1",
        "time": "13:00",
        "team2": "Lecce"
    },
    {
        "team1": "Pisa",
        "score": "2            2",
        "time": "13:00",
        "team2": "Vicenza"
    },
    {
        "team1": "Pordenone",
        "score": "1            1",
        "time": "13:00",
        "team2": "Ascoli"
    },
    {
        "team1": "Spal",
        "score": "1            4",
        "time": "13:00",
        "team2": "Reggina"
    },
    {
        "team1": "Monza",
        "score": "0            0",
        "time": "15:00",
        "team2": "Cittadella"
    },
    {
        "team1": "Virtus Entella",
        "score": "1            1",
        "time": "17:00",
        "team2": "Brescia"
    },
    {
        "team1": "Apollon Smyrnis",
        "score": "2            1",
        "time": "15:15",
        "team2": "OFI"
    },
    {
        "team1": "Asteras Tripoli",
        "score": "2            1",
        "time": "17:30",
        "team2": "PAOK Salonika"
    },
    {
        "team1": "Puskas FC",
        "score": "1            2",
        "time": "16:00",
        "team2": "Budapest Honved"
    },
    {
        "team1": "MTK Budapest",
        "score": "2            2",
        "time": "18:30",
        "team2": "Ferencvaros"
    },
    {
        "team1": "Carrick Rangers",
        "score": "0            1",
        "time": "15:00",
        "team2": "Cliftonville"
    },
    {
        "team1": "Coleraine",
        "score": "2            1",
        "time": "15:00",
        "team2": "Warrenpoint Town"
    },
    {
        "team1": "Crusaders",
        "score": "0            1",
        "time": "15:00",
        "team2": "Glenavon"
    },
    {
        "team1": "Portadown",
        "score": "1            2",
        "time": "15:00",
        "team2": "Ballymena United"
    },
    {
        "team1": "Dungannon Swifts",
        "score": "0            1",
        "time": "17:30",
        "team2": "Glentoran"
    },
    {
        "team1": "Derby County",
        "score": "1            1",
        "time": "19:45",
        "team2": "Nottingham Forest"
    },
    {
        "team1": "Werder Bremen",
        "score": "2            1",
        "time": "19:30",
        "team2": "Eintracht Frankfurt"
    },
    {
        "team1": "Inverness CT",
        "score": "1            1",
        "time": "19:45",
        "team2": "Hearts"
    },
    {
        "team1": "PEC Zwolle",
        "score": "4            1",
        "time": "19:00",
        "team2": "Heerenveen"
    },
    {
        "team1": "Rennes",
        "score": "1            2",
        "time": "20:00",
        "team2": "Nice"
    },
    {
        "team1": "Levante",
        "score": "1            1",
        "time": "20:00",
        "team2": "Athletic Bilbao"
    },
    {
        "team1": "Charleroi",
        "score": "1            2",
        "time": "19:45",
        "team2": "Genk"
    },
    {
        "team1": "Vitoria de Guimaraes",
        "score": "2            1",
        "time": "20:30",
        "team2": "Boavista"
    },
    {
        "team1": "Diosgyor VTK",
        "score": "2            2",
        "time": "19:00",
        "team2": "Mezokovesd Zsory"
    },
    {
        "team1": "Reggiana",
        "score": "0            0",
        "time": "18:00",
        "team2": "Salernitana"
    },
    {
        "team1": "Empoli",
        "score": "1            1",
        "time": "20:00",
        "team2": "Venezia"
    },
    {
        "team1": "Linfield",
        "score": "2            1",
        "time": "19:45",
        "team2": "Larne"
    },
    {
        "team1": "Ajax",
        "score": "2            1",
        "time": "17:55",
        "team2": "Lille"
    },
    {
        "team1": "Arsenal",
        "score": "3            2",
        "time": "17:55",
        "team2": "Benfica"
    },
    {
        "team1": "Hoffenheim",
        "score": "0            2",
        "time": "17:55",
        "team2": "Molde"
    },
    {
        "team1": "Napoli",
        "score": "2            1",
        "time": "17:55",
        "team2": "Granada"
    },
    {
        "team1": "Rangers",
        "score": "5            2",
        "time": "17:55",
        "team2": "Antwerp"
    },
    {
        "team1": "Shakhtar Donetsk",
        "score": "1            0",
        "time": "17:55",
        "team2": "Maccabi Tel Aviv"
    },
    {
        "team1": "Villarreal",
        "score": "2            1",
        "time": "17:55",
        "team2": "Red Bull Salzburg"
    },
    {
        "team1": "AC Milan",
        "score": "1            1",
        "time": "20:00",
        "team2": "Crvena Zvezda"
    },
    {
        "team1": "Bayer Leverkusen",
        "score": "0            2",
        "time": "20:00",
        "team2": "BSC Young Boys Bern"
    },
    {
        "team1": "Club Brugge",
        "score": "0            1",
        "time": "20:00",
        "team2": "Dynamo Kiev"
    },
    {
        "team1": "Dinamo Zagreb",
        "score": "1            0",
        "time": "20:00",
        "team2": "Krasnodar"
    },
    {
        "team1": "Leicester City",
        "score": "0            2",
        "time": "20:00",
        "team2": "Slavia Prague"
    },
    {
        "team1": "Manchester United",
        "score": "0            0",
        "time": "20:00",
        "team2": "Real Sociedad"
    },
    {
        "team1": "PSV Eindhoven",
        "score": "2            1",
        "time": "20:00",
        "team2": "Olympiakos FC"
    },
    {
        "team1": "Roma",
        "score": "3            1",
        "time": "20:00",
        "team2": "Braga"
    },
    {
        "team1": "USA Women",
        "score": "6            0",
        "time": "00:00",
        "team2": "Argentina Women"
    },
    {
        "team1": "Romorantin",
        "score": "2            0",
        "time": "13:00",
        "team2": "Mtsapéré"
    },
    {
        "team1": "Atalanta",
        "score": "0            1",
        "time": "20:00",
        "team2": "Real Madrid"
    },
    {
        "team1": "M'gladbach",
        "score": "0            2",
        "time": "20:00",
        "team2": "Manchester City"
    },
    {
        "team1": "Barnsley",
        "score": "2            0",
        "time": "19:00",
        "team2": "Stoke City"
    },
    {
        "team1": "Brentford",
        "score": "3            0",
        "time": "19:00",
        "team2": "Sheffield Wednesday"
    },
    {
        "team1": "Swansea City",
        "score": "1            0",
        "time": "19:00",
        "team2": "Coventry City"
    },
    {
        "team1": "Blackburn Rovers",
        "score": "2            3",
        "time": "19:45",
        "team2": "Watford"
    },
    {
        "team1": "Bournemouth",
        "score": "1            2",
        "time": "19:45",
        "team2": "Cardiff City"
    },
    {
        "team1": "Preston North End",
        "score": "0            0",
        "time": "19:45",
        "team2": "Queens Park Rangers"
    },
    {
        "team1": "Walsall",
        "score": "0            1",
        "time": "17:30",
        "team2": "Newport County AFC"
    },
    {
        "team1": "Forest Green Rovers",
        "score": "1            3",
        "time": "18:00",
        "team2": "Southend United"
    },
    {
        "team1": "St Mirren",
        "score": "0            0",
        "time": "18:00",
        "team2": "Motherwell"
    },
    {
        "team1": "Tottenham Hotspur",
        "score": "4            0",
        "time": "17:00",
        "team2": "RZ Pellets WAC"
    },
    {
        "team1": "Holland Women",
        "score": "2            1",
        "time": "17:30",
        "team2": "Germany Women"
    },
    {
        "team1": "Canada Women",
        "score": "0            2",
        "time": "21:00",
        "team2": "Brazil Women"
    },
    {
        "team1": "Willem II",
        "score": "1            1",
        "time": "15:30",
        "team2": "ADO Den Haag"
    },
    {
        "team1": "Groningen",
        "score": "0            0",
        "time": "17:45",
        "team2": "Feyenoord"
    },
    {
        "team1": "Nimes",
        "score": "1            0",
        "time": "18:00",
        "team2": "Lorient"
    },
    {
        "team1": "Barcelona",
        "score": "3            0",
        "time": "18:00",
        "team2": "Elche"
    }
]