[
    {
        "time": "19:00",
        "team1": "Chelsea",
        "team2": "Everton",
        "score": "-"
    },
    {
        "time": "21:00",
        "team1": "West Ham",
        "team2": "Leeds",
        "score": "-"
    },
    {
        "time": "20:45",
        "team1": "Inter",
        "team2": "Atalanta",
        "score": "-"
    },
    {
        "time": "21:00",
        "team1": "Betis",
        "team2": "Alaves",
        "score": "-"
    },
    {
        "time": "01:30",
        "team1": "Velez Sarsfield",
        "team2": "Boca Juniors",
        "score": "-"
    },
    {
        "time": "23:15",
        "team1": "Racing Club",
        "team2": "Rosario Central",
        "score": "-"
    },
    {
        "time": "12:00",
        "team1": "Noah",
        "team2": "Lori",
        "score": "-"
    },
    {
        "time": "09:05",
        "team1": "Central Coast Mariners",
        "team2": "Macarthur FC",
        "score": "-"
    },
    {
        "time": "11:35",
        "team1": "Perth W",
        "team2": "Newcastle W",
        "score": "-"
    },
    {
        "time": "13:00",
        "team1": "Sabah Baku",
        "team2": "Sumqayit",
        "score": "-"
    },
    {
        "time": "15:15",
        "team1": "Neftci Baku",
        "team2": "Keshla",
        "score": "-"
    },
    {
        "time": "14:55",
        "team1": "Al Riffa",
        "team2": "East Riffa",
        "score": "-"
    },
    {
        "time": "14:55",
        "team1": "Malkia",
        "team2": "Busaiteen",
        "score": "-"
    },
    {
        "time": "17:30",
        "team1": "Al-Najma",
        "team2": "Manama Club",
        "score": "-"
    },
    {
        "time": "20:45",
        "team1": "Gent",
        "team2": "Oostende",
        "score": "-"
    },
    {
        "time": "19:30FRO",
        "team1": "Capital",
        "team2": "Luziania",
        "score": "-"
    },
    {
        "time": "22:00",
        "team1": "Novo Hamburgo",
        "team2": "Juventude",
        "score": "-"
    },
    {
        "time": "19:30FRO",
        "team1": "Sao Jose MA",
        "team2": "IAPE",
        "score": "-"
    },
    {
        "time": "00:00FRO",
        "team1": "Pocone",
        "team2": "Gremio Sorriso",
        "score": "-"
    },
    {
        "time": "00:30",
        "team1": "Atletico-MG",
        "team2": "Uberlandia",
        "score": "-"
    },
    {
        "time": "21:00",
        "team1": "Santo Andre",
        "team2": "Sao Caetano",
        "score": "-"
    },
    {
        "time": "19:00",
        "team1": "Santa Cruz de Natal",
        "team2": "CE Forca E Luz",
        "score": "-"
    },
    {
        "time": "00:00",
        "team1": "Confianca",
        "team2": "CSA",
        "score": "-"
    },
    {
        "time": "16:30",
        "team1": "Tsarsko Selo",
        "team2": "Slavia Sofia",
        "score": "-"
    },
    {
        "time": "02:00",
        "team1": "Chico",
        "team2": "Deportes Tolima",
        "score": "-"
    },
    {
        "time": "00:30",
        "team1": "Real San Andres",
        "team2": "Boca Juniors",
        "score": "-"
    },
    {
        "time": "01:00",
        "team1": "San Carlos",
        "team2": "ADR Jicaral",
        "score": "-"
    },
    {
        "time": "16:00",
        "team1": "Achnas",
        "team2": "Doxa",
        "score": "-"
    },
    {
        "time": "18:00",
        "team1": "Apollon",
        "team2": "AEL Limassol",
        "score": "-"
    },
    {
        "time": "14:30",
        "team1": "Dukla Prague",
        "team2": "Usti nad Labem",
        "score": "-"
    },
    {
        "time": "19:00",
        "team1": "Aalborg",
        "team2": "Sonderjyske",
        "score": "-"
    },
    {
        "time": "00:00",
        "team1": "Guayaquil City",
        "team2": "Barcelona SC",
        "score": "-"
    },
    {
        "time": "13:30",
        "team1": "Petrojet",
        "team2": "FC Coca Cola",
        "score": "-"
    },
    {
        "time": "13:00",
        "team1": "Swansea U23",
        "team2": "Ipswich U23",
        "score": "-"
    },
    {
        "time": "14:00",
        "team1": "Sheffield Utd U23",
        "team2": "Coventry U23",
        "score": "-"
    },
    {
        "time": "20:00",
        "team1": "Hull U23",
        "team2": "Barnsley U23",
        "score": "-"
    },
    {
        "time": "13:00",
        "team1": "Blackburn U23",
        "team2": "Southampton U23",
        "score": "-"
    },
    {
        "time": "14:00",
        "team1": "Manchester City U23",
        "team2": "West Ham U23",
        "score": "-"
    },
    {
        "time": "14:00",
        "team1": "Sunderland U23",
        "team2": "Newcastle Utd U23",
        "score": "-"
    },
    {
        "time": "14:00",
        "team1": "West Brom U23",
        "team2": "Burnley U23",
        "score": "-"
    },
    {
        "time": "21:15",
        "team1": "Bristol City W",
        "team2": "Reading W",
        "score": "-"
    },
    {
        "time": "21:00",
        "team1": "Nice",
        "team2": "Monaco",
        "score": "-"
    },
    {
        "time": "17:00FRO",
        "team1": "Gamtel",
        "team2": "Elite United",
        "score": "-"
    },
    {
        "time": "10:00",
        "team1": "Chikhura",
        "team2": "Gagra",
        "score": "-"
    },
    {
        "time": "12:00",
        "team1": "WIT Georgia",
        "team2": "Shevardeni Tbilisi",
        "score": "-"
    },
    {
        "time": "20:30",
        "team1": "Hamburger SV",
        "team2": "Holstein Kiel",
        "score": "-"
    },
    {
        "time": "19:00",
        "team1": "Ingolstadt",
        "team2": "Turkgucu Munchen",
        "score": "-"
    },
    {
        "time": "18:30",
        "team1": "AEK Athens FC",
        "team2": "Smyrnis",
        "score": "-"
    },
    {
        "time": "00:00",
        "team1": "Platense",
        "team2": "Vida",
        "score": "-"
    },
    {
        "time": "01:00",
        "team1": "Olimpia",
        "team2": "Real Espana",
        "score": "-"
    },
    {
        "time": "15:00",
        "team1": "Mumbai City",
        "team2": "Goa",
        "score": "-"
    },
    {
        "time": "12:15",
        "team1": "Chooka Talesh",
        "team2": "Arman Gohar",
        "score": "-"
    },
    {
        "time": "12:15",
        "team1": "Fajr Sepasi",
        "team2": "Gol Reyhan Alborz",
        "score": "-"
    },
    {
        "time": "18:00",
        "team1": "Ashdod",
        "team2": "Hapoel Hadera",
        "score": "-"
    },
    {
        "time": "19:45",
        "team1": "Maccabi Tel Aviv",
        "team2": "Beitar Jerusalem",
        "score": "-"
    },
    {
        "time": "18:00",
        "team1": "H. Ironi Rishon",
        "team2": "Hapoel Jerusalem",
        "score": "-"
    },
    {
        "time": "18:00",
        "team1": "H. Raanana",
        "team2": "Hapoel Iksal Imad",
        "score": "-"
    },
    {
        "time": "18:00",
        "team1": "Ramat Hasharon",
        "team2": "H. Akko",
        "score": "-"
    },
    {
        "time": "13:00",
        "team1": "H. Migdal HaEmek",
        "team2": "Tayibe",
        "score": "-"
    },
    {
        "time": "19:00",
        "team1": "Chievo",
        "team2": "L.R. Vicenza",
        "score": "-"
    },
    {
        "time": "21:00",
        "team1": "Mantova",
        "team2": "Sudtirol",
        "score": "-"
    },
    {
        "time": "13:00",
        "team1": "Gor Mahia",
        "team2": "KCB",
        "score": "-"
    },
    {
        "time": "13:00",
        "team1": "Mathare Utd.",
        "team2": "Kakamega Homeboyz",
        "score": "-"
    },
    {
        "time": "13:00",
        "team1": "Zoo",
        "team2": "Vihiga United",
        "score": "-"
    },
    {
        "time": "16:20",
        "team1": "Al Qadisiya",
        "team2": "Al Kuwait",
        "score": "-"
    },
    {
        "time": "02:06",
        "team1": "Santos Laguna",
        "team2": "Necaxa",
        "score": "-"
    },
    {
        "time": "04:00",
        "team1": "U.N.A.M.- Pumas",
        "team2": "Cruz Azul",
        "score": "-"
    },
    {
        "time": "00:00",
        "team1": "Atlante",
        "team2": "Tepatitlan de Morelos",
        "score": "-"
    },
    {
        "time": "23:00FRO",
        "team1": "Reboceros de La Piedad",
        "team2": "Mineros de Fresnillo",
        "score": "-"
    },
    {
        "time": "00:00",
        "team1": "Atl. San Luis W",
        "team2": "Club America W",
        "score": "-"
    },
    {
        "time": "22:45",
        "team1": "Toluca W",
        "team2": "Juarez W",
        "score": "-"
    },
    {
        "time": "11:30",
        "team1": "Sf.Gheorghe",
        "team2": "Floresti",
        "score": "-"
    },
    {
        "time": "18:45",
        "team1": "Jong Ajax",
        "team2": "Den Bosch",
        "score": "-"
    },
    {
        "time": "21:00",
        "team1": "Jong AZ",
        "team2": "Breda",
        "score": "-"
    },
    {
        "time": "01:00",
        "team1": "Diriangen",
        "team2": "Chinandega",
        "score": "-"
    },
    {
        "time": "01:00",
        "team1": "Jalapa",
        "team2": "Juventus Managua",
        "score": "-"
    },
    {
        "time": "00:00",
        "team1": "Tauro",
        "team2": "Miguelito",
        "score": "-"
    },
    {
        "time": "18:00",
        "team1": "Warta Poznan",
        "team2": "Wisla Plock",
        "score": "-"
    },
    {
        "time": "21:15",
        "team1": "Belenenses",
        "team2": "Benfica",
        "score": "-"
    },
    {
        "time": "16:00",
        "team1": "CD Cova da Piedade",
        "team2": "Academico Viseu",
        "score": "-"
    },
    {
        "time": "16:00",
        "team1": "FC Porto B",
        "team2": "Casa Pia",
        "score": "-"
    },
    {
        "time": "17:00",
        "team1": "Benfica B",
        "team2": "Arouca",
        "score": "-"
    },
    {
        "time": "19:00",
        "team1": "Vilafranquense",
        "team2": "Covilha",
        "score": "-"
    },
    {
        "time": "21:00",
        "team1": "Varzim",
        "team2": "Leixoes",
        "score": "-"
    },
    {
        "time": "16:30",
        "team1": "FC Arges",
        "team2": "Poli Iasi",
        "score": "-"
    },
    {
        "time": "19:30",
        "team1": "FC Voluntari",
        "team2": "Din. Bucuresti",
        "score": "-"
    },
    {
        "time": "14:30",
        "team1": "Comuna Recea",
        "team2": "U. Cluj",
        "score": "-"
    },
    {
        "time": "12:00",
        "team1": "Arsenal Tula",
        "team2": "Lokomotiv Moscow",
        "score": "-"
    },
    {
        "time": "14:30",
        "team1": "Rubin Kazan",
        "team2": "Zenit",
        "score": "-"
    },
    {
        "time": "16:00",
        "team1": "Backa",
        "team2": "Mladost",
        "score": "-"
    },
    {
        "time": "18:05",
        "team1": "Zlatibor Cajetina",
        "team2": "Napredak",
        "score": "-"
    },
    {
        "time": "13:30FRO",
        "team1": "Raadsan",
        "team2": "Heegan",
        "score": "-"
    },
    {
        "time": "21:00",
        "team1": "Corinthians W",
        "team2": "U. de Deportes W",
        "score": "-"
    },
    {
        "time": "21:00",
        "team1": "S. Morning W",
        "team2": "Avai Kindermann W",
        "score": "-"
    },
    {
        "time": "23:30",
        "team1": "Boca Juniors W",
        "team2": "Deportivo Tropico W",
        "score": "-"
    },
    {
        "time": "23:30",
        "team1": "EL Nacional W",
        "team2": "America de Cali W",
        "score": "-"
    },
    {
        "time": "19:00",
        "team1": "Alcorcon",
        "team2": "Mirandes",
        "score": "-"
    },
    {
        "time": "21:00",
        "team1": "Lugo",
        "team2": "Fuenlabrada",
        "score": "-"
    },
    {
        "time": "12:00",
        "team1": "Mbeya City",
        "team2": "Dodoma Jiji",
        "score": "-"
    },
    {
        "time": "14:00",
        "team1": "Ihefu",
        "team2": "Biashara Mara United",
        "score": "-"
    },
    {
        "time": "14:00",
        "team1": "Antalyaspor",
        "team2": "Kasimpasa",
        "score": "-"
    },
    {
        "time": "14:00",
        "team1": "Trabzonspor",
        "team2": "Alanyaspor",
        "score": "-"
    },
    {
        "time": "17:00",
        "team1": "Goztepe",
        "team2": "Erzurum BB",
        "score": "-"
    },
    {
        "time": "17:00",
        "team1": "Konyaspor",
        "team2": "Fenerbahce",
        "score": "-"
    },
    {
        "time": "17:00",
        "team1": "Adanaspor AS",
        "team2": "Balikesirspor",
        "score": "-"
    },
    {
        "time": "13:00",
        "team1": "Dnipro-1",
        "team2": "Oleksandriya",
        "score": "-"
    },
    {
        "time": "01:45",
        "team1": "Nacional",
        "team2": "Defensor Sp.",
        "score": "-"
    },
    {
        "time": "20:30",
        "team1": "Rentistas",
        "team2": "Progreso",
        "score": "-"
    },
    {
        "time": "22:45",
        "team1": "Maldonado",
        "team2": "Fenix",
        "score": "-"
    },
    {
        "time": "12:00",
        "team1": "KTP (Fin)",
        "team2": "Mariehamn (Fin)",
        "score": "-"
    }
]